10:13:49.905 [background-preinit] INFO  o.h.validator.internal.util.Version - HV000001: Hibernate Validator 8.0.1.Final
10:13:49.984 [main] INFO  c.p.c.ContactsdemoApplication - Starting ContactsdemoApplication using Java 17.0.12 with PID 34612 (C:\Ayse Ceren - crud projects\contactsdemo\build\classes\java\main started by 16381136672 in C:\Ayse Ceren - crud projects\contactsdemo)
10:13:49.986 [main] INFO  c.p.c.ContactsdemoApplication - No active profile set, falling back to 1 default profile: "default"
10:13:51.300 [main] INFO  o.s.d.r.c.RepositoryConfigurationDelegate - Bootstrapping Spring Data JPA repositories in DEFAULT mode.
10:13:51.395 [main] INFO  o.s.d.r.c.RepositoryConfigurationDelegate - Finished Spring Data repository scanning in 87 ms. Found 2 JPA repository interfaces.
10:13:52.035 [main] INFO  o.s.b.w.e.tomcat.TomcatWebServer - Tomcat initialized with port 8080 (http)
10:13:52.054 [main] INFO  o.a.coyote.http11.Http11NioProtocol - Initializing ProtocolHandler ["http-nio-8080"]
10:13:52.057 [main] INFO  o.a.catalina.core.StandardService - Starting service [Tomcat]
10:13:52.057 [main] INFO  o.a.catalina.core.StandardEngine - Starting Servlet engine: [Apache Tomcat/10.1.25]
10:13:52.156 [main] INFO  o.a.c.c.C.[Tomcat].[localhost].[/] - Initializing Spring embedded WebApplicationContext
10:13:52.156 [main] INFO  o.s.b.w.s.c.ServletWebServerApplicationContext - Root WebApplicationContext: initialization completed in 2096 ms
10:13:52.338 [main] INFO  o.h.jpa.internal.util.LogHelper - HHH000204: Processing PersistenceUnitInfo [name: default]
10:13:52.405 [main] INFO  org.hibernate.Version - HHH000412: Hibernate ORM core version 6.4.9.Final
10:13:52.462 [main] INFO  o.h.c.i.RegionFactoryInitiator - HHH000026: Second-level cache disabled
10:13:52.748 [main] INFO  o.s.o.j.p.SpringPersistenceUnitInfo - No LoadTimeWeaver setup: ignoring JPA class transformer
10:13:52.781 [main] INFO  com.zaxxer.hikari.HikariDataSource - HikariPool-1 - Starting...
10:13:52.966 [main] INFO  com.zaxxer.hikari.pool.HikariPool - HikariPool-1 - Added connection org.postgresql.jdbc.PgConnection@138a85d3
10:13:52.969 [main] INFO  com.zaxxer.hikari.HikariDataSource - HikariPool-1 - Start completed.
10:13:53.014 [main] WARN  org.hibernate.orm.deprecation - HHH90000025: PostgreSQLDialect does not need to be specified explicitly using 'hibernate.dialect' (remove the property setting and it will be selected by default)
10:13:54.692 [main] INFO  o.s.o.j.LocalContainerEntityManagerFactoryBean - Initialized JPA EntityManagerFactory for persistence unit 'default'
10:13:55.039 [main] WARN  o.s.b.a.o.j.JpaBaseConfiguration$JpaWebConfiguration - spring.jpa.open-in-view is enabled by default. Therefore, database queries may be performed during view rendering. Explicitly configure spring.jpa.open-in-view to disable this warning
10:13:55.843 [main] INFO  o.s.d.j.r.query.QueryEnhancerFactory - Hibernate is in classpath; If applicable, HQL parser will be used.
10:13:56.443 [main] INFO  o.a.coyote.http11.Http11NioProtocol - Starting ProtocolHandler ["http-nio-8080"]
10:13:56.492 [main] INFO  o.s.b.w.e.tomcat.TomcatWebServer - Tomcat started on port 8080 (http) with context path ''
10:13:56.503 [main] INFO  c.p.c.ContactsdemoApplication - Started ContactsdemoApplication in 7.184 seconds (process running for 8.662)
11:05:45.078 [http-nio-8080-exec-1] INFO  o.a.c.c.C.[Tomcat].[localhost].[/] - Initializing Spring DispatcherServlet 'dispatcherServlet'
11:05:45.078 [http-nio-8080-exec-1] INFO  o.s.web.servlet.DispatcherServlet - Initializing Servlet 'dispatcherServlet'
11:05:45.094 [http-nio-8080-exec-1] INFO  o.s.web.servlet.DispatcherServlet - Completed initialization in 16 ms
11:05:45.103 [http-nio-8080-exec-1] INFO  c.p.c.f.HeadersLoggingFilter - Header host=0:0:0:0:0:0:0:1, IP = host
11:05:45.103 [http-nio-8080-exec-1] INFO  c.p.c.f.HeadersLoggingFilter - Header user-agent=0:0:0:0:0:0:0:1, IP = user-agent
11:05:45.103 [http-nio-8080-exec-1] INFO  c.p.c.f.HeadersLoggingFilter - Header accept=0:0:0:0:0:0:0:1, IP = accept
11:05:45.103 [http-nio-8080-exec-1] INFO  c.p.c.loggingfilter.LoggingFilter - Request: Method=GET, URI=/api/getAllPerson, Headers=host=localhost:8080; user-agent=curl/8.10.1; accept=*/*; , Request ID: 8ea092e6-95f4-4d7a-84cb-d8c7c462f915, Request IP  =0:0:0:0:0:0:0:1
11:05:45.126 [http-nio-8080-exec-1] INFO  c.p.c.l.LoggingInterceptor - Request: GET /api/getAllPerson
11:05:45.380 [http-nio-8080-exec-1] INFO  c.p.c.l.LoggingInterceptor - Respone 200 /api/getAllPerson
11:05:45.380 [http-nio-8080-exec-1] INFO  c.p.c.loggingfilter.LoggingFilter - Response: Status=200, URI=/api/getAllPerson, Duration (Response Time)=277ms, Headers=[Content-Type, Transfer-Encoding, Date], Payload = org.apache.catalina.connector.ResponseFacade@3fa7b6a9
11:06:11.848 [http-nio-8080-exec-2] INFO  c.p.c.f.HeadersLoggingFilter - Header host=0:0:0:0:0:0:0:1, IP = host
11:06:11.848 [http-nio-8080-exec-2] INFO  c.p.c.f.HeadersLoggingFilter - Header user-agent=0:0:0:0:0:0:0:1, IP = user-agent
11:06:11.848 [http-nio-8080-exec-2] INFO  c.p.c.f.HeadersLoggingFilter - Header accept=0:0:0:0:0:0:0:1, IP = accept
11:06:11.848 [http-nio-8080-exec-2] INFO  c.p.c.loggingfilter.LoggingFilter - Request: Method=GET, URI=/api/get, Headers=host=localhost:8080; user-agent=curl/8.10.1; accept=*/*; , Request ID: 591d1cfb-3f12-4d5c-97cf-2a4b1661725e, Request IP  =0:0:0:0:0:0:0:1
11:06:11.852 [http-nio-8080-exec-2] INFO  c.p.c.l.LoggingInterceptor - Request: GET /api/get
11:06:11.857 [http-nio-8080-exec-2] INFO  c.p.c.l.LoggingInterceptor - Respone 404 /api/get
11:06:11.857 [http-nio-8080-exec-2] INFO  c.p.c.loggingfilter.LoggingFilter - Response: Status=404, URI=/api/get, Duration (Response Time)=9ms, Headers=[Vary, Vary, Vary], Payload = org.apache.catalina.connector.ResponseFacade@28472790
11:06:11.863 [http-nio-8080-exec-2] INFO  c.p.c.l.LoggingInterceptor - Request: GET /error
11:06:11.874 [http-nio-8080-exec-2] INFO  c.p.c.l.LoggingInterceptor - Respone 404 /error
11:06:23.586 [http-nio-8080-exec-4] INFO  c.p.c.f.HeadersLoggingFilter - Header host=0:0:0:0:0:0:0:1, IP = host
11:06:23.586 [http-nio-8080-exec-4] INFO  c.p.c.f.HeadersLoggingFilter - Header user-agent=0:0:0:0:0:0:0:1, IP = user-agent
11:06:23.586 [http-nio-8080-exec-4] INFO  c.p.c.f.HeadersLoggingFilter - Header accept=0:0:0:0:0:0:0:1, IP = accept
11:06:23.586 [http-nio-8080-exec-4] INFO  c.p.c.loggingfilter.LoggingFilter - Request: Method=GET, URI=/api/get, Headers=host=localhost:8080; user-agent=curl/8.10.1; accept=*/*; , Request ID: 94365e65-f01e-4060-9a4a-0a424bd651e0, Request IP  =0:0:0:0:0:0:0:1
11:06:23.586 [http-nio-8080-exec-4] INFO  c.p.c.l.LoggingInterceptor - Request: GET /api/get
11:06:23.586 [http-nio-8080-exec-4] INFO  c.p.c.l.LoggingInterceptor - Respone 404 /api/get
11:06:23.586 [http-nio-8080-exec-4] INFO  c.p.c.loggingfilter.LoggingFilter - Response: Status=404, URI=/api/get, Duration (Response Time)=0ms, Headers=[Vary, Vary, Vary], Payload = org.apache.catalina.connector.ResponseFacade@6d9039a9
11:06:23.586 [http-nio-8080-exec-4] INFO  c.p.c.l.LoggingInterceptor - Request: GET /error
11:06:23.586 [http-nio-8080-exec-4] INFO  c.p.c.l.LoggingInterceptor - Respone 404 /error
11:07:06.213 [http-nio-8080-exec-6] INFO  c.p.c.f.HeadersLoggingFilter - Header host=0:0:0:0:0:0:0:1, IP = host
11:07:06.213 [http-nio-8080-exec-6] INFO  c.p.c.f.HeadersLoggingFilter - Header user-agent=0:0:0:0:0:0:0:1, IP = user-agent
11:07:06.213 [http-nio-8080-exec-6] INFO  c.p.c.f.HeadersLoggingFilter - Header accept=0:0:0:0:0:0:0:1, IP = accept
11:07:06.213 [http-nio-8080-exec-6] INFO  c.p.c.loggingfilter.LoggingFilter - Request: Method=GET, URI=/api/get, Headers=host=localhost:8080; user-agent=curl/8.10.1; accept=*/*; , Request ID: 9d714a8a-5d7d-4d06-9999-dbfe7327fceb, Request IP  =0:0:0:0:0:0:0:1
11:07:06.214 [http-nio-8080-exec-6] INFO  c.p.c.l.LoggingInterceptor - Request: GET /api/get
11:07:06.216 [http-nio-8080-exec-6] INFO  c.p.c.l.LoggingInterceptor - Respone 404 /api/get
11:07:06.216 [http-nio-8080-exec-6] INFO  c.p.c.loggingfilter.LoggingFilter - Response: Status=404, URI=/api/get, Duration (Response Time)=3ms, Headers=[Vary, Vary, Vary], Payload = org.apache.catalina.connector.ResponseFacade@6f92b502
11:07:06.217 [http-nio-8080-exec-6] INFO  c.p.c.l.LoggingInterceptor - Request: GET /error
11:07:06.218 [http-nio-8080-exec-6] INFO  c.p.c.l.LoggingInterceptor - Respone 404 /error
11:08:07.122 [http-nio-8080-exec-8] INFO  c.p.c.f.HeadersLoggingFilter - Header host=0:0:0:0:0:0:0:1, IP = host
11:08:07.122 [http-nio-8080-exec-8] INFO  c.p.c.f.HeadersLoggingFilter - Header user-agent=0:0:0:0:0:0:0:1, IP = user-agent
11:08:07.123 [http-nio-8080-exec-8] INFO  c.p.c.f.HeadersLoggingFilter - Header accept=0:0:0:0:0:0:0:1, IP = accept
11:08:07.123 [http-nio-8080-exec-8] INFO  c.p.c.loggingfilter.LoggingFilter - Request: Method=GET, URI=/api/get, Headers=host=localhost:8080; user-agent=curl/8.10.1; accept=*/*; , Request ID: b86e9ce8-28a2-4c5d-b792-ae10114bd451, Request IP  =0:0:0:0:0:0:0:1
11:08:07.124 [http-nio-8080-exec-8] INFO  c.p.c.l.LoggingInterceptor - Request: GET /api/get
11:08:07.126 [http-nio-8080-exec-8] INFO  c.p.c.l.LoggingInterceptor - Respone 404 /api/get
11:08:07.126 [http-nio-8080-exec-8] INFO  c.p.c.loggingfilter.LoggingFilter - Response: Status=404, URI=/api/get, Duration (Response Time)=3ms, Headers=[Vary, Vary, Vary], Payload = org.apache.catalina.connector.ResponseFacade@664f262d
11:08:07.127 [http-nio-8080-exec-8] INFO  c.p.c.l.LoggingInterceptor - Request: GET /error
11:08:07.129 [http-nio-8080-exec-8] INFO  c.p.c.l.LoggingInterceptor - Respone 404 /error
11:08:12.722 [http-nio-8080-exec-10] INFO  c.p.c.f.HeadersLoggingFilter - Header host=0:0:0:0:0:0:0:1, IP = host
11:08:12.722 [http-nio-8080-exec-10] INFO  c.p.c.f.HeadersLoggingFilter - Header user-agent=0:0:0:0:0:0:0:1, IP = user-agent
11:08:12.722 [http-nio-8080-exec-10] INFO  c.p.c.f.HeadersLoggingFilter - Header accept=0:0:0:0:0:0:0:1, IP = accept
11:08:12.723 [http-nio-8080-exec-10] INFO  c.p.c.loggingfilter.LoggingFilter - Request: Method=GET, URI=/api/get, Headers=host=localhost:8080; user-agent=curl/8.10.1; accept=*/*; , Request ID: 4ad87cf2-5cab-4af6-bfed-620bd385c0a0, Request IP  =0:0:0:0:0:0:0:1
11:08:12.723 [http-nio-8080-exec-10] INFO  c.p.c.l.LoggingInterceptor - Request: GET /api/get
11:08:12.725 [http-nio-8080-exec-10] INFO  c.p.c.l.LoggingInterceptor - Respone 404 /api/get
11:08:12.726 [http-nio-8080-exec-10] INFO  c.p.c.loggingfilter.LoggingFilter - Response: Status=404, URI=/api/get, Duration (Response Time)=3ms, Headers=[Vary, Vary, Vary], Payload = org.apache.catalina.connector.ResponseFacade@6b780b5a
11:08:12.726 [http-nio-8080-exec-10] INFO  c.p.c.l.LoggingInterceptor - Request: GET /error
11:08:12.727 [http-nio-8080-exec-10] INFO  c.p.c.l.LoggingInterceptor - Respone 404 /error
11:10:53.237 [http-nio-8080-exec-2] INFO  c.p.c.f.HeadersLoggingFilter - Header host=0:0:0:0:0:0:0:1, IP = host
11:10:53.237 [http-nio-8080-exec-2] INFO  c.p.c.f.HeadersLoggingFilter - Header user-agent=0:0:0:0:0:0:0:1, IP = user-agent
11:10:53.237 [http-nio-8080-exec-2] INFO  c.p.c.f.HeadersLoggingFilter - Header accept=0:0:0:0:0:0:0:1, IP = accept
11:10:53.237 [http-nio-8080-exec-2] INFO  c.p.c.loggingfilter.LoggingFilter - Request: Method=Post, URI=/api/saveContact, Headers=host=localhost:8080; user-agent=curl/8.10.1; accept=*/*; , Request ID: 4f5badb0-702c-4858-8a5e-1c321fa2a5cb, Request IP  =0:0:0:0:0:0:0:1
11:10:53.237 [http-nio-8080-exec-2] WARN  o.s.w.s.m.s.DefaultHandlerExceptionResolver - Resolved [org.springframework.web.HttpRequestMethodNotSupportedException: Request method 'Post' is not supported]
11:10:53.237 [http-nio-8080-exec-2] INFO  c.p.c.loggingfilter.LoggingFilter - Response: Status=405, URI=/api/saveContact, Duration (Response Time)=0ms, Headers=[Allow], Payload = org.apache.catalina.connector.ResponseFacade@42dd2f20
11:10:53.237 [http-nio-8080-exec-2] INFO  c.p.c.l.LoggingInterceptor - Request: Post /error
11:10:53.237 [http-nio-8080-exec-2] INFO  c.p.c.l.LoggingInterceptor - Respone 405 /error
11:18:55.160 [http-nio-8080-exec-4] INFO  c.p.c.f.HeadersLoggingFilter - Header host=0:0:0:0:0:0:0:1, IP = host
11:18:55.160 [http-nio-8080-exec-4] INFO  c.p.c.f.HeadersLoggingFilter - Header user-agent=0:0:0:0:0:0:0:1, IP = user-agent
11:18:55.160 [http-nio-8080-exec-4] INFO  c.p.c.f.HeadersLoggingFilter - Header accept=0:0:0:0:0:0:0:1, IP = accept
11:18:55.160 [http-nio-8080-exec-4] INFO  c.p.c.loggingfilter.LoggingFilter - Request: Method=HEAD, URI=/api/saveContact, Headers=host=localhost:8080; user-agent=curl/8.10.1; accept=*/*; , Request ID: 7fabc487-9ae5-4519-a58d-558ec60d266a, Request IP  =0:0:0:0:0:0:0:1
11:18:55.161 [http-nio-8080-exec-4] WARN  o.s.w.s.m.s.DefaultHandlerExceptionResolver - Resolved [org.springframework.web.HttpRequestMethodNotSupportedException: Request method 'HEAD' is not supported]
11:18:55.161 [http-nio-8080-exec-4] INFO  c.p.c.loggingfilter.LoggingFilter - Response: Status=405, URI=/api/saveContact, Duration (Response Time)=1ms, Headers=[Allow], Payload = org.apache.catalina.connector.ResponseFacade@34200fc7
11:18:55.162 [http-nio-8080-exec-4] INFO  c.p.c.l.LoggingInterceptor - Request: HEAD /error
11:18:55.163 [http-nio-8080-exec-4] INFO  c.p.c.l.LoggingInterceptor - Respone 405 /error
11:19:09.064 [http-nio-8080-exec-6] INFO  c.p.c.f.HeadersLoggingFilter - Header host=0:0:0:0:0:0:0:1, IP = host
11:19:09.064 [http-nio-8080-exec-6] INFO  c.p.c.f.HeadersLoggingFilter - Header user-agent=0:0:0:0:0:0:0:1, IP = user-agent
11:19:09.065 [http-nio-8080-exec-6] INFO  c.p.c.f.HeadersLoggingFilter - Header accept=0:0:0:0:0:0:0:1, IP = accept
11:19:09.065 [http-nio-8080-exec-6] INFO  c.p.c.f.HeadersLoggingFilter - Header content-type=0:0:0:0:0:0:0:1, IP = content-type
11:19:09.065 [http-nio-8080-exec-6] INFO  c.p.c.f.HeadersLoggingFilter - Header content-length=0:0:0:0:0:0:0:1, IP = content-length
11:19:09.065 [http-nio-8080-exec-6] INFO  c.p.c.loggingfilter.LoggingFilter - Request: Method=POST, URI=/api/saveContact, Headers=host=localhost:8080; user-agent=curl/8.10.1; accept=*/*; content-type=application/json; content-length=66; , Request ID: d8c11316-2adf-48d9-95bf-38946b99733e, Request IP  =0:0:0:0:0:0:0:1
11:19:09.065 [http-nio-8080-exec-6] INFO  c.p.c.l.LoggingInterceptor - Request: POST /api/saveContact
11:19:09.226 [http-nio-8080-exec-6] INFO  c.p.c.l.LoggingInterceptor - Respone 201 /api/saveContact
11:19:09.226 [http-nio-8080-exec-6] INFO  c.p.c.loggingfilter.LoggingFilter - Response: Status=201, URI=/api/saveContact, Duration (Response Time)=161ms, Headers=[Content-Type, Transfer-Encoding, Date], Payload = org.apache.catalina.connector.ResponseFacade@29860cbe
11:20:02.250 [http-nio-8080-exec-9] INFO  c.p.c.f.HeadersLoggingFilter - Header user-agent=0:0:0:0:0:0:0:1, IP = user-agent
11:20:02.250 [http-nio-8080-exec-9] INFO  c.p.c.f.HeadersLoggingFilter - Header accept=0:0:0:0:0:0:0:1, IP = accept
11:20:02.250 [http-nio-8080-exec-9] INFO  c.p.c.f.HeadersLoggingFilter - Header postman-token=0:0:0:0:0:0:0:1, IP = postman-token
11:20:02.250 [http-nio-8080-exec-9] INFO  c.p.c.f.HeadersLoggingFilter - Header host=0:0:0:0:0:0:0:1, IP = host
11:20:02.250 [http-nio-8080-exec-9] INFO  c.p.c.f.HeadersLoggingFilter - Header accept-encoding=0:0:0:0:0:0:0:1, IP = accept-encoding
11:20:02.251 [http-nio-8080-exec-9] INFO  c.p.c.f.HeadersLoggingFilter - Header connection=0:0:0:0:0:0:0:1, IP = connection
11:20:02.251 [http-nio-8080-exec-9] INFO  c.p.c.f.HeadersLoggingFilter - Header content-length=0:0:0:0:0:0:0:1, IP = content-length
11:20:02.251 [http-nio-8080-exec-9] INFO  c.p.c.loggingfilter.LoggingFilter - Request: Method=POST, URI=/api/saveContact, Headers=user-agent=PostmanRuntime/7.43.0; accept=*/*; postman-token=fd2426a7-ba98-49b5-84e1-9e011a9c6509; host=localhost:8080; accept-encoding=gzip, deflate, br; connection=keep-alive; content-length=123; , Request ID: 32546b45-4394-4812-992a-b5fead181db8, Request IP  =0:0:0:0:0:0:0:1
11:20:02.251 [http-nio-8080-exec-9] INFO  c.p.c.l.LoggingInterceptor - Request: POST /api/saveContact
11:20:02.254 [http-nio-8080-exec-9] WARN  o.s.w.s.m.s.DefaultHandlerExceptionResolver - Resolved [org.springframework.web.HttpMediaTypeNotSupportedException: Content-Type 'application/octet-stream' is not supported]
11:20:02.255 [http-nio-8080-exec-9] INFO  c.p.c.l.LoggingInterceptor - Respone 415 /api/saveContact
11:20:02.255 [http-nio-8080-exec-9] INFO  c.p.c.loggingfilter.LoggingFilter - Response: Status=415, URI=/api/saveContact, Duration (Response Time)=4ms, Headers=[Accept], Payload = org.apache.catalina.connector.ResponseFacade@59b845d8
11:20:02.255 [http-nio-8080-exec-9] INFO  c.p.c.l.LoggingInterceptor - Request: POST /error
11:20:02.257 [http-nio-8080-exec-9] INFO  c.p.c.l.LoggingInterceptor - Respone 415 /error
11:20:07.214 [http-nio-8080-exec-10] INFO  c.p.c.f.HeadersLoggingFilter - Header content-type=0:0:0:0:0:0:0:1, IP = content-type
11:20:07.215 [http-nio-8080-exec-10] INFO  c.p.c.f.HeadersLoggingFilter - Header user-agent=0:0:0:0:0:0:0:1, IP = user-agent
11:20:07.215 [http-nio-8080-exec-10] INFO  c.p.c.f.HeadersLoggingFilter - Header accept=0:0:0:0:0:0:0:1, IP = accept
11:20:07.215 [http-nio-8080-exec-10] INFO  c.p.c.f.HeadersLoggingFilter - Header postman-token=0:0:0:0:0:0:0:1, IP = postman-token
11:20:07.215 [http-nio-8080-exec-10] INFO  c.p.c.f.HeadersLoggingFilter - Header host=0:0:0:0:0:0:0:1, IP = host
11:20:07.215 [http-nio-8080-exec-10] INFO  c.p.c.f.HeadersLoggingFilter - Header accept-encoding=0:0:0:0:0:0:0:1, IP = accept-encoding
11:20:07.215 [http-nio-8080-exec-10] INFO  c.p.c.f.HeadersLoggingFilter - Header connection=0:0:0:0:0:0:0:1, IP = connection
11:20:07.215 [http-nio-8080-exec-10] INFO  c.p.c.f.HeadersLoggingFilter - Header content-length=0:0:0:0:0:0:0:1, IP = content-length
11:20:07.215 [http-nio-8080-exec-10] INFO  c.p.c.loggingfilter.LoggingFilter - Request: Method=POST, URI=/api/saveContact, Headers=content-type=application/json; user-agent=PostmanRuntime/7.43.0; accept=*/*; postman-token=800b2efe-2ad0-48ad-8f48-2c74d671837f; host=localhost:8080; accept-encoding=gzip, deflate, br; connection=keep-alive; content-length=123; , Request ID: 8727c447-6854-49aa-8452-486a199f48ac, Request IP  =0:0:0:0:0:0:0:1
11:20:07.215 [http-nio-8080-exec-10] INFO  c.p.c.l.LoggingInterceptor - Request: POST /api/saveContact
11:20:07.236 [http-nio-8080-exec-10] WARN  o.h.e.jdbc.spi.SqlExceptionHelper - SQL Error: 0, SQLState: 23505
11:20:07.236 [http-nio-8080-exec-10] ERROR o.h.e.jdbc.spi.SqlExceptionHelper - ERROR: duplicate key value violates unique constraint "uk_rp36gnpl2si1n78ikgqtf0suo"
  Ayrıntı: Key (contact_name)=(Merve Merve) already exists.
11:20:07.248 [http-nio-8080-exec-10] INFO  c.p.c.l.LoggingInterceptor - Respone 500 /api/saveContact
11:20:07.248 [http-nio-8080-exec-10] INFO  c.p.c.loggingfilter.LoggingFilter - Response: Status=500, URI=/api/saveContact, Duration (Response Time)=33ms, Headers=[Content-Type, Transfer-Encoding, Date, Connection], Payload = org.apache.catalina.connector.ResponseFacade@7ea58f1d
11:24:09.323 [http-nio-8080-exec-2] INFO  c.p.c.f.HeadersLoggingFilter - Header content-type=0:0:0:0:0:0:0:1, IP = content-type
11:24:09.324 [http-nio-8080-exec-2] INFO  c.p.c.f.HeadersLoggingFilter - Header user-agent=0:0:0:0:0:0:0:1, IP = user-agent
11:24:09.325 [http-nio-8080-exec-2] INFO  c.p.c.f.HeadersLoggingFilter - Header accept=0:0:0:0:0:0:0:1, IP = accept
11:24:09.325 [http-nio-8080-exec-2] INFO  c.p.c.f.HeadersLoggingFilter - Header postman-token=0:0:0:0:0:0:0:1, IP = postman-token
11:24:09.325 [http-nio-8080-exec-2] INFO  c.p.c.f.HeadersLoggingFilter - Header host=0:0:0:0:0:0:0:1, IP = host
11:24:09.325 [http-nio-8080-exec-2] INFO  c.p.c.f.HeadersLoggingFilter - Header accept-encoding=0:0:0:0:0:0:0:1, IP = accept-encoding
11:24:09.325 [http-nio-8080-exec-2] INFO  c.p.c.f.HeadersLoggingFilter - Header connection=0:0:0:0:0:0:0:1, IP = connection
11:24:09.325 [http-nio-8080-exec-2] INFO  c.p.c.loggingfilter.LoggingFilter - Request: Method=POST, URI=/api/saveContact, Headers=content-type=application/json; user-agent=PostmanRuntime/7.43.0; accept=*/*; postman-token=934ee056-d83a-4a59-bc0c-ba91e7237374; host=localhost:8080; accept-encoding=gzip, deflate, br; connection=keep-alive; , Request ID: 4c7ae95c-344f-4e9a-b6b1-309e291dd192, Request IP  =0:0:0:0:0:0:0:1
11:24:09.325 [http-nio-8080-exec-2] INFO  c.p.c.l.LoggingInterceptor - Request: POST /api/saveContact
11:24:09.328 [http-nio-8080-exec-2] INFO  c.p.c.l.LoggingInterceptor - Respone 500 /api/saveContact
11:24:09.328 [http-nio-8080-exec-2] INFO  c.p.c.loggingfilter.LoggingFilter - Response: Status=500, URI=/api/saveContact, Duration (Response Time)=3ms, Headers=[Content-Type, Transfer-Encoding, Date, Connection], Payload = org.apache.catalina.connector.ResponseFacade@58f8d552
11:43:00.678 [http-nio-8080-exec-3] INFO  c.p.c.f.HeadersLoggingFilter - Header host=0:0:0:0:0:0:0:1, IP = host
11:43:00.678 [http-nio-8080-exec-3] INFO  c.p.c.f.HeadersLoggingFilter - Header user-agent=0:0:0:0:0:0:0:1, IP = user-agent
11:43:00.678 [http-nio-8080-exec-3] INFO  c.p.c.f.HeadersLoggingFilter - Header accept=0:0:0:0:0:0:0:1, IP = accept
11:43:00.678 [http-nio-8080-exec-3] INFO  c.p.c.loggingfilter.LoggingFilter - Request: Method=PUT, URI=/api/deleteContact/6, Headers=host=localhost:8080; user-agent=curl/8.10.1; accept=*/*; , Request ID: 1bac5207-17de-4b31-ae78-13b251f6c794, Request IP  =0:0:0:0:0:0:0:1
11:43:00.679 [http-nio-8080-exec-3] INFO  c.p.c.l.LoggingInterceptor - Request: PUT /api/deleteContact/6
11:43:00.711 [http-nio-8080-exec-3] INFO  c.p.c.l.LoggingInterceptor - Respone 200 /api/deleteContact/6
11:43:00.712 [http-nio-8080-exec-3] INFO  c.p.c.loggingfilter.LoggingFilter - Response: Status=200, URI=/api/deleteContact/6, Duration (Response Time)=33ms, Headers=[Content-Type, Transfer-Encoding, Date], Payload = org.apache.catalina.connector.ResponseFacade@42914420
11:43:31.422 [http-nio-8080-exec-5] INFO  c.p.c.f.HeadersLoggingFilter - Header host=0:0:0:0:0:0:0:1, IP = host
11:43:31.422 [http-nio-8080-exec-5] INFO  c.p.c.f.HeadersLoggingFilter - Header user-agent=0:0:0:0:0:0:0:1, IP = user-agent
11:43:31.422 [http-nio-8080-exec-5] INFO  c.p.c.f.HeadersLoggingFilter - Header accept=0:0:0:0:0:0:0:1, IP = accept
11:43:31.422 [http-nio-8080-exec-5] INFO  c.p.c.loggingfilter.LoggingFilter - Request: Method=PUT, URI=/api/deleteContact, Headers=host=localhost:8080; user-agent=curl/8.10.1; accept=*/*; , Request ID: 8348a460-4e24-45f1-a245-a2ef6c3a4c7f, Request IP  =0:0:0:0:0:0:0:1
11:43:31.423 [http-nio-8080-exec-5] INFO  c.p.c.l.LoggingInterceptor - Request: PUT /api/deleteContact
11:43:31.425 [http-nio-8080-exec-5] INFO  c.p.c.l.LoggingInterceptor - Respone 404 /api/deleteContact
11:43:31.425 [http-nio-8080-exec-5] INFO  c.p.c.loggingfilter.LoggingFilter - Response: Status=404, URI=/api/deleteContact, Duration (Response Time)=3ms, Headers=[Vary, Vary, Vary], Payload = org.apache.catalina.connector.ResponseFacade@29c9eea7
11:43:31.426 [http-nio-8080-exec-5] INFO  c.p.c.l.LoggingInterceptor - Request: PUT /error
11:43:31.427 [http-nio-8080-exec-5] INFO  c.p.c.l.LoggingInterceptor - Respone 404 /error
11:43:47.328 [http-nio-8080-exec-7] INFO  c.p.c.f.HeadersLoggingFilter - Header host=0:0:0:0:0:0:0:1, IP = host
11:43:47.328 [http-nio-8080-exec-7] INFO  c.p.c.f.HeadersLoggingFilter - Header user-agent=0:0:0:0:0:0:0:1, IP = user-agent
11:43:47.328 [http-nio-8080-exec-7] INFO  c.p.c.f.HeadersLoggingFilter - Header accept=0:0:0:0:0:0:0:1, IP = accept
11:43:47.328 [http-nio-8080-exec-7] INFO  c.p.c.loggingfilter.LoggingFilter - Request: Method=PUT, URI=/api/deleteContact, Headers=host=localhost:8080; user-agent=curl/8.10.1; accept=*/*; , Request ID: 9cfab6e4-47e9-4690-b2ae-b0993cbd7e99, Request IP  =0:0:0:0:0:0:0:1
11:43:47.329 [http-nio-8080-exec-7] INFO  c.p.c.l.LoggingInterceptor - Request: PUT /api/deleteContact
11:43:47.331 [http-nio-8080-exec-7] INFO  c.p.c.l.LoggingInterceptor - Respone 404 /api/deleteContact
11:43:47.331 [http-nio-8080-exec-7] INFO  c.p.c.loggingfilter.LoggingFilter - Response: Status=404, URI=/api/deleteContact, Duration (Response Time)=3ms, Headers=[Vary, Vary, Vary], Payload = org.apache.catalina.connector.ResponseFacade@480ebae0
11:43:47.331 [http-nio-8080-exec-7] INFO  c.p.c.l.LoggingInterceptor - Request: PUT /error
11:43:47.332 [http-nio-8080-exec-7] INFO  c.p.c.l.LoggingInterceptor - Respone 404 /error
11:44:34.627 [http-nio-8080-exec-9] INFO  c.p.c.f.HeadersLoggingFilter - Header host=0:0:0:0:0:0:0:1, IP = host
11:44:34.627 [http-nio-8080-exec-9] INFO  c.p.c.f.HeadersLoggingFilter - Header user-agent=0:0:0:0:0:0:0:1, IP = user-agent
11:44:34.627 [http-nio-8080-exec-9] INFO  c.p.c.f.HeadersLoggingFilter - Header accept=0:0:0:0:0:0:0:1, IP = accept
11:44:34.627 [http-nio-8080-exec-9] INFO  c.p.c.loggingfilter.LoggingFilter - Request: Method=PUT, URI=/api/deleteContact/6, Headers=host=localhost:8080; user-agent=curl/8.10.1; accept=*/*; , Request ID: 187da5e9-c406-4903-aef3-99c6d1028f09, Request IP  =0:0:0:0:0:0:0:1
11:44:34.628 [http-nio-8080-exec-9] INFO  c.p.c.l.LoggingInterceptor - Request: PUT /api/deleteContact/6
11:44:34.641 [http-nio-8080-exec-9] INFO  c.p.c.l.LoggingInterceptor - Respone 400 /api/deleteContact/6
11:44:34.641 [http-nio-8080-exec-9] INFO  c.p.c.loggingfilter.LoggingFilter - Response: Status=400, URI=/api/deleteContact/6, Duration (Response Time)=14ms, Headers=[Content-Type, Transfer-Encoding, Date, Connection], Payload = org.apache.catalina.connector.ResponseFacade@baf874
11:46:38.023 [http-nio-8080-exec-10] INFO  c.p.c.f.HeadersLoggingFilter - Header host=0:0:0:0:0:0:0:1, IP = host
11:46:38.023 [http-nio-8080-exec-10] INFO  c.p.c.f.HeadersLoggingFilter - Header user-agent=0:0:0:0:0:0:0:1, IP = user-agent
11:46:38.023 [http-nio-8080-exec-10] INFO  c.p.c.f.HeadersLoggingFilter - Header accept=0:0:0:0:0:0:0:1, IP = accept
11:46:38.023 [http-nio-8080-exec-10] INFO  c.p.c.loggingfilter.LoggingFilter - Request: Method=PUT, URI=/api/deleteContact, Headers=host=localhost:8080; user-agent=curl/8.10.1; accept=*/*; , Request ID: 608717ea-0d58-481d-aa9e-d62312a32777, Request IP  =0:0:0:0:0:0:0:1
11:46:38.024 [http-nio-8080-exec-10] INFO  c.p.c.l.LoggingInterceptor - Request: PUT /api/deleteContact
11:46:38.026 [http-nio-8080-exec-10] INFO  c.p.c.l.LoggingInterceptor - Respone 404 /api/deleteContact
11:46:38.026 [http-nio-8080-exec-10] INFO  c.p.c.loggingfilter.LoggingFilter - Response: Status=404, URI=/api/deleteContact, Duration (Response Time)=3ms, Headers=[Vary, Vary, Vary], Payload = org.apache.catalina.connector.ResponseFacade@13ff576f
11:46:38.026 [http-nio-8080-exec-10] INFO  c.p.c.l.LoggingInterceptor - Request: PUT /error
11:46:38.028 [http-nio-8080-exec-10] INFO  c.p.c.l.LoggingInterceptor - Respone 404 /error
11:47:02.229 [http-nio-8080-exec-1] INFO  c.p.c.f.HeadersLoggingFilter - Header host=0:0:0:0:0:0:0:1, IP = host
11:47:02.229 [http-nio-8080-exec-1] INFO  c.p.c.f.HeadersLoggingFilter - Header user-agent=0:0:0:0:0:0:0:1, IP = user-agent
11:47:02.229 [http-nio-8080-exec-1] INFO  c.p.c.f.HeadersLoggingFilter - Header accept=0:0:0:0:0:0:0:1, IP = accept
11:47:02.230 [http-nio-8080-exec-1] INFO  c.p.c.loggingfilter.LoggingFilter - Request: Method=PUT, URI=/api/deleteContact, Headers=host=localhost:8080; user-agent=curl/8.10.1; accept=*/*; , Request ID: f2b03bf4-9355-46a9-abf3-39549c9b8b64, Request IP  =0:0:0:0:0:0:0:1
11:47:02.230 [http-nio-8080-exec-1] INFO  c.p.c.l.LoggingInterceptor - Request: PUT /api/deleteContact
11:47:02.233 [http-nio-8080-exec-1] INFO  c.p.c.l.LoggingInterceptor - Respone 404 /api/deleteContact
11:47:02.233 [http-nio-8080-exec-1] INFO  c.p.c.loggingfilter.LoggingFilter - Response: Status=404, URI=/api/deleteContact, Duration (Response Time)=3ms, Headers=[Vary, Vary, Vary], Payload = org.apache.catalina.connector.ResponseFacade@4003ef7d
11:47:02.234 [http-nio-8080-exec-1] INFO  c.p.c.l.LoggingInterceptor - Request: PUT /error
11:47:02.235 [http-nio-8080-exec-1] INFO  c.p.c.l.LoggingInterceptor - Respone 404 /error
11:49:10.568 [http-nio-8080-exec-2] INFO  c.p.c.f.HeadersLoggingFilter - Header host=0:0:0:0:0:0:0:1, IP = host
11:49:10.568 [http-nio-8080-exec-2] INFO  c.p.c.f.HeadersLoggingFilter - Header user-agent=0:0:0:0:0:0:0:1, IP = user-agent
11:49:10.568 [http-nio-8080-exec-2] INFO  c.p.c.f.HeadersLoggingFilter - Header accept=0:0:0:0:0:0:0:1, IP = accept
11:49:10.569 [http-nio-8080-exec-2] INFO  c.p.c.loggingfilter.LoggingFilter - Request: Method=GET, URI=/api/getAllContactsOfPerson/10000, Headers=host=localhost:8080; user-agent=curl/8.10.1; accept=*/*; , Request ID: 52ce75f0-add3-43c1-a767-3f3bcbf9696e, Request IP  =0:0:0:0:0:0:0:1
11:49:10.569 [http-nio-8080-exec-2] INFO  c.p.c.l.LoggingInterceptor - Request: GET /api/getAllContactsOfPerson/10000
11:49:10.610 [http-nio-8080-exec-2] INFO  c.p.c.l.LoggingInterceptor - Respone 400 /api/getAllContactsOfPerson/10000
11:49:10.610 [http-nio-8080-exec-2] INFO  c.p.c.loggingfilter.LoggingFilter - Response: Status=400, URI=/api/getAllContactsOfPerson/10000, Duration (Response Time)=41ms, Headers=[Content-Type, Transfer-Encoding, Date, Connection], Payload = org.apache.catalina.connector.ResponseFacade@669524c2
11:49:23.338 [http-nio-8080-exec-3] INFO  c.p.c.f.HeadersLoggingFilter - Header host=0:0:0:0:0:0:0:1, IP = host
11:49:23.338 [http-nio-8080-exec-3] INFO  c.p.c.f.HeadersLoggingFilter - Header user-agent=0:0:0:0:0:0:0:1, IP = user-agent
11:49:23.338 [http-nio-8080-exec-3] INFO  c.p.c.f.HeadersLoggingFilter - Header accept=0:0:0:0:0:0:0:1, IP = accept
11:49:23.338 [http-nio-8080-exec-3] INFO  c.p.c.loggingfilter.LoggingFilter - Request: Method=GET, URI=/api/getAllContactsOfPerson/1, Headers=host=localhost:8080; user-agent=curl/8.10.1; accept=*/*; , Request ID: f00b34cd-8bef-4e62-a3a0-597dfbe30248, Request IP  =0:0:0:0:0:0:0:1
11:49:23.338 [http-nio-8080-exec-3] INFO  c.p.c.l.LoggingInterceptor - Request: GET /api/getAllContactsOfPerson/1
11:49:23.360 [http-nio-8080-exec-3] INFO  c.p.c.l.LoggingInterceptor - Respone 200 /api/getAllContactsOfPerson/1
11:49:23.360 [http-nio-8080-exec-3] INFO  c.p.c.loggingfilter.LoggingFilter - Response: Status=200, URI=/api/getAllContactsOfPerson/1, Duration (Response Time)=22ms, Headers=[Content-Type, Transfer-Encoding, Date], Payload = org.apache.catalina.connector.ResponseFacade@368e9ee3
11:53:04.088 [SpringApplicationShutdownHook] INFO  o.s.o.j.LocalContainerEntityManagerFactoryBean - Closing JPA EntityManagerFactory for persistence unit 'default'
11:53:04.092 [SpringApplicationShutdownHook] INFO  com.zaxxer.hikari.HikariDataSource - HikariPool-1 - Shutdown initiated...
11:53:04.096 [SpringApplicationShutdownHook] INFO  com.zaxxer.hikari.HikariDataSource - HikariPool-1 - Shutdown completed.
11:53:20.893 [background-preinit] INFO  o.h.validator.internal.util.Version - HV000001: Hibernate Validator 8.0.1.Final
11:53:20.940 [main] INFO  c.p.c.ContactsdemoApplication - Starting ContactsdemoApplication using Java 17.0.12 with PID 26372 (C:\Ayse Ceren - crud projects\contactsdemo\build\classes\java\main started by 16381136672 in C:\Ayse Ceren - crud projects\contactsdemo)
11:53:20.942 [main] INFO  c.p.c.ContactsdemoApplication - No active profile set, falling back to 1 default profile: "default"
11:53:21.914 [main] INFO  o.s.d.r.c.RepositoryConfigurationDelegate - Bootstrapping Spring Data JPA repositories in DEFAULT mode.
11:53:21.994 [main] INFO  o.s.d.r.c.RepositoryConfigurationDelegate - Finished Spring Data repository scanning in 70 ms. Found 2 JPA repository interfaces.
11:53:22.531 [main] INFO  o.s.b.w.e.tomcat.TomcatWebServer - Tomcat initialized with port 8080 (http)
11:53:22.541 [main] INFO  o.a.coyote.http11.Http11NioProtocol - Initializing ProtocolHandler ["http-nio-8080"]
11:53:22.543 [main] INFO  o.a.catalina.core.StandardService - Starting service [Tomcat]
11:53:22.543 [main] INFO  o.a.catalina.core.StandardEngine - Starting Servlet engine: [Apache Tomcat/10.1.25]
11:53:22.641 [main] INFO  o.a.c.c.C.[Tomcat].[localhost].[/] - Initializing Spring embedded WebApplicationContext
11:53:22.642 [main] INFO  o.s.b.w.s.c.ServletWebServerApplicationContext - Root WebApplicationContext: initialization completed in 1635 ms
11:53:22.808 [main] INFO  o.h.jpa.internal.util.LogHelper - HHH000204: Processing PersistenceUnitInfo [name: default]
11:53:22.881 [main] INFO  org.hibernate.Version - HHH000412: Hibernate ORM core version 6.4.9.Final
11:53:22.929 [main] INFO  o.h.c.i.RegionFactoryInitiator - HHH000026: Second-level cache disabled
11:53:23.227 [main] INFO  o.s.o.j.p.SpringPersistenceUnitInfo - No LoadTimeWeaver setup: ignoring JPA class transformer
11:53:23.261 [main] INFO  com.zaxxer.hikari.HikariDataSource - HikariPool-1 - Starting...
11:53:23.423 [main] INFO  com.zaxxer.hikari.pool.HikariPool - HikariPool-1 - Added connection org.postgresql.jdbc.PgConnection@74d22ddd
11:53:23.424 [main] INFO  com.zaxxer.hikari.HikariDataSource - HikariPool-1 - Start completed.
11:53:23.460 [main] WARN  org.hibernate.orm.deprecation - HHH90000025: PostgreSQLDialect does not need to be specified explicitly using 'hibernate.dialect' (remove the property setting and it will be selected by default)
11:53:24.630 [main] INFO  o.s.o.j.LocalContainerEntityManagerFactoryBean - Initialized JPA EntityManagerFactory for persistence unit 'default'
11:53:24.851 [main] WARN  o.s.b.a.o.j.JpaBaseConfiguration$JpaWebConfiguration - spring.jpa.open-in-view is enabled by default. Therefore, database queries may be performed during view rendering. Explicitly configure spring.jpa.open-in-view to disable this warning
11:53:25.414 [main] INFO  o.s.d.j.r.query.QueryEnhancerFactory - Hibernate is in classpath; If applicable, HQL parser will be used.
11:53:25.917 [main] INFO  o.a.coyote.http11.Http11NioProtocol - Starting ProtocolHandler ["http-nio-8080"]
11:53:25.981 [main] INFO  o.s.b.w.e.tomcat.TomcatWebServer - Tomcat started on port 8080 (http) with context path ''
11:53:25.993 [main] INFO  c.p.c.ContactsdemoApplication - Started ContactsdemoApplication in 5.607 seconds (process running for 6.989)
11:53:59.922 [http-nio-8080-exec-1] INFO  o.a.c.c.C.[Tomcat].[localhost].[/] - Initializing Spring DispatcherServlet 'dispatcherServlet'
11:53:59.922 [http-nio-8080-exec-1] INFO  o.s.web.servlet.DispatcherServlet - Initializing Servlet 'dispatcherServlet'
11:53:59.923 [http-nio-8080-exec-1] INFO  o.s.web.servlet.DispatcherServlet - Completed initialization in 0 ms
11:53:59.929 [http-nio-8080-exec-1] INFO  c.p.c.f.HeadersLoggingFilter - Header host=0:0:0:0:0:0:0:1, IP = host
11:53:59.929 [http-nio-8080-exec-1] INFO  c.p.c.f.HeadersLoggingFilter - Header user-agent=0:0:0:0:0:0:0:1, IP = user-agent
11:53:59.929 [http-nio-8080-exec-1] INFO  c.p.c.f.HeadersLoggingFilter - Header accept=0:0:0:0:0:0:0:1, IP = accept
11:53:59.930 [http-nio-8080-exec-1] INFO  c.p.c.loggingfilter.LoggingFilter - Request: Method=GET, URI=/api/getAllContactsOfPerson/2, Headers=host=localhost:8080; user-agent=curl/8.10.1; accept=*/*; , Request ID: 377ea9c0-3125-4d28-91e4-dcd7e8620995, Request IP  =0:0:0:0:0:0:0:1
11:53:59.944 [http-nio-8080-exec-1] INFO  c.p.c.l.LoggingInterceptor - Request: GET /api/getAllContactsOfPerson/2
11:54:00.213 [http-nio-8080-exec-1] INFO  c.p.c.l.LoggingInterceptor - Respone 200 /api/getAllContactsOfPerson/2
11:54:00.213 [http-nio-8080-exec-1] INFO  c.p.c.loggingfilter.LoggingFilter - Response: Status=200, URI=/api/getAllContactsOfPerson/2, Duration (Response Time)=283ms, Headers=[Content-Type, Transfer-Encoding, Date], Payload = org.apache.catalina.connector.ResponseFacade@62debbd
11:54:09.565 [http-nio-8080-exec-3] INFO  c.p.c.f.HeadersLoggingFilter - Header user-agent=0:0:0:0:0:0:0:1, IP = user-agent
11:54:09.565 [http-nio-8080-exec-3] INFO  c.p.c.f.HeadersLoggingFilter - Header accept=0:0:0:0:0:0:0:1, IP = accept
11:54:09.565 [http-nio-8080-exec-3] INFO  c.p.c.f.HeadersLoggingFilter - Header postman-token=0:0:0:0:0:0:0:1, IP = postman-token
11:54:09.565 [http-nio-8080-exec-3] INFO  c.p.c.f.HeadersLoggingFilter - Header host=0:0:0:0:0:0:0:1, IP = host
11:54:09.565 [http-nio-8080-exec-3] INFO  c.p.c.f.HeadersLoggingFilter - Header accept-encoding=0:0:0:0:0:0:0:1, IP = accept-encoding
11:54:09.565 [http-nio-8080-exec-3] INFO  c.p.c.f.HeadersLoggingFilter - Header connection=0:0:0:0:0:0:0:1, IP = connection
11:54:09.565 [http-nio-8080-exec-3] INFO  c.p.c.loggingfilter.LoggingFilter - Request: Method=GET, URI=/api/getAllContactsOfPerson/2, Headers=user-agent=PostmanRuntime/7.43.0; accept=*/*; postman-token=5a0bf5ca-cd2e-42f8-a6fc-297d53c2d4e0; host=localhost:8080; accept-encoding=gzip, deflate, br; connection=keep-alive; , Request ID: 205f0277-42dc-439f-b1ee-beff0e7002b2, Request IP  =0:0:0:0:0:0:0:1
11:54:09.566 [http-nio-8080-exec-3] INFO  c.p.c.l.LoggingInterceptor - Request: GET /api/getAllContactsOfPerson/2
11:54:09.583 [http-nio-8080-exec-3] INFO  c.p.c.l.LoggingInterceptor - Respone 200 /api/getAllContactsOfPerson/2
11:54:09.583 [http-nio-8080-exec-3] INFO  c.p.c.loggingfilter.LoggingFilter - Response: Status=200, URI=/api/getAllContactsOfPerson/2, Duration (Response Time)=18ms, Headers=[Content-Type, Transfer-Encoding, Date, Keep-Alive, Connection], Payload = org.apache.catalina.connector.ResponseFacade@a8162a5
11:54:36.711 [http-nio-8080-exec-4] INFO  c.p.c.f.HeadersLoggingFilter - Header user-agent=0:0:0:0:0:0:0:1, IP = user-agent
11:54:36.712 [http-nio-8080-exec-4] INFO  c.p.c.f.HeadersLoggingFilter - Header accept=0:0:0:0:0:0:0:1, IP = accept
11:54:36.712 [http-nio-8080-exec-4] INFO  c.p.c.f.HeadersLoggingFilter - Header postman-token=0:0:0:0:0:0:0:1, IP = postman-token
11:54:36.712 [http-nio-8080-exec-4] INFO  c.p.c.f.HeadersLoggingFilter - Header host=0:0:0:0:0:0:0:1, IP = host
11:54:36.712 [http-nio-8080-exec-4] INFO  c.p.c.f.HeadersLoggingFilter - Header accept-encoding=0:0:0:0:0:0:0:1, IP = accept-encoding
11:54:36.712 [http-nio-8080-exec-4] INFO  c.p.c.f.HeadersLoggingFilter - Header connection=0:0:0:0:0:0:0:1, IP = connection
11:54:36.712 [http-nio-8080-exec-4] INFO  c.p.c.f.HeadersLoggingFilter - Header content-length=0:0:0:0:0:0:0:1, IP = content-length
11:54:36.713 [http-nio-8080-exec-4] INFO  c.p.c.loggingfilter.LoggingFilter - Request: Method=PUT, URI=/api/deleteContact/602, Headers=user-agent=PostmanRuntime/7.43.0; accept=*/*; postman-token=4d96ffb9-e707-4d9a-ac3d-f7065ad32275; host=localhost:8080; accept-encoding=gzip, deflate, br; connection=keep-alive; content-length=0; , Request ID: 23eacf79-9ff4-4676-b9a5-9dff5bdc9bbc, Request IP  =0:0:0:0:0:0:0:1
11:54:36.713 [http-nio-8080-exec-4] INFO  c.p.c.l.LoggingInterceptor - Request: PUT /api/deleteContact/602
11:54:36.751 [http-nio-8080-exec-4] INFO  c.p.c.l.LoggingInterceptor - Respone 200 /api/deleteContact/602
11:54:36.751 [http-nio-8080-exec-4] INFO  c.p.c.loggingfilter.LoggingFilter - Response: Status=200, URI=/api/deleteContact/602, Duration (Response Time)=38ms, Headers=[Content-Type, Transfer-Encoding, Date, Keep-Alive, Connection], Payload = org.apache.catalina.connector.ResponseFacade@4a5d7056
11:54:44.697 [http-nio-8080-exec-5] INFO  c.p.c.f.HeadersLoggingFilter - Header user-agent=0:0:0:0:0:0:0:1, IP = user-agent
11:54:44.698 [http-nio-8080-exec-5] INFO  c.p.c.f.HeadersLoggingFilter - Header accept=0:0:0:0:0:0:0:1, IP = accept
11:54:44.698 [http-nio-8080-exec-5] INFO  c.p.c.f.HeadersLoggingFilter - Header postman-token=0:0:0:0:0:0:0:1, IP = postman-token
11:54:44.698 [http-nio-8080-exec-5] INFO  c.p.c.f.HeadersLoggingFilter - Header host=0:0:0:0:0:0:0:1, IP = host
11:54:44.698 [http-nio-8080-exec-5] INFO  c.p.c.f.HeadersLoggingFilter - Header accept-encoding=0:0:0:0:0:0:0:1, IP = accept-encoding
11:54:44.698 [http-nio-8080-exec-5] INFO  c.p.c.f.HeadersLoggingFilter - Header connection=0:0:0:0:0:0:0:1, IP = connection
11:54:44.698 [http-nio-8080-exec-5] INFO  c.p.c.loggingfilter.LoggingFilter - Request: Method=GET, URI=/api/getAllContactsOfPerson/2, Headers=user-agent=PostmanRuntime/7.43.0; accept=*/*; postman-token=43a4db84-d55d-4750-9a37-bfeaf6f4c05b; host=localhost:8080; accept-encoding=gzip, deflate, br; connection=keep-alive; , Request ID: 5ad0c35a-ed44-4459-8a65-d5371141d2b4, Request IP  =0:0:0:0:0:0:0:1
11:54:44.699 [http-nio-8080-exec-5] INFO  c.p.c.l.LoggingInterceptor - Request: GET /api/getAllContactsOfPerson/2
11:54:44.715 [http-nio-8080-exec-5] INFO  c.p.c.l.LoggingInterceptor - Respone 200 /api/getAllContactsOfPerson/2
11:54:44.715 [http-nio-8080-exec-5] INFO  c.p.c.loggingfilter.LoggingFilter - Response: Status=200, URI=/api/getAllContactsOfPerson/2, Duration (Response Time)=17ms, Headers=[Content-Type, Transfer-Encoding, Date, Keep-Alive, Connection], Payload = org.apache.catalina.connector.ResponseFacade@63afd92c
17:04:37.201 [http-nio-8080-exec-7] INFO  c.p.c.f.HeadersLoggingFilter - Header host=0:0:0:0:0:0:0:1, IP = host
17:04:37.201 [http-nio-8080-exec-7] INFO  c.p.c.f.HeadersLoggingFilter - Header user-agent=0:0:0:0:0:0:0:1, IP = user-agent
17:04:37.201 [http-nio-8080-exec-7] INFO  c.p.c.f.HeadersLoggingFilter - Header accept=0:0:0:0:0:0:0:1, IP = accept
17:04:37.201 [http-nio-8080-exec-7] INFO  c.p.c.loggingfilter.LoggingFilter - Request: Method=GET, URI=/, Headers=host=localhost:8080; user-agent=curl/8.10.1; accept=*/*; , Request ID: fc2d4b15-797d-470c-ba98-b4e9d98be1ba, Request IP  =0:0:0:0:0:0:0:1
17:04:37.232 [http-nio-8080-exec-7] INFO  c.p.c.l.LoggingInterceptor - Request: GET /
17:04:37.248 [http-nio-8080-exec-7] INFO  c.p.c.l.LoggingInterceptor - Respone 404 /
17:04:37.248 [http-nio-8080-exec-7] INFO  c.p.c.loggingfilter.LoggingFilter - Response: Status=404, URI=/, Duration (Response Time)=47ms, Headers=[Vary, Vary, Vary], Payload = org.apache.catalina.connector.ResponseFacade@cc1a720
17:04:37.264 [http-nio-8080-exec-7] INFO  c.p.c.l.LoggingInterceptor - Request: GET /error
17:04:37.295 [http-nio-8080-exec-7] INFO  c.p.c.l.LoggingInterceptor - Respone 404 /error
17:04:47.097 [http-nio-8080-exec-8] INFO  c.p.c.f.HeadersLoggingFilter - Header host=0:0:0:0:0:0:0:1, IP = host
17:04:47.097 [http-nio-8080-exec-8] INFO  c.p.c.f.HeadersLoggingFilter - Header user-agent=0:0:0:0:0:0:0:1, IP = user-agent
17:04:47.097 [http-nio-8080-exec-8] INFO  c.p.c.f.HeadersLoggingFilter - Header accept=0:0:0:0:0:0:0:1, IP = accept
17:04:47.097 [http-nio-8080-exec-8] INFO  c.p.c.loggingfilter.LoggingFilter - Request: Method=HEAD, URI=/, Headers=host=localhost:8080; user-agent=curl/8.10.1; accept=*/*; , Request ID: b95e0203-f0ae-4513-84eb-57808f303825, Request IP  =0:0:0:0:0:0:0:1
17:04:47.097 [http-nio-8080-exec-8] INFO  c.p.c.l.LoggingInterceptor - Request: HEAD /
17:04:47.097 [http-nio-8080-exec-8] INFO  c.p.c.l.LoggingInterceptor - Respone 404 /
17:04:47.097 [http-nio-8080-exec-8] INFO  c.p.c.loggingfilter.LoggingFilter - Response: Status=404, URI=/, Duration (Response Time)=0ms, Headers=[Vary, Vary, Vary], Payload = org.apache.catalina.connector.ResponseFacade@5a993267
17:04:47.097 [http-nio-8080-exec-8] INFO  c.p.c.l.LoggingInterceptor - Request: HEAD /error
17:04:47.097 [http-nio-8080-exec-8] INFO  c.p.c.l.LoggingInterceptor - Respone 404 /error
17:09:13.609 [SpringApplicationShutdownHook] INFO  o.s.o.j.LocalContainerEntityManagerFactoryBean - Closing JPA EntityManagerFactory for persistence unit 'default'
17:09:13.619 [SpringApplicationShutdownHook] INFO  com.zaxxer.hikari.HikariDataSource - HikariPool-1 - Shutdown initiated...
17:09:13.631 [SpringApplicationShutdownHook] INFO  com.zaxxer.hikari.HikariDataSource - HikariPool-1 - Shutdown completed.
