14:18:30.332 [background-preinit] INFO  o.h.validator.internal.util.Version - HV000001: Hibernate Validator 8.0.1.Final
14:18:30.424 [main] INFO  c.p.c.ContactsdemoApplication - Starting ContactsdemoApplication using Java 17.0.12 with PID 23676 (C:\Ayse Ceren - crud projects\contactsdemo\build\classes\java\main started by 16381136672 in C:\Ayse Ceren - crud projects\contactsdemo)
14:18:30.424 [main] INFO  c.p.c.ContactsdemoApplication - No active profile set, falling back to 1 default profile: "default"
14:18:31.903 [main] WARN  o.s.b.w.s.c.AnnotationConfigServletWebServerApplicationContext - Exception encountered during context initialization - cancelling refresh attempt: org.springframework.beans.factory.support.BeanDefinitionOverrideException: Invalid bean definition with name 'rateLimiterAspect' defined in class path resource [io/github/resilience4j/springboot3/ratelimiter/autoconfigure/RateLimiterConfigurationOnMissingBean.class]: Cannot register bean definition [Root bean: class [null]; scope=; abstract=false; lazyInit=null; autowireMode=3; dependencyCheck=0; autowireCandidate=true; primary=false; factoryBeanName=io.github.resilience4j.springboot3.ratelimiter.autoconfigure.RateLimiterConfigurationOnMissingBean; factoryMethodName=rateLimiterAspect; initMethodNames=null; destroyMethodNames=[(inferred)]; defined in class path resource [io/github/resilience4j/springboot3/ratelimiter/autoconfigure/RateLimiterConfigurationOnMissingBean.class]] for bean 'rateLimiterAspect' since there is already [Generic bean: class [com.project.contactsdemo.core.aspect.RateLimiterOrientedAspect]; scope=singleton; abstract=false; lazyInit=null; autowireMode=0; dependencyCheck=0; autowireCandidate=true; primary=false; factoryBeanName=null; factoryMethodName=null; initMethodNames=null; destroyMethodNames=null; defined in file [C:\Ayse Ceren - crud projects\contactsdemo\build\classes\java\main\com\project\contactsdemo\core\aspect\RateLimiterAspect.class]] bound.
14:18:31.918 [main] INFO  o.s.b.a.l.ConditionEvaluationReportLogger - 

Error starting ApplicationContext. To display the condition evaluation report re-run your application with 'debug' enabled.
14:18:31.950 [main] ERROR o.s.b.d.LoggingFailureAnalysisReporter - 

***************************
APPLICATION FAILED TO START
***************************

Description:

The bean 'rateLimiterAspect', defined in class path resource [io/github/resilience4j/springboot3/ratelimiter/autoconfigure/RateLimiterConfigurationOnMissingBean.class], could not be registered. A bean with that name has already been defined in file [C:\Ayse Ceren - crud projects\contactsdemo\build\classes\java\main\com\project\contactsdemo\core\aspect\RateLimiterAspect.class] and overriding is disabled.

Action:

Consider renaming one of the beans or enabling overriding by setting spring.main.allow-bean-definition-overriding=true

14:20:37.131 [background-preinit] INFO  o.h.validator.internal.util.Version - HV000001: Hibernate Validator 8.0.1.Final
14:20:37.169 [main] INFO  c.p.c.ContactsdemoApplication - Starting ContactsdemoApplication using Java 17.0.12 with PID 27896 (C:\Ayse Ceren - crud projects\contactsdemo\build\classes\java\main started by 16381136672 in C:\Ayse Ceren - crud projects\contactsdemo)
14:20:37.169 [main] INFO  c.p.c.ContactsdemoApplication - No active profile set, falling back to 1 default profile: "default"
14:20:38.212 [main] WARN  o.s.b.w.s.c.AnnotationConfigServletWebServerApplicationContext - Exception encountered during context initialization - cancelling refresh attempt: org.springframework.beans.factory.support.BeanDefinitionOverrideException: Invalid bean definition with name 'rateLimiterAspect' defined in class path resource [io/github/resilience4j/springboot3/ratelimiter/autoconfigure/RateLimiterConfigurationOnMissingBean.class]: Cannot register bean definition [Root bean: class [null]; scope=; abstract=false; lazyInit=null; autowireMode=3; dependencyCheck=0; autowireCandidate=true; primary=false; factoryBeanName=io.github.resilience4j.springboot3.ratelimiter.autoconfigure.RateLimiterConfigurationOnMissingBean; factoryMethodName=rateLimiterAspect; initMethodNames=null; destroyMethodNames=[(inferred)]; defined in class path resource [io/github/resilience4j/springboot3/ratelimiter/autoconfigure/RateLimiterConfigurationOnMissingBean.class]] for bean 'rateLimiterAspect' since there is already [Generic bean: class [com.project.contactsdemo.core.aspect.RateLimiterOrientedAspect]; scope=singleton; abstract=false; lazyInit=null; autowireMode=0; dependencyCheck=0; autowireCandidate=true; primary=false; factoryBeanName=null; factoryMethodName=null; initMethodNames=null; destroyMethodNames=null; defined in file [C:\Ayse Ceren - crud projects\contactsdemo\build\classes\java\main\com\project\contactsdemo\core\aspect\RateLimiterAspect.class]] bound.
14:20:38.228 [main] INFO  o.s.b.a.l.ConditionEvaluationReportLogger - 

Error starting ApplicationContext. To display the condition evaluation report re-run your application with 'debug' enabled.
14:20:38.243 [main] ERROR o.s.b.d.LoggingFailureAnalysisReporter - 

***************************
APPLICATION FAILED TO START
***************************

Description:

The bean 'rateLimiterAspect', defined in class path resource [io/github/resilience4j/springboot3/ratelimiter/autoconfigure/RateLimiterConfigurationOnMissingBean.class], could not be registered. A bean with that name has already been defined in file [C:\Ayse Ceren - crud projects\contactsdemo\build\classes\java\main\com\project\contactsdemo\core\aspect\RateLimiterAspect.class] and overriding is disabled.

Action:

Consider renaming one of the beans or enabling overriding by setting spring.main.allow-bean-definition-overriding=true

14:23:14.308 [background-preinit] INFO  o.h.validator.internal.util.Version - HV000001: Hibernate Validator 8.0.1.Final
14:23:14.364 [main] INFO  c.p.c.ContactsdemoApplication - Starting ContactsdemoApplication using Java 17.0.12 with PID 24460 (C:\Ayse Ceren - crud projects\contactsdemo\build\classes\java\main started by 16381136672 in C:\Ayse Ceren - crud projects\contactsdemo)
14:23:14.365 [main] INFO  c.p.c.ContactsdemoApplication - No active profile set, falling back to 1 default profile: "default"
14:23:15.549 [main] WARN  o.s.b.w.s.c.AnnotationConfigServletWebServerApplicationContext - Exception encountered during context initialization - cancelling refresh attempt: org.springframework.beans.factory.support.BeanDefinitionOverrideException: Invalid bean definition with name 'rateLimiterAspect' defined in class path resource [io/github/resilience4j/springboot3/ratelimiter/autoconfigure/RateLimiterConfigurationOnMissingBean.class]: Cannot register bean definition [Root bean: class [null]; scope=; abstract=false; lazyInit=null; autowireMode=3; dependencyCheck=0; autowireCandidate=true; primary=false; factoryBeanName=io.github.resilience4j.springboot3.ratelimiter.autoconfigure.RateLimiterConfigurationOnMissingBean; factoryMethodName=rateLimiterAspect; initMethodNames=null; destroyMethodNames=[(inferred)]; defined in class path resource [io/github/resilience4j/springboot3/ratelimiter/autoconfigure/RateLimiterConfigurationOnMissingBean.class]] for bean 'rateLimiterAspect' since there is already [Generic bean: class [com.project.contactsdemo.core.aspect.RateLimiterOrientedAspect]; scope=singleton; abstract=false; lazyInit=null; autowireMode=0; dependencyCheck=0; autowireCandidate=true; primary=false; factoryBeanName=null; factoryMethodName=null; initMethodNames=null; destroyMethodNames=null; defined in file [C:\Ayse Ceren - crud projects\contactsdemo\build\classes\java\main\com\project\contactsdemo\core\aspect\RateLimiterAspect.class]] bound.
14:23:15.566 [main] INFO  o.s.b.a.l.ConditionEvaluationReportLogger - 

Error starting ApplicationContext. To display the condition evaluation report re-run your application with 'debug' enabled.
14:23:15.593 [main] ERROR o.s.b.d.LoggingFailureAnalysisReporter - 

***************************
APPLICATION FAILED TO START
***************************

Description:

The bean 'rateLimiterAspect', defined in class path resource [io/github/resilience4j/springboot3/ratelimiter/autoconfigure/RateLimiterConfigurationOnMissingBean.class], could not be registered. A bean with that name has already been defined in file [C:\Ayse Ceren - crud projects\contactsdemo\build\classes\java\main\com\project\contactsdemo\core\aspect\RateLimiterAspect.class] and overriding is disabled.

Action:

Consider renaming one of the beans or enabling overriding by setting spring.main.allow-bean-definition-overriding=true

14:25:53.586 [background-preinit] INFO  o.h.validator.internal.util.Version - HV000001: Hibernate Validator 8.0.1.Final
14:25:53.635 [main] INFO  c.p.c.ContactsdemoApplication - Starting ContactsdemoApplication using Java 17.0.12 with PID 23720 (C:\Ayse Ceren - crud projects\contactsdemo\build\classes\java\main started by 16381136672 in C:\Ayse Ceren - crud projects\contactsdemo)
14:25:53.636 [main] INFO  c.p.c.ContactsdemoApplication - No active profile set, falling back to 1 default profile: "default"
14:25:55.040 [main] INFO  o.s.d.r.c.RepositoryConfigurationDelegate - Bootstrapping Spring Data JPA repositories in DEFAULT mode.
14:25:55.159 [main] INFO  o.s.d.r.c.RepositoryConfigurationDelegate - Finished Spring Data repository scanning in 104 ms. Found 2 JPA repository interfaces.
14:25:56.459 [main] INFO  o.s.b.w.e.tomcat.TomcatWebServer - Tomcat initialized with port 8080 (http)
14:25:56.473 [main] INFO  o.a.coyote.http11.Http11NioProtocol - Initializing ProtocolHandler ["http-nio-8080"]
14:25:56.474 [main] INFO  o.a.catalina.core.StandardService - Starting service [Tomcat]
14:25:56.475 [main] INFO  o.a.catalina.core.StandardEngine - Starting Servlet engine: [Apache Tomcat/10.1.25]
14:25:56.577 [main] INFO  o.a.c.c.C.[Tomcat].[localhost].[/] - Initializing Spring embedded WebApplicationContext
14:25:56.578 [main] INFO  o.s.b.w.s.c.ServletWebServerApplicationContext - Root WebApplicationContext: initialization completed in 2881 ms
14:25:57.001 [main] INFO  com.zaxxer.hikari.HikariDataSource - HikariPool-1 - Starting...
14:25:58.148 [main] ERROR com.zaxxer.hikari.pool.HikariPool - HikariPool-1 - Exception during pool initialization.
org.postgresql.util.PSQLException: FATAL: password authentication failed for user "admin"
	at org.postgresql.core.v3.ConnectionFactoryImpl.doAuthentication(ConnectionFactoryImpl.java:693)
	at org.postgresql.core.v3.ConnectionFactoryImpl.tryConnect(ConnectionFactoryImpl.java:203)
	at org.postgresql.core.v3.ConnectionFactoryImpl.openConnectionImpl(ConnectionFactoryImpl.java:258)
	at org.postgresql.core.ConnectionFactory.openConnection(ConnectionFactory.java:54)
	at org.postgresql.jdbc.PgConnection.<init>(PgConnection.java:263)
	at org.postgresql.Driver.makeConnection(Driver.java:443)
	at org.postgresql.Driver.connect(Driver.java:297)
	at com.zaxxer.hikari.util.DriverDataSource.getConnection(DriverDataSource.java:138)
	at com.zaxxer.hikari.pool.PoolBase.newConnection(PoolBase.java:359)
	at com.zaxxer.hikari.pool.PoolBase.newPoolEntry(PoolBase.java:201)
	at com.zaxxer.hikari.pool.HikariPool.createPoolEntry(HikariPool.java:470)
	at com.zaxxer.hikari.pool.HikariPool.checkFailFast(HikariPool.java:561)
	at com.zaxxer.hikari.pool.HikariPool.<init>(HikariPool.java:100)
	at com.zaxxer.hikari.HikariDataSource.getConnection(HikariDataSource.java:112)
	at liquibase.integration.spring.SpringLiquibase.afterPropertiesSet(SpringLiquibase.java:283)
	at org.springframework.beans.factory.support.AbstractAutowireCapableBeanFactory.invokeInitMethods(AbstractAutowireCapableBeanFactory.java:1835)
	at org.springframework.beans.factory.support.AbstractAutowireCapableBeanFactory.initializeBean(AbstractAutowireCapableBeanFactory.java:1784)
	at org.springframework.beans.factory.support.AbstractAutowireCapableBeanFactory.doCreateBean(AbstractAutowireCapableBeanFactory.java:600)
	at org.springframework.beans.factory.support.AbstractAutowireCapableBeanFactory.createBean(AbstractAutowireCapableBeanFactory.java:522)
	at org.springframework.beans.factory.support.AbstractBeanFactory.lambda$doGetBean$0(AbstractBeanFactory.java:337)
	at org.springframework.beans.factory.support.DefaultSingletonBeanRegistry.getSingleton(DefaultSingletonBeanRegistry.java:234)
	at org.springframework.beans.factory.support.AbstractBeanFactory.doGetBean(AbstractBeanFactory.java:335)
	at org.springframework.beans.factory.support.AbstractBeanFactory.getBean(AbstractBeanFactory.java:200)
	at org.springframework.beans.factory.support.AbstractBeanFactory.doGetBean(AbstractBeanFactory.java:313)
	at org.springframework.beans.factory.support.AbstractBeanFactory.getBean(AbstractBeanFactory.java:205)
	at org.springframework.context.support.AbstractApplicationContext.finishBeanFactoryInitialization(AbstractApplicationContext.java:952)
	at org.springframework.context.support.AbstractApplicationContext.refresh(AbstractApplicationContext.java:624)
	at org.springframework.boot.web.servlet.context.ServletWebServerApplicationContext.refresh(ServletWebServerApplicationContext.java:146)
	at org.springframework.boot.SpringApplication.refresh(SpringApplication.java:754)
	at org.springframework.boot.SpringApplication.refreshContext(SpringApplication.java:456)
	at org.springframework.boot.SpringApplication.run(SpringApplication.java:335)
	at org.springframework.boot.SpringApplication.run(SpringApplication.java:1363)
	at org.springframework.boot.SpringApplication.run(SpringApplication.java:1352)
	at com.project.contactsdemo.ContactsdemoApplication.main(ContactsdemoApplication.java:10)
14:25:58.151 [main] WARN  o.s.b.w.s.c.AnnotationConfigServletWebServerApplicationContext - Exception encountered during context initialization - cancelling refresh attempt: org.springframework.beans.factory.BeanCreationException: Error creating bean with name 'entityManagerFactory' defined in class path resource [org/springframework/boot/autoconfigure/orm/jpa/HibernateJpaConfiguration.class]: Failed to initialize dependency 'liquibase' of LoadTimeWeaverAware bean 'entityManagerFactory': Error creating bean with name 'liquibase' defined in class path resource [org/springframework/boot/autoconfigure/liquibase/LiquibaseAutoConfiguration$LiquibaseConfiguration.class]: org.postgresql.util.PSQLException: FATAL: password authentication failed for user "admin"
14:25:58.154 [main] INFO  o.a.catalina.core.StandardService - Stopping service [Tomcat]
14:25:58.176 [main] INFO  o.s.b.a.l.ConditionEvaluationReportLogger - 

Error starting ApplicationContext. To display the condition evaluation report re-run your application with 'debug' enabled.
14:25:58.199 [main] ERROR o.s.boot.SpringApplication - Application run failed
org.springframework.beans.factory.BeanCreationException: Error creating bean with name 'entityManagerFactory' defined in class path resource [org/springframework/boot/autoconfigure/orm/jpa/HibernateJpaConfiguration.class]: Failed to initialize dependency 'liquibase' of LoadTimeWeaverAware bean 'entityManagerFactory': Error creating bean with name 'liquibase' defined in class path resource [org/springframework/boot/autoconfigure/liquibase/LiquibaseAutoConfiguration$LiquibaseConfiguration.class]: org.postgresql.util.PSQLException: FATAL: password authentication failed for user "admin"
	at org.springframework.beans.factory.support.AbstractBeanFactory.doGetBean(AbstractBeanFactory.java:326)
	at org.springframework.beans.factory.support.AbstractBeanFactory.getBean(AbstractBeanFactory.java:205)
	at org.springframework.context.support.AbstractApplicationContext.finishBeanFactoryInitialization(AbstractApplicationContext.java:952)
	at org.springframework.context.support.AbstractApplicationContext.refresh(AbstractApplicationContext.java:624)
	at org.springframework.boot.web.servlet.context.ServletWebServerApplicationContext.refresh(ServletWebServerApplicationContext.java:146)
	at org.springframework.boot.SpringApplication.refresh(SpringApplication.java:754)
	at org.springframework.boot.SpringApplication.refreshContext(SpringApplication.java:456)
	at org.springframework.boot.SpringApplication.run(SpringApplication.java:335)
	at org.springframework.boot.SpringApplication.run(SpringApplication.java:1363)
	at org.springframework.boot.SpringApplication.run(SpringApplication.java:1352)
	at com.project.contactsdemo.ContactsdemoApplication.main(ContactsdemoApplication.java:10)
Caused by: org.springframework.beans.factory.BeanCreationException: Error creating bean with name 'liquibase' defined in class path resource [org/springframework/boot/autoconfigure/liquibase/LiquibaseAutoConfiguration$LiquibaseConfiguration.class]: org.postgresql.util.PSQLException: FATAL: password authentication failed for user "admin"
	at org.springframework.beans.factory.support.AbstractAutowireCapableBeanFactory.initializeBean(AbstractAutowireCapableBeanFactory.java:1788)
	at org.springframework.beans.factory.support.AbstractAutowireCapableBeanFactory.doCreateBean(AbstractAutowireCapableBeanFactory.java:600)
	at org.springframework.beans.factory.support.AbstractAutowireCapableBeanFactory.createBean(AbstractAutowireCapableBeanFactory.java:522)
	at org.springframework.beans.factory.support.AbstractBeanFactory.lambda$doGetBean$0(AbstractBeanFactory.java:337)
	at org.springframework.beans.factory.support.DefaultSingletonBeanRegistry.getSingleton(DefaultSingletonBeanRegistry.java:234)
	at org.springframework.beans.factory.support.AbstractBeanFactory.doGetBean(AbstractBeanFactory.java:335)
	at org.springframework.beans.factory.support.AbstractBeanFactory.getBean(AbstractBeanFactory.java:200)
	at org.springframework.beans.factory.support.AbstractBeanFactory.doGetBean(AbstractBeanFactory.java:313)
	... 10 common frames omitted
Caused by: liquibase.exception.DatabaseException: org.postgresql.util.PSQLException: FATAL: password authentication failed for user "admin"
	at liquibase.integration.spring.SpringLiquibase.afterPropertiesSet(SpringLiquibase.java:288)
	at org.springframework.beans.factory.support.AbstractAutowireCapableBeanFactory.invokeInitMethods(AbstractAutowireCapableBeanFactory.java:1835)
	at org.springframework.beans.factory.support.AbstractAutowireCapableBeanFactory.initializeBean(AbstractAutowireCapableBeanFactory.java:1784)
	... 17 common frames omitted
Caused by: org.postgresql.util.PSQLException: FATAL: password authentication failed for user "admin"
	at org.postgresql.core.v3.ConnectionFactoryImpl.doAuthentication(ConnectionFactoryImpl.java:693)
	at org.postgresql.core.v3.ConnectionFactoryImpl.tryConnect(ConnectionFactoryImpl.java:203)
	at org.postgresql.core.v3.ConnectionFactoryImpl.openConnectionImpl(ConnectionFactoryImpl.java:258)
	at org.postgresql.core.ConnectionFactory.openConnection(ConnectionFactory.java:54)
	at org.postgresql.jdbc.PgConnection.<init>(PgConnection.java:263)
	at org.postgresql.Driver.makeConnection(Driver.java:443)
	at org.postgresql.Driver.connect(Driver.java:297)
	at com.zaxxer.hikari.util.DriverDataSource.getConnection(DriverDataSource.java:138)
	at com.zaxxer.hikari.pool.PoolBase.newConnection(PoolBase.java:359)
	at com.zaxxer.hikari.pool.PoolBase.newPoolEntry(PoolBase.java:201)
	at com.zaxxer.hikari.pool.HikariPool.createPoolEntry(HikariPool.java:470)
	at com.zaxxer.hikari.pool.HikariPool.checkFailFast(HikariPool.java:561)
	at com.zaxxer.hikari.pool.HikariPool.<init>(HikariPool.java:100)
	at com.zaxxer.hikari.HikariDataSource.getConnection(HikariDataSource.java:112)
	at liquibase.integration.spring.SpringLiquibase.afterPropertiesSet(SpringLiquibase.java:283)
	... 19 common frames omitted
14:26:50.536 [background-preinit] INFO  o.h.validator.internal.util.Version - HV000001: Hibernate Validator 8.0.1.Final
14:26:50.582 [main] INFO  c.p.c.ContactsdemoApplication - Starting ContactsdemoApplication using Java 17.0.12 with PID 22828 (C:\Ayse Ceren - crud projects\contactsdemo\build\classes\java\main started by 16381136672 in C:\Ayse Ceren - crud projects\contactsdemo)
14:26:50.583 [main] INFO  c.p.c.ContactsdemoApplication - No active profile set, falling back to 1 default profile: "default"
14:26:52.011 [main] INFO  o.s.d.r.c.RepositoryConfigurationDelegate - Bootstrapping Spring Data JPA repositories in DEFAULT mode.
14:26:52.111 [main] INFO  o.s.d.r.c.RepositoryConfigurationDelegate - Finished Spring Data repository scanning in 92 ms. Found 2 JPA repository interfaces.
14:26:53.238 [main] INFO  o.s.b.w.e.tomcat.TomcatWebServer - Tomcat initialized with port 8080 (http)
14:26:53.248 [main] INFO  o.a.coyote.http11.Http11NioProtocol - Initializing ProtocolHandler ["http-nio-8080"]
14:26:53.250 [main] INFO  o.a.catalina.core.StandardService - Starting service [Tomcat]
14:26:53.251 [main] INFO  o.a.catalina.core.StandardEngine - Starting Servlet engine: [Apache Tomcat/10.1.25]
14:26:53.346 [main] INFO  o.a.c.c.C.[Tomcat].[localhost].[/] - Initializing Spring embedded WebApplicationContext
14:26:53.347 [main] INFO  o.s.b.w.s.c.ServletWebServerApplicationContext - Root WebApplicationContext: initialization completed in 2694 ms
14:26:53.751 [main] INFO  com.zaxxer.hikari.HikariDataSource - HikariPool-1 - Starting...
14:26:53.984 [main] INFO  com.zaxxer.hikari.pool.HikariPool - HikariPool-1 - Added connection org.postgresql.jdbc.PgConnection@516b84d1
14:26:53.986 [main] INFO  com.zaxxer.hikari.HikariDataSource - HikariPool-1 - Start completed.
14:26:54.934 [main] INFO  liquibase.changelog - Reading from public.databasechangelog
14:26:54.997 [main] INFO  liquibase.changelog - Reading from public.databasechangelog
14:26:55.006 [main] INFO  liquibase.util - UPDATE SUMMARY
14:26:55.007 [main] INFO  liquibase.util - Run:                          0
14:26:55.007 [main] INFO  liquibase.util - Previously run:               2
14:26:55.007 [main] INFO  liquibase.util - Filtered out:                 0
14:26:55.007 [main] INFO  liquibase.util - -------------------------------
14:26:55.007 [main] INFO  liquibase.util - Total change sets:            2
14:26:55.007 [main] INFO  liquibase.util - Update summary generated
14:26:55.038 [main] INFO  liquibase.lockservice - Successfully released change log lock
14:26:55.040 [main] INFO  liquibase.command - Command execution complete
14:26:55.185 [main] INFO  o.h.jpa.internal.util.LogHelper - HHH000204: Processing PersistenceUnitInfo [name: default]
14:26:55.326 [main] INFO  org.hibernate.Version - HHH000412: Hibernate ORM core version 6.4.9.Final
14:26:55.389 [main] INFO  o.h.c.i.RegionFactoryInitiator - HHH000026: Second-level cache disabled
14:26:55.798 [main] INFO  o.s.o.j.p.SpringPersistenceUnitInfo - No LoadTimeWeaver setup: ignoring JPA class transformer
14:26:55.912 [main] WARN  org.hibernate.orm.deprecation - HHH90000025: PostgreSQLDialect does not need to be specified explicitly using 'hibernate.dialect' (remove the property setting and it will be selected by default)
14:26:57.236 [main] INFO  o.s.o.j.LocalContainerEntityManagerFactoryBean - Initialized JPA EntityManagerFactory for persistence unit 'default'
14:26:57.627 [main] INFO  o.s.d.j.r.query.QueryEnhancerFactory - Hibernate is in classpath; If applicable, HQL parser will be used.
14:26:59.011 [main] WARN  c.h.i.impl.HazelcastInstanceFactory - Hazelcast is starting in a Java modular environment (Java 9 and newer) but without proper access to required Java packages. Use additional Java arguments to provide Hazelcast access to Java internal API. The internal API access is used to get the best performance results. Arguments to be used:
 --add-modules java.se --add-exports java.base/jdk.internal.ref=ALL-UNNAMED --add-opens java.base/java.lang=ALL-UNNAMED --add-opens java.base/java.nio=ALL-UNNAMED --add-opens java.base/sun.nio.ch=ALL-UNNAMED --add-opens java.management/sun.management=ALL-UNNAMED --add-opens jdk.management/com.sun.management.internal=ALL-UNNAMED
14:26:59.020 [main] INFO  c.h.i.config.AbstractConfigLocator - Loading 'hazelcast-default.xml' from the classpath.
14:26:59.911 [main] INFO  c.hazelcast.instance.AddressPicker - [LOCAL] [dev] [4.1] Prefer IPv4 stack is true, prefer IPv6 addresses is false
14:26:59.955 [main] INFO  c.hazelcast.instance.AddressPicker - [LOCAL] [dev] [4.1] Picked [10.251.34.15]:5701, using socket ServerSocket[addr=/0:0:0:0:0:0:0:0,localport=5701], bind any local is true
14:27:00.029 [main] INFO  com.hazelcast.system - [10.251.34.15]:5701 [dev] [4.1] Hazelcast 4.0.1 (20200409 - e086b9c) starting at [10.251.34.15]:5701
14:27:00.030 [main] INFO  com.hazelcast.system - [10.251.34.15]:5701 [dev] [4.1] Copyright (c) 2008-2020, Hazelcast, Inc. All Rights Reserved.
14:27:01.106 [main] INFO  c.h.s.i.o.impl.BackpressureRegulator - [10.251.34.15]:5701 [dev] [4.1] Backpressure is disabled
14:27:02.082 [main] INFO  com.hazelcast.instance.impl.Node - [10.251.34.15]:5701 [dev] [4.1] Creating MulticastJoiner
14:27:02.093 [main] WARN  com.hazelcast.cp.CPSubsystem - [10.251.34.15]:5701 [dev] [4.1] CP Subsystem is not enabled. CP data structures will operate in UNSAFE mode! Please note that UNSAFE mode will not provide strong consistency guarantees.
14:27:02.739 [main] INFO  c.h.s.i.o.impl.OperationExecutorImpl - [10.251.34.15]:5701 [dev] [4.1] Starting 16 partition threads and 9 generic threads (1 dedicated for priority tasks)
14:27:02.753 [main] INFO  c.h.internal.diagnostics.Diagnostics - [10.251.34.15]:5701 [dev] [4.1] Diagnostics disabled. To enable add -Dhazelcast.diagnostics.enabled=true to the JVM arguments.
14:27:02.774 [main] INFO  com.hazelcast.core.LifecycleService - [10.251.34.15]:5701 [dev] [4.1] [10.251.34.15]:5701 is STARTING
14:27:05.397 [main] INFO  c.h.internal.cluster.ClusterService - [10.251.34.15]:5701 [dev] [4.1] 

Members {size:1, ver:1} [
	Member [10.251.34.15]:5701 - b5e7cd6c-c73a-43f5-89e4-d67de6c78fdc this
]

14:27:05.431 [main] INFO  com.hazelcast.core.LifecycleService - [10.251.34.15]:5701 [dev] [4.1] [10.251.34.15]:5701 is STARTED
14:27:05.491 [main] WARN  o.s.b.w.s.c.AnnotationConfigServletWebServerApplicationContext - Exception encountered during context initialization - cancelling refresh attempt: org.springframework.beans.factory.UnsatisfiedDependencyException: Error creating bean with name 'rateLimiterOrientedAspect' defined in file [C:\Ayse Ceren - crud projects\contactsdemo\build\classes\java\main\com\project\contactsdemo\core\aspect\RateLimiterOrientedAspect.class]: Unsatisfied dependency expressed through constructor parameter 0: Error creating bean with name 'rateLimiterService' defined in file [C:\Ayse Ceren - crud projects\contactsdemo\build\classes\java\main\com\project\contactsdemo\core\service\RateLimiterService.class]: Unsatisfied dependency expressed through constructor parameter 0: Error creating bean with name 'rateLimiterConfig': Could not bind properties to 'RateLimiterConfig' : prefix=rate-limiter, ignoreInvalidFields=false, ignoreUnknownFields=true
14:27:05.491 [main] INFO  o.s.o.j.LocalContainerEntityManagerFactoryBean - Closing JPA EntityManagerFactory for persistence unit 'default'
14:27:05.498 [main] INFO  com.zaxxer.hikari.HikariDataSource - HikariPool-1 - Shutdown initiated...
14:27:05.505 [main] INFO  com.zaxxer.hikari.HikariDataSource - HikariPool-1 - Shutdown completed.
14:27:05.513 [main] INFO  o.a.catalina.core.StandardService - Stopping service [Tomcat]
14:27:05.539 [main] INFO  o.s.b.a.l.ConditionEvaluationReportLogger - 

Error starting ApplicationContext. To display the condition evaluation report re-run your application with 'debug' enabled.
14:27:05.599 [main] ERROR o.s.b.d.LoggingFailureAnalysisReporter - 

***************************
APPLICATION FAILED TO START
***************************

Description:

Failed to bind properties under 'rate-limiter' to com.project.contactsdemo.core.config.RateLimiterConfig$$SpringCGLIB$$0:

    Property: rate-limiter.enabled
    Value: "true"
    Origin: class path resource [application.yaml] - 41:12
    Reason: java.lang.IllegalStateException: No setter found for property: enabled

Action:

Update your application's configuration

14:27:29.908 [background-preinit] INFO  o.h.validator.internal.util.Version - HV000001: Hibernate Validator 8.0.1.Final
14:27:29.965 [main] INFO  c.p.c.ContactsdemoApplication - Starting ContactsdemoApplication using Java 17.0.12 with PID 22924 (C:\Ayse Ceren - crud projects\contactsdemo\build\classes\java\main started by 16381136672 in C:\Ayse Ceren - crud projects\contactsdemo)
14:27:29.965 [main] INFO  c.p.c.ContactsdemoApplication - No active profile set, falling back to 1 default profile: "default"
14:27:31.573 [main] INFO  o.s.d.r.c.RepositoryConfigurationDelegate - Bootstrapping Spring Data JPA repositories in DEFAULT mode.
14:27:31.665 [main] INFO  o.s.d.r.c.RepositoryConfigurationDelegate - Finished Spring Data repository scanning in 83 ms. Found 2 JPA repository interfaces.
14:27:32.681 [main] INFO  o.s.b.w.e.tomcat.TomcatWebServer - Tomcat initialized with port 8080 (http)
14:27:32.690 [main] INFO  o.a.coyote.http11.Http11NioProtocol - Initializing ProtocolHandler ["http-nio-8080"]
14:27:32.692 [main] INFO  o.a.catalina.core.StandardService - Starting service [Tomcat]
14:27:32.692 [main] INFO  o.a.catalina.core.StandardEngine - Starting Servlet engine: [Apache Tomcat/10.1.25]
14:27:32.776 [main] INFO  o.a.c.c.C.[Tomcat].[localhost].[/] - Initializing Spring embedded WebApplicationContext
14:27:32.776 [main] INFO  o.s.b.w.s.c.ServletWebServerApplicationContext - Root WebApplicationContext: initialization completed in 2749 ms
14:27:33.151 [main] INFO  com.zaxxer.hikari.HikariDataSource - HikariPool-1 - Starting...
14:27:33.300 [main] INFO  com.zaxxer.hikari.pool.HikariPool - HikariPool-1 - Added connection org.postgresql.jdbc.PgConnection@2110684a
14:27:33.301 [main] INFO  com.zaxxer.hikari.HikariDataSource - HikariPool-1 - Start completed.
14:27:33.913 [main] INFO  liquibase.changelog - Reading from public.databasechangelog
14:27:33.977 [main] INFO  liquibase.changelog - Reading from public.databasechangelog
14:27:33.985 [main] INFO  liquibase.util - UPDATE SUMMARY
14:27:33.985 [main] INFO  liquibase.util - Run:                          0
14:27:33.985 [main] INFO  liquibase.util - Previously run:               2
14:27:33.985 [main] INFO  liquibase.util - Filtered out:                 0
14:27:33.985 [main] INFO  liquibase.util - -------------------------------
14:27:33.985 [main] INFO  liquibase.util - Total change sets:            2
14:27:33.985 [main] INFO  liquibase.util - Update summary generated
14:27:34.013 [main] INFO  liquibase.lockservice - Successfully released change log lock
14:27:34.016 [main] INFO  liquibase.command - Command execution complete
14:27:34.141 [main] INFO  o.h.jpa.internal.util.LogHelper - HHH000204: Processing PersistenceUnitInfo [name: default]
14:27:34.198 [main] INFO  org.hibernate.Version - HHH000412: Hibernate ORM core version 6.4.9.Final
14:27:34.234 [main] INFO  o.h.c.i.RegionFactoryInitiator - HHH000026: Second-level cache disabled
14:27:34.483 [main] INFO  o.s.o.j.p.SpringPersistenceUnitInfo - No LoadTimeWeaver setup: ignoring JPA class transformer
14:27:34.533 [main] WARN  org.hibernate.orm.deprecation - HHH90000025: PostgreSQLDialect does not need to be specified explicitly using 'hibernate.dialect' (remove the property setting and it will be selected by default)
14:27:35.678 [main] INFO  o.s.o.j.LocalContainerEntityManagerFactoryBean - Initialized JPA EntityManagerFactory for persistence unit 'default'
14:27:36.025 [main] INFO  o.s.d.j.r.query.QueryEnhancerFactory - Hibernate is in classpath; If applicable, HQL parser will be used.
14:27:36.542 [main] WARN  c.h.i.impl.HazelcastInstanceFactory - Hazelcast is starting in a Java modular environment (Java 9 and newer) but without proper access to required Java packages. Use additional Java arguments to provide Hazelcast access to Java internal API. The internal API access is used to get the best performance results. Arguments to be used:
 --add-modules java.se --add-exports java.base/jdk.internal.ref=ALL-UNNAMED --add-opens java.base/java.lang=ALL-UNNAMED --add-opens java.base/java.nio=ALL-UNNAMED --add-opens java.base/sun.nio.ch=ALL-UNNAMED --add-opens java.management/sun.management=ALL-UNNAMED --add-opens jdk.management/com.sun.management.internal=ALL-UNNAMED
14:27:36.546 [main] INFO  c.h.i.config.AbstractConfigLocator - Loading 'hazelcast-default.xml' from the classpath.
14:27:36.791 [main] INFO  c.hazelcast.instance.AddressPicker - [LOCAL] [dev] [4.1] Prefer IPv4 stack is true, prefer IPv6 addresses is false
14:27:36.817 [main] INFO  c.hazelcast.instance.AddressPicker - [LOCAL] [dev] [4.1] Picked [10.251.34.15]:5701, using socket ServerSocket[addr=/0:0:0:0:0:0:0:0,localport=5701], bind any local is true
14:27:36.835 [main] INFO  com.hazelcast.system - [10.251.34.15]:5701 [dev] [4.1] Hazelcast 4.0.1 (20200409 - e086b9c) starting at [10.251.34.15]:5701
14:27:36.836 [main] INFO  com.hazelcast.system - [10.251.34.15]:5701 [dev] [4.1] Copyright (c) 2008-2020, Hazelcast, Inc. All Rights Reserved.
14:27:37.001 [main] INFO  c.h.s.i.o.impl.BackpressureRegulator - [10.251.34.15]:5701 [dev] [4.1] Backpressure is disabled
14:27:37.235 [main] INFO  com.hazelcast.instance.impl.Node - [10.251.34.15]:5701 [dev] [4.1] Creating MulticastJoiner
14:27:37.239 [main] WARN  com.hazelcast.cp.CPSubsystem - [10.251.34.15]:5701 [dev] [4.1] CP Subsystem is not enabled. CP data structures will operate in UNSAFE mode! Please note that UNSAFE mode will not provide strong consistency guarantees.
14:27:37.436 [main] INFO  c.h.s.i.o.impl.OperationExecutorImpl - [10.251.34.15]:5701 [dev] [4.1] Starting 16 partition threads and 9 generic threads (1 dedicated for priority tasks)
14:27:37.450 [main] INFO  c.h.internal.diagnostics.Diagnostics - [10.251.34.15]:5701 [dev] [4.1] Diagnostics disabled. To enable add -Dhazelcast.diagnostics.enabled=true to the JVM arguments.
14:27:37.455 [main] INFO  com.hazelcast.core.LifecycleService - [10.251.34.15]:5701 [dev] [4.1] [10.251.34.15]:5701 is STARTING
14:27:40.084 [main] INFO  c.h.internal.cluster.ClusterService - [10.251.34.15]:5701 [dev] [4.1] 

Members {size:1, ver:1} [
	Member [10.251.34.15]:5701 - 171b2e83-bd6a-471c-8eb1-6e4fb068f34e this
]

14:27:40.099 [main] INFO  com.hazelcast.core.LifecycleService - [10.251.34.15]:5701 [dev] [4.1] [10.251.34.15]:5701 is STARTED
14:27:40.152 [main] WARN  o.s.b.w.s.c.AnnotationConfigServletWebServerApplicationContext - Exception encountered during context initialization - cancelling refresh attempt: org.springframework.beans.factory.UnsatisfiedDependencyException: Error creating bean with name 'rateLimiterOrientedAspect' defined in file [C:\Ayse Ceren - crud projects\contactsdemo\build\classes\java\main\com\project\contactsdemo\core\aspect\RateLimiterOrientedAspect.class]: Unsatisfied dependency expressed through constructor parameter 0: Error creating bean with name 'rateLimiterService' defined in file [C:\Ayse Ceren - crud projects\contactsdemo\build\classes\java\main\com\project\contactsdemo\core\service\RateLimiterService.class]: Unsatisfied dependency expressed through constructor parameter 0: Error creating bean with name 'rateLimiterConfig': Could not bind properties to 'RateLimiterConfig' : prefix=rate-limiter, ignoreInvalidFields=false, ignoreUnknownFields=true
14:27:40.152 [main] INFO  o.s.o.j.LocalContainerEntityManagerFactoryBean - Closing JPA EntityManagerFactory for persistence unit 'default'
14:27:40.154 [main] INFO  com.zaxxer.hikari.HikariDataSource - HikariPool-1 - Shutdown initiated...
14:27:40.158 [main] INFO  com.zaxxer.hikari.HikariDataSource - HikariPool-1 - Shutdown completed.
14:27:40.159 [main] INFO  o.a.catalina.core.StandardService - Stopping service [Tomcat]
14:27:40.179 [main] INFO  o.s.b.a.l.ConditionEvaluationReportLogger - 

Error starting ApplicationContext. To display the condition evaluation report re-run your application with 'debug' enabled.
14:27:40.199 [main] ERROR o.s.b.d.LoggingFailureAnalysisReporter - 

***************************
APPLICATION FAILED TO START
***************************

Description:

Failed to bind properties under 'rate-limiter' to com.project.contactsdemo.core.config.RateLimiterConfig$$SpringCGLIB$$0:

    Property: rate-limiter.enabled
    Value: "true"
    Origin: class path resource [application.yaml] - 41:12
    Reason: java.lang.IllegalStateException: No setter found for property: enabled

Action:

Update your application's configuration

15:05:22.155 [background-preinit] INFO  o.h.validator.internal.util.Version - HV000001: Hibernate Validator 8.0.1.Final
15:05:22.224 [main] INFO  c.p.c.ContactsdemoApplication - Starting ContactsdemoApplication using Java 17.0.12 with PID 23844 (C:\Ayse Ceren - crud projects\contactsdemo\build\classes\java\main started by 16381136672 in C:\Ayse Ceren - crud projects\contactsdemo)
15:05:22.224 [main] INFO  c.p.c.ContactsdemoApplication - No active profile set, falling back to 1 default profile: "default"
15:05:23.908 [main] INFO  o.s.d.r.c.RepositoryConfigurationDelegate - Bootstrapping Spring Data JPA repositories in DEFAULT mode.
15:05:24.025 [main] INFO  o.s.d.r.c.RepositoryConfigurationDelegate - Finished Spring Data repository scanning in 105 ms. Found 2 JPA repository interfaces.
15:05:25.252 [main] INFO  o.s.b.w.e.tomcat.TomcatWebServer - Tomcat initialized with port 8080 (http)
15:05:25.252 [main] INFO  o.a.coyote.http11.Http11NioProtocol - Initializing ProtocolHandler ["http-nio-8080"]
15:05:25.252 [main] INFO  o.a.catalina.core.StandardService - Starting service [Tomcat]
15:05:25.252 [main] INFO  o.a.catalina.core.StandardEngine - Starting Servlet engine: [Apache Tomcat/10.1.25]
15:05:25.371 [main] INFO  o.a.c.c.C.[Tomcat].[localhost].[/] - Initializing Spring embedded WebApplicationContext
15:05:25.371 [main] INFO  o.s.b.w.s.c.ServletWebServerApplicationContext - Root WebApplicationContext: initialization completed in 3085 ms
15:05:25.815 [main] INFO  com.zaxxer.hikari.HikariDataSource - HikariPool-1 - Starting...
15:05:26.041 [main] INFO  com.zaxxer.hikari.pool.HikariPool - HikariPool-1 - Added connection org.postgresql.jdbc.PgConnection@54caeadc
15:05:26.042 [main] INFO  com.zaxxer.hikari.HikariDataSource - HikariPool-1 - Start completed.
15:05:27.009 [main] INFO  liquibase.changelog - Reading from public.databasechangelog
15:05:27.096 [main] INFO  liquibase.changelog - Reading from public.databasechangelog
15:05:27.104 [main] INFO  liquibase.util - UPDATE SUMMARY
15:05:27.104 [main] INFO  liquibase.util - Run:                          0
15:05:27.104 [main] INFO  liquibase.util - Previously run:               2
15:05:27.104 [main] INFO  liquibase.util - Filtered out:                 0
15:05:27.104 [main] INFO  liquibase.util - -------------------------------
15:05:27.104 [main] INFO  liquibase.util - Total change sets:            2
15:05:27.104 [main] INFO  liquibase.util - Update summary generated
15:05:27.145 [main] INFO  liquibase.lockservice - Successfully released change log lock
15:05:27.148 [main] INFO  liquibase.command - Command execution complete
15:05:27.275 [main] INFO  o.h.jpa.internal.util.LogHelper - HHH000204: Processing PersistenceUnitInfo [name: default]
15:05:27.352 [main] INFO  org.hibernate.Version - HHH000412: Hibernate ORM core version 6.4.9.Final
15:05:27.383 [main] INFO  o.h.c.i.RegionFactoryInitiator - HHH000026: Second-level cache disabled
15:05:27.679 [main] INFO  o.s.o.j.p.SpringPersistenceUnitInfo - No LoadTimeWeaver setup: ignoring JPA class transformer
15:05:27.772 [main] WARN  org.hibernate.orm.deprecation - HHH90000025: PostgreSQLDialect does not need to be specified explicitly using 'hibernate.dialect' (remove the property setting and it will be selected by default)
15:05:28.944 [main] INFO  o.s.o.j.LocalContainerEntityManagerFactoryBean - Initialized JPA EntityManagerFactory for persistence unit 'default'
15:05:29.349 [main] INFO  o.s.d.j.r.query.QueryEnhancerFactory - Hibernate is in classpath; If applicable, HQL parser will be used.
15:05:30.897 [main] WARN  c.h.i.impl.HazelcastInstanceFactory - Hazelcast is starting in a Java modular environment (Java 9 and newer) but without proper access to required Java packages. Use additional Java arguments to provide Hazelcast access to Java internal API. The internal API access is used to get the best performance results. Arguments to be used:
 --add-modules java.se --add-exports java.base/jdk.internal.ref=ALL-UNNAMED --add-opens java.base/java.lang=ALL-UNNAMED --add-opens java.base/java.nio=ALL-UNNAMED --add-opens java.base/sun.nio.ch=ALL-UNNAMED --add-opens java.management/sun.management=ALL-UNNAMED --add-opens jdk.management/com.sun.management.internal=ALL-UNNAMED
15:05:30.905 [main] INFO  c.h.i.config.AbstractConfigLocator - Loading 'hazelcast-default.xml' from the classpath.
15:05:31.694 [main] INFO  c.hazelcast.instance.AddressPicker - [LOCAL] [dev] [4.1] Prefer IPv4 stack is true, prefer IPv6 addresses is false
15:05:31.758 [main] INFO  c.hazelcast.instance.AddressPicker - [LOCAL] [dev] [4.1] Picked [10.251.34.15]:5701, using socket ServerSocket[addr=/0:0:0:0:0:0:0:0,localport=5701], bind any local is true
15:05:31.805 [main] INFO  com.hazelcast.system - [10.251.34.15]:5701 [dev] [4.1] Hazelcast 4.0.1 (20200409 - e086b9c) starting at [10.251.34.15]:5701
15:05:31.805 [main] INFO  com.hazelcast.system - [10.251.34.15]:5701 [dev] [4.1] Copyright (c) 2008-2020, Hazelcast, Inc. All Rights Reserved.
15:05:32.905 [main] INFO  c.h.s.i.o.impl.BackpressureRegulator - [10.251.34.15]:5701 [dev] [4.1] Backpressure is disabled
15:05:33.912 [main] INFO  com.hazelcast.instance.impl.Node - [10.251.34.15]:5701 [dev] [4.1] Creating MulticastJoiner
15:05:33.927 [main] WARN  com.hazelcast.cp.CPSubsystem - [10.251.34.15]:5701 [dev] [4.1] CP Subsystem is not enabled. CP data structures will operate in UNSAFE mode! Please note that UNSAFE mode will not provide strong consistency guarantees.
15:05:34.522 [main] INFO  c.h.s.i.o.impl.OperationExecutorImpl - [10.251.34.15]:5701 [dev] [4.1] Starting 16 partition threads and 9 generic threads (1 dedicated for priority tasks)
15:05:34.540 [main] INFO  c.h.internal.diagnostics.Diagnostics - [10.251.34.15]:5701 [dev] [4.1] Diagnostics disabled. To enable add -Dhazelcast.diagnostics.enabled=true to the JVM arguments.
15:05:34.559 [main] INFO  com.hazelcast.core.LifecycleService - [10.251.34.15]:5701 [dev] [4.1] [10.251.34.15]:5701 is STARTING
15:05:37.405 [main] INFO  c.h.internal.cluster.ClusterService - [10.251.34.15]:5701 [dev] [4.1] 

Members {size:1, ver:1} [
	Member [10.251.34.15]:5701 - 3bff045c-a5ab-4812-87d9-8f86ad6d98a7 this
]

15:05:37.441 [main] INFO  com.hazelcast.core.LifecycleService - [10.251.34.15]:5701 [dev] [4.1] [10.251.34.15]:5701 is STARTED
15:05:37.506 [main] WARN  o.s.b.w.s.c.AnnotationConfigServletWebServerApplicationContext - Exception encountered during context initialization - cancelling refresh attempt: org.springframework.beans.factory.UnsatisfiedDependencyException: Error creating bean with name 'rateLimiterOrientedAspect' defined in file [C:\Ayse Ceren - crud projects\contactsdemo\build\classes\java\main\com\project\contactsdemo\core\aspect\RateLimiterOrientedAspect.class]: Unsatisfied dependency expressed through constructor parameter 0: Error creating bean with name 'rateLimiterService' defined in file [C:\Ayse Ceren - crud projects\contactsdemo\build\classes\java\main\com\project\contactsdemo\core\service\RateLimiterService.class]: Unsatisfied dependency expressed through constructor parameter 0: Error creating bean with name 'rateLimiterConfig': Could not bind properties to 'RateLimiterConfig' : prefix=rate-limiter, ignoreInvalidFields=false, ignoreUnknownFields=true
15:05:37.506 [main] INFO  o.s.o.j.LocalContainerEntityManagerFactoryBean - Closing JPA EntityManagerFactory for persistence unit 'default'
15:05:37.522 [main] INFO  com.zaxxer.hikari.HikariDataSource - HikariPool-1 - Shutdown initiated...
15:05:37.531 [main] INFO  com.zaxxer.hikari.HikariDataSource - HikariPool-1 - Shutdown completed.
15:05:37.544 [main] INFO  o.a.catalina.core.StandardService - Stopping service [Tomcat]
15:05:37.566 [main] INFO  o.s.b.a.l.ConditionEvaluationReportLogger - 

Error starting ApplicationContext. To display the condition evaluation report re-run your application with 'debug' enabled.
15:05:37.628 [main] ERROR o.s.b.d.LoggingFailureAnalysisReporter - 

***************************
APPLICATION FAILED TO START
***************************

Description:

Failed to bind properties under 'rate-limiter' to com.project.contactsdemo.core.config.RateLimiterConfig$$SpringCGLIB$$0:

    Property: rate-limiter.enabled
    Value: "true"
    Origin: class path resource [application.yaml] - 41:12
    Reason: java.lang.IllegalStateException: No setter found for property: enabled

Action:

Update your application's configuration

15:07:15.120 [background-preinit] INFO  o.h.validator.internal.util.Version - HV000001: Hibernate Validator 8.0.1.Final
15:07:15.182 [main] INFO  c.p.c.ContactsdemoApplication - Starting ContactsdemoApplication using Java 17.0.12 with PID 19568 (C:\Ayse Ceren - crud projects\contactsdemo\build\classes\java\main started by 16381136672 in C:\Ayse Ceren - crud projects\contactsdemo)
15:07:15.183 [main] INFO  c.p.c.ContactsdemoApplication - No active profile set, falling back to 1 default profile: "default"
15:07:16.787 [main] INFO  o.s.d.r.c.RepositoryConfigurationDelegate - Bootstrapping Spring Data JPA repositories in DEFAULT mode.
15:07:16.905 [main] INFO  o.s.d.r.c.RepositoryConfigurationDelegate - Finished Spring Data repository scanning in 108 ms. Found 2 JPA repository interfaces.
15:07:18.142 [main] INFO  o.s.b.w.e.tomcat.TomcatWebServer - Tomcat initialized with port 8080 (http)
15:07:18.154 [main] INFO  o.a.coyote.http11.Http11NioProtocol - Initializing ProtocolHandler ["http-nio-8080"]
15:07:18.156 [main] INFO  o.a.catalina.core.StandardService - Starting service [Tomcat]
15:07:18.157 [main] INFO  o.a.catalina.core.StandardEngine - Starting Servlet engine: [Apache Tomcat/10.1.25]
15:07:18.249 [main] INFO  o.a.c.c.C.[Tomcat].[localhost].[/] - Initializing Spring embedded WebApplicationContext
15:07:18.249 [main] INFO  o.s.b.w.s.c.ServletWebServerApplicationContext - Root WebApplicationContext: initialization completed in 2983 ms
15:07:18.703 [main] INFO  com.zaxxer.hikari.HikariDataSource - HikariPool-1 - Starting...
15:07:18.880 [main] INFO  com.zaxxer.hikari.pool.HikariPool - HikariPool-1 - Added connection org.postgresql.jdbc.PgConnection@7e1fb22c
15:07:18.882 [main] INFO  com.zaxxer.hikari.HikariDataSource - HikariPool-1 - Start completed.
15:07:19.694 [main] INFO  liquibase.changelog - Reading from public.databasechangelog
15:07:19.766 [main] INFO  liquibase.changelog - Reading from public.databasechangelog
15:07:19.775 [main] INFO  liquibase.util - UPDATE SUMMARY
15:07:19.775 [main] INFO  liquibase.util - Run:                          0
15:07:19.775 [main] INFO  liquibase.util - Previously run:               2
15:07:19.775 [main] INFO  liquibase.util - Filtered out:                 0
15:07:19.775 [main] INFO  liquibase.util - -------------------------------
15:07:19.775 [main] INFO  liquibase.util - Total change sets:            2
15:07:19.776 [main] INFO  liquibase.util - Update summary generated
15:07:19.805 [main] INFO  liquibase.lockservice - Successfully released change log lock
15:07:19.808 [main] INFO  liquibase.command - Command execution complete
15:07:19.947 [main] INFO  o.h.jpa.internal.util.LogHelper - HHH000204: Processing PersistenceUnitInfo [name: default]
15:07:20.024 [main] INFO  org.hibernate.Version - HHH000412: Hibernate ORM core version 6.4.9.Final
15:07:20.066 [main] INFO  o.h.c.i.RegionFactoryInitiator - HHH000026: Second-level cache disabled
15:07:20.368 [main] INFO  o.s.o.j.p.SpringPersistenceUnitInfo - No LoadTimeWeaver setup: ignoring JPA class transformer
15:07:20.475 [main] WARN  org.hibernate.orm.deprecation - HHH90000025: PostgreSQLDialect does not need to be specified explicitly using 'hibernate.dialect' (remove the property setting and it will be selected by default)
15:07:21.668 [main] INFO  o.s.o.j.LocalContainerEntityManagerFactoryBean - Initialized JPA EntityManagerFactory for persistence unit 'default'
15:07:22.031 [main] INFO  o.s.d.j.r.query.QueryEnhancerFactory - Hibernate is in classpath; If applicable, HQL parser will be used.
15:07:24.189 [main] WARN  c.h.i.impl.HazelcastInstanceFactory - Hazelcast is starting in a Java modular environment (Java 9 and newer) but without proper access to required Java packages. Use additional Java arguments to provide Hazelcast access to Java internal API. The internal API access is used to get the best performance results. Arguments to be used:
 --add-modules java.se --add-exports java.base/jdk.internal.ref=ALL-UNNAMED --add-opens java.base/java.lang=ALL-UNNAMED --add-opens java.base/java.nio=ALL-UNNAMED --add-opens java.base/sun.nio.ch=ALL-UNNAMED --add-opens java.management/sun.management=ALL-UNNAMED --add-opens jdk.management/com.sun.management.internal=ALL-UNNAMED
15:07:24.200 [main] INFO  c.h.i.config.AbstractConfigLocator - Loading 'hazelcast-default.xml' from the classpath.
15:07:25.091 [main] INFO  c.hazelcast.instance.AddressPicker - [LOCAL] [dev] [4.1] Prefer IPv4 stack is true, prefer IPv6 addresses is false
15:07:25.136 [main] INFO  c.hazelcast.instance.AddressPicker - [LOCAL] [dev] [4.1] Picked [10.251.34.15]:5701, using socket ServerSocket[addr=/0:0:0:0:0:0:0:0,localport=5701], bind any local is true
15:07:25.178 [main] INFO  com.hazelcast.system - [10.251.34.15]:5701 [dev] [4.1] Hazelcast 4.0.1 (20200409 - e086b9c) starting at [10.251.34.15]:5701
15:07:25.179 [main] INFO  com.hazelcast.system - [10.251.34.15]:5701 [dev] [4.1] Copyright (c) 2008-2020, Hazelcast, Inc. All Rights Reserved.
15:07:26.190 [main] INFO  c.h.s.i.o.impl.BackpressureRegulator - [10.251.34.15]:5701 [dev] [4.1] Backpressure is disabled
15:07:27.276 [main] INFO  com.hazelcast.instance.impl.Node - [10.251.34.15]:5701 [dev] [4.1] Creating MulticastJoiner
15:07:27.290 [main] WARN  com.hazelcast.cp.CPSubsystem - [10.251.34.15]:5701 [dev] [4.1] CP Subsystem is not enabled. CP data structures will operate in UNSAFE mode! Please note that UNSAFE mode will not provide strong consistency guarantees.
15:07:27.902 [main] INFO  c.h.s.i.o.impl.OperationExecutorImpl - [10.251.34.15]:5701 [dev] [4.1] Starting 16 partition threads and 9 generic threads (1 dedicated for priority tasks)
15:07:27.919 [main] INFO  c.h.internal.diagnostics.Diagnostics - [10.251.34.15]:5701 [dev] [4.1] Diagnostics disabled. To enable add -Dhazelcast.diagnostics.enabled=true to the JVM arguments.
15:07:27.954 [main] INFO  com.hazelcast.core.LifecycleService - [10.251.34.15]:5701 [dev] [4.1] [10.251.34.15]:5701 is STARTING
15:07:31.290 [main] INFO  c.h.internal.cluster.ClusterService - [10.251.34.15]:5701 [dev] [4.1] 

Members {size:1, ver:1} [
	Member [10.251.34.15]:5701 - fd8b6507-52b5-4f56-be28-2526687ebbb8 this
]

15:07:31.338 [main] INFO  com.hazelcast.core.LifecycleService - [10.251.34.15]:5701 [dev] [4.1] [10.251.34.15]:5701 is STARTED
15:07:31.445 [main] WARN  o.s.b.w.s.c.AnnotationConfigServletWebServerApplicationContext - Exception encountered during context initialization - cancelling refresh attempt: org.springframework.beans.factory.UnsatisfiedDependencyException: Error creating bean with name 'rateLimiterOrientedAspect' defined in file [C:\Ayse Ceren - crud projects\contactsdemo\build\classes\java\main\com\project\contactsdemo\core\aspect\RateLimiterOrientedAspect.class]: Unsatisfied dependency expressed through constructor parameter 0: Error creating bean with name 'rateLimiterService' defined in file [C:\Ayse Ceren - crud projects\contactsdemo\build\classes\java\main\com\project\contactsdemo\core\service\RateLimiterService.class]: Unsatisfied dependency expressed through constructor parameter 0: Error creating bean with name 'rateLimiterConfig': Could not bind properties to 'RateLimiterConfig' : prefix=rate-limiter, ignoreInvalidFields=false, ignoreUnknownFields=true
15:07:31.446 [main] INFO  o.s.o.j.LocalContainerEntityManagerFactoryBean - Closing JPA EntityManagerFactory for persistence unit 'default'
15:07:31.457 [main] INFO  com.zaxxer.hikari.HikariDataSource - HikariPool-1 - Shutdown initiated...
15:07:31.468 [main] INFO  com.zaxxer.hikari.HikariDataSource - HikariPool-1 - Shutdown completed.
15:07:31.481 [main] INFO  o.a.catalina.core.StandardService - Stopping service [Tomcat]
15:07:31.520 [main] INFO  o.s.b.a.l.ConditionEvaluationReportLogger - 

Error starting ApplicationContext. To display the condition evaluation report re-run your application with 'debug' enabled.
15:07:31.583 [main] ERROR o.s.b.d.LoggingFailureAnalysisReporter - 

***************************
APPLICATION FAILED TO START
***************************

Description:

Failed to bind properties under 'rate-limiter' to com.project.contactsdemo.core.config.RateLimiterConfig$$SpringCGLIB$$0:

    Property: rate-limiter.enabled
    Value: "true"
    Origin: class path resource [application.yaml] - 41:12
    Reason: java.lang.IllegalStateException: No setter found for property: enabled

Action:

Update your application's configuration

15:08:20.965 [background-preinit] INFO  o.h.validator.internal.util.Version - HV000001: Hibernate Validator 8.0.1.Final
15:08:21.028 [main] INFO  c.p.c.ContactsdemoApplication - Starting ContactsdemoApplication using Java 17.0.12 with PID 21748 (C:\Ayse Ceren - crud projects\contactsdemo\build\classes\java\main started by 16381136672 in C:\Ayse Ceren - crud projects\contactsdemo)
15:08:21.029 [main] INFO  c.p.c.ContactsdemoApplication - No active profile set, falling back to 1 default profile: "default"
15:08:22.719 [main] INFO  o.s.d.r.c.RepositoryConfigurationDelegate - Bootstrapping Spring Data JPA repositories in DEFAULT mode.
15:08:22.835 [main] INFO  o.s.d.r.c.RepositoryConfigurationDelegate - Finished Spring Data repository scanning in 104 ms. Found 2 JPA repository interfaces.
15:08:24.150 [main] INFO  o.s.b.w.e.tomcat.TomcatWebServer - Tomcat initialized with port 8080 (http)
15:08:24.162 [main] INFO  o.a.coyote.http11.Http11NioProtocol - Initializing ProtocolHandler ["http-nio-8080"]
15:08:24.164 [main] INFO  o.a.catalina.core.StandardService - Starting service [Tomcat]
15:08:24.165 [main] INFO  o.a.catalina.core.StandardEngine - Starting Servlet engine: [Apache Tomcat/10.1.25]
15:08:24.256 [main] INFO  o.a.c.c.C.[Tomcat].[localhost].[/] - Initializing Spring embedded WebApplicationContext
15:08:24.256 [main] INFO  o.s.b.w.s.c.ServletWebServerApplicationContext - Root WebApplicationContext: initialization completed in 3153 ms
15:08:24.731 [main] INFO  com.zaxxer.hikari.HikariDataSource - HikariPool-1 - Starting...
15:08:24.944 [main] INFO  com.zaxxer.hikari.pool.HikariPool - HikariPool-1 - Added connection org.postgresql.jdbc.PgConnection@1ad1f167
15:08:24.947 [main] INFO  com.zaxxer.hikari.HikariDataSource - HikariPool-1 - Start completed.
15:08:25.765 [main] INFO  liquibase.changelog - Reading from public.databasechangelog
15:08:25.826 [main] INFO  liquibase.changelog - Reading from public.databasechangelog
15:08:25.834 [main] INFO  liquibase.util - UPDATE SUMMARY
15:08:25.835 [main] INFO  liquibase.util - Run:                          0
15:08:25.835 [main] INFO  liquibase.util - Previously run:               2
15:08:25.835 [main] INFO  liquibase.util - Filtered out:                 0
15:08:25.835 [main] INFO  liquibase.util - -------------------------------
15:08:25.835 [main] INFO  liquibase.util - Total change sets:            2
15:08:25.835 [main] INFO  liquibase.util - Update summary generated
15:08:25.866 [main] INFO  liquibase.lockservice - Successfully released change log lock
15:08:25.868 [main] INFO  liquibase.command - Command execution complete
15:08:26.008 [main] INFO  o.h.jpa.internal.util.LogHelper - HHH000204: Processing PersistenceUnitInfo [name: default]
15:08:26.079 [main] INFO  org.hibernate.Version - HHH000412: Hibernate ORM core version 6.4.9.Final
15:08:26.127 [main] INFO  o.h.c.i.RegionFactoryInitiator - HHH000026: Second-level cache disabled
15:08:26.415 [main] INFO  o.s.o.j.p.SpringPersistenceUnitInfo - No LoadTimeWeaver setup: ignoring JPA class transformer
15:08:26.505 [main] WARN  org.hibernate.orm.deprecation - HHH90000025: PostgreSQLDialect does not need to be specified explicitly using 'hibernate.dialect' (remove the property setting and it will be selected by default)
15:08:27.719 [main] INFO  o.s.o.j.LocalContainerEntityManagerFactoryBean - Initialized JPA EntityManagerFactory for persistence unit 'default'
15:08:28.091 [main] INFO  o.s.d.j.r.query.QueryEnhancerFactory - Hibernate is in classpath; If applicable, HQL parser will be used.
15:08:30.381 [main] WARN  c.h.i.impl.HazelcastInstanceFactory - Hazelcast is starting in a Java modular environment (Java 9 and newer) but without proper access to required Java packages. Use additional Java arguments to provide Hazelcast access to Java internal API. The internal API access is used to get the best performance results. Arguments to be used:
 --add-modules java.se --add-exports java.base/jdk.internal.ref=ALL-UNNAMED --add-opens java.base/java.lang=ALL-UNNAMED --add-opens java.base/java.nio=ALL-UNNAMED --add-opens java.base/sun.nio.ch=ALL-UNNAMED --add-opens java.management/sun.management=ALL-UNNAMED --add-opens jdk.management/com.sun.management.internal=ALL-UNNAMED
15:08:30.388 [main] INFO  c.h.i.config.AbstractConfigLocator - Loading 'hazelcast-default.xml' from the classpath.
15:08:31.091 [main] INFO  c.hazelcast.instance.AddressPicker - [LOCAL] [dev] [4.1] Prefer IPv4 stack is true, prefer IPv6 addresses is false
15:08:31.143 [main] INFO  c.hazelcast.instance.AddressPicker - [LOCAL] [dev] [4.1] Picked [10.251.34.15]:5701, using socket ServerSocket[addr=/0:0:0:0:0:0:0:0,localport=5701], bind any local is true
15:08:31.188 [main] INFO  com.hazelcast.system - [10.251.34.15]:5701 [dev] [4.1] Hazelcast 4.0.1 (20200409 - e086b9c) starting at [10.251.34.15]:5701
15:08:31.189 [main] INFO  com.hazelcast.system - [10.251.34.15]:5701 [dev] [4.1] Copyright (c) 2008-2020, Hazelcast, Inc. All Rights Reserved.
15:08:32.237 [main] INFO  c.h.s.i.o.impl.BackpressureRegulator - [10.251.34.15]:5701 [dev] [4.1] Backpressure is disabled
15:08:33.207 [main] INFO  com.hazelcast.instance.impl.Node - [10.251.34.15]:5701 [dev] [4.1] Creating MulticastJoiner
15:08:33.219 [main] WARN  com.hazelcast.cp.CPSubsystem - [10.251.34.15]:5701 [dev] [4.1] CP Subsystem is not enabled. CP data structures will operate in UNSAFE mode! Please note that UNSAFE mode will not provide strong consistency guarantees.
15:08:33.758 [main] INFO  c.h.s.i.o.impl.OperationExecutorImpl - [10.251.34.15]:5701 [dev] [4.1] Starting 16 partition threads and 9 generic threads (1 dedicated for priority tasks)
15:08:33.777 [main] INFO  c.h.internal.diagnostics.Diagnostics - [10.251.34.15]:5701 [dev] [4.1] Diagnostics disabled. To enable add -Dhazelcast.diagnostics.enabled=true to the JVM arguments.
15:08:33.801 [main] INFO  com.hazelcast.core.LifecycleService - [10.251.34.15]:5701 [dev] [4.1] [10.251.34.15]:5701 is STARTING
15:08:36.782 [main] INFO  c.h.internal.cluster.ClusterService - [10.251.34.15]:5701 [dev] [4.1] 

Members {size:1, ver:1} [
	Member [10.251.34.15]:5701 - 704a10c7-76ad-47e7-b544-827342380fe9 this
]

15:08:36.817 [main] INFO  com.hazelcast.core.LifecycleService - [10.251.34.15]:5701 [dev] [4.1] [10.251.34.15]:5701 is STARTED
15:08:37.624 [main] INFO  c.h.c.i.spi.ClientInvocationService - training-instance [dev] [4.1] [4.0.1] Running with 2 response threads, dynamic=true
15:08:37.819 [main] INFO  com.hazelcast.core.LifecycleService - training-instance [dev] [4.1] [4.0.1] HazelcastClient 4.0.1 (20200409 - e086b9c) is STARTING
15:08:37.822 [main] INFO  com.hazelcast.core.LifecycleService - training-instance [dev] [4.1] [4.0.1] HazelcastClient 4.0.1 (20200409 - e086b9c) is STARTED
15:08:37.869 [main] INFO  c.h.c.i.c.ClientConnectionManager - training-instance [dev] [4.1] [4.0.1] Trying to connect to cluster: dev
15:08:37.875 [main] INFO  c.h.c.i.c.ClientConnectionManager - training-instance [dev] [4.1] [4.0.1] Trying to connect to [127.0.0.1]:5701
15:08:37.947 [hz.dazzling_euler.priority-generic-operation.thread-0] INFO  c.h.c.i.p.t.AuthenticationMessageTask - [10.251.34.15]:5701 [dev] [4.1] Received auth from Connection[id=1, /127.0.0.1:5701->/127.0.0.1:58489, qualifier=null, endpoint=[127.0.0.1]:58489, alive=true, connectionType=JVM], successfully authenticated, clientUuid: 081bd540-b832-4418-b0af-2289d0e60f54, client version: 4.0.1
15:08:37.954 [main] INFO  com.hazelcast.core.LifecycleService - training-instance [dev] [4.1] [4.0.1] HazelcastClient 4.0.1 (20200409 - e086b9c) is CLIENT_CONNECTED
15:08:37.954 [main] INFO  c.h.c.i.c.ClientConnectionManager - training-instance [dev] [4.1] [4.0.1] Authenticated with server [10.251.34.15]:5701:704a10c7-76ad-47e7-b544-827342380fe9, server version: 4.0.1, local address: /127.0.0.1:58489
15:08:37.967 [main] INFO  c.h.internal.diagnostics.Diagnostics - training-instance [dev] [4.1] [4.0.1] Diagnostics disabled. To enable add -Dhazelcast.diagnostics.enabled=true to the JVM arguments.
15:08:37.984 [training-instance.event-9] INFO  c.h.c.impl.spi.ClientClusterService - training-instance [dev] [4.1] [4.0.1] 

Members [1] {
	Member [10.251.34.15]:5701 - 704a10c7-76ad-47e7-b544-827342380fe9
}

15:08:38.088 [main] INFO  c.h.c.i.s.ClientStatisticsService - Client statistics is enabled with period 5 seconds.
15:08:38.455 [main] WARN  o.s.b.a.o.j.JpaBaseConfiguration$JpaWebConfiguration - spring.jpa.open-in-view is enabled by default. Therefore, database queries may be performed during view rendering. Explicitly configure spring.jpa.open-in-view to disable this warning
15:08:41.136 [main] INFO  o.s.b.a.e.web.EndpointLinksResolver - Exposing 1 endpoint(s) beneath base path '/actuator'
15:08:41.318 [main] INFO  o.a.coyote.http11.Http11NioProtocol - Starting ProtocolHandler ["http-nio-8080"]
15:08:41.372 [main] INFO  o.s.b.w.e.tomcat.TomcatWebServer - Tomcat started on port 8080 (http) with context path ''
15:08:41.402 [main] INFO  c.p.c.ContactsdemoApplication - Started ContactsdemoApplication in 20.979 seconds (process running for 22.589)
15:08:41.923 [RMI TCP Connection(4)-10.251.34.15] INFO  o.a.c.c.C.[Tomcat].[localhost].[/] - Initializing Spring DispatcherServlet 'dispatcherServlet'
15:08:41.923 [RMI TCP Connection(4)-10.251.34.15] INFO  o.s.web.servlet.DispatcherServlet - Initializing Servlet 'dispatcherServlet'
15:08:41.926 [RMI TCP Connection(4)-10.251.34.15] INFO  o.s.web.servlet.DispatcherServlet - Completed initialization in 2 ms
15:08:46.643 [http-nio-8080-exec-2] INFO  c.p.c.c.f.HeadersLoggingFilter - Header user-agent=0:0:0:0:0:0:0:1, IP = user-agent
15:08:46.643 [http-nio-8080-exec-2] INFO  c.p.c.c.f.HeadersLoggingFilter - Header accept=0:0:0:0:0:0:0:1, IP = accept
15:08:46.644 [http-nio-8080-exec-2] INFO  c.p.c.c.f.HeadersLoggingFilter - Header postman-token=0:0:0:0:0:0:0:1, IP = postman-token
15:08:46.644 [http-nio-8080-exec-2] INFO  c.p.c.c.f.HeadersLoggingFilter - Header host=0:0:0:0:0:0:0:1, IP = host
15:08:46.644 [http-nio-8080-exec-2] INFO  c.p.c.c.f.HeadersLoggingFilter - Header accept-encoding=0:0:0:0:0:0:0:1, IP = accept-encoding
15:08:46.644 [http-nio-8080-exec-2] INFO  c.p.c.c.f.HeadersLoggingFilter - Header connection=0:0:0:0:0:0:0:1, IP = connection
15:08:46.646 [http-nio-8080-exec-2] INFO  c.p.c.c.loggingfilter.LoggingFilter - Request: Method=GET, URI=/api/getAllContact, Headers=user-agent=PostmanRuntime/7.43.4; accept=*/*; postman-token=4781b071-6492-4e45-878a-fa5ec74d409b; host=localhost:8080; accept-encoding=gzip, deflate, br; connection=keep-alive; , Request ID: b6acb13a-f0f3-449e-bab2-65f23e515728, Request IP  =0:0:0:0:0:0:0:1
15:08:46.847 [http-nio-8080-exec-2] INFO  c.h.i.p.impl.PartitionStateManager - [10.251.34.15]:5701 [dev] [4.1] Initializing cluster partition table arrangement...
15:08:47.542 [http-nio-8080-exec-2] INFO  c.p.c.c.loggingfilter.LoggingFilter - Response: Status=200, URI=/api/getAllContact, Duration (Response Time)=895ms, Headers=[Content-Type, Transfer-Encoding, Date, Keep-Alive, Connection], Payload = org.apache.catalina.connector.ResponseFacade@3cfabdfd
15:16:06.307 [http-nio-8080-exec-5] INFO  c.p.c.c.f.HeadersLoggingFilter - Header user-agent=0:0:0:0:0:0:0:1, IP = user-agent
15:16:06.307 [http-nio-8080-exec-5] INFO  c.p.c.c.f.HeadersLoggingFilter - Header accept=0:0:0:0:0:0:0:1, IP = accept
15:16:06.308 [http-nio-8080-exec-5] INFO  c.p.c.c.f.HeadersLoggingFilter - Header postman-token=0:0:0:0:0:0:0:1, IP = postman-token
15:16:06.308 [http-nio-8080-exec-5] INFO  c.p.c.c.f.HeadersLoggingFilter - Header host=0:0:0:0:0:0:0:1, IP = host
15:16:06.308 [http-nio-8080-exec-5] INFO  c.p.c.c.f.HeadersLoggingFilter - Header accept-encoding=0:0:0:0:0:0:0:1, IP = accept-encoding
15:16:06.308 [http-nio-8080-exec-5] INFO  c.p.c.c.f.HeadersLoggingFilter - Header connection=0:0:0:0:0:0:0:1, IP = connection
15:16:06.308 [http-nio-8080-exec-5] INFO  c.p.c.c.loggingfilter.LoggingFilter - Request: Method=GET, URI=/api/getAllContact, Headers=user-agent=PostmanRuntime/7.43.4; accept=*/*; postman-token=820e2cd0-6b8a-481d-9f1f-2a78129fcf46; host=localhost:8080; accept-encoding=gzip, deflate, br; connection=keep-alive; , Request ID: bc5a618b-f7c4-49f2-aef3-b99072919207, Request IP  =0:0:0:0:0:0:0:1
15:16:06.333 [http-nio-8080-exec-5] INFO  c.p.c.c.loggingfilter.LoggingFilter - Response: Status=200, URI=/api/getAllContact, Duration (Response Time)=25ms, Headers=[Content-Type, Transfer-Encoding, Date, Keep-Alive, Connection], Payload = org.apache.catalina.connector.ResponseFacade@5ab74a36
15:16:07.633 [http-nio-8080-exec-6] INFO  c.p.c.c.f.HeadersLoggingFilter - Header user-agent=0:0:0:0:0:0:0:1, IP = user-agent
15:16:07.633 [http-nio-8080-exec-6] INFO  c.p.c.c.f.HeadersLoggingFilter - Header accept=0:0:0:0:0:0:0:1, IP = accept
15:16:07.634 [http-nio-8080-exec-6] INFO  c.p.c.c.f.HeadersLoggingFilter - Header postman-token=0:0:0:0:0:0:0:1, IP = postman-token
15:16:07.634 [http-nio-8080-exec-6] INFO  c.p.c.c.f.HeadersLoggingFilter - Header host=0:0:0:0:0:0:0:1, IP = host
15:16:07.634 [http-nio-8080-exec-6] INFO  c.p.c.c.f.HeadersLoggingFilter - Header accept-encoding=0:0:0:0:0:0:0:1, IP = accept-encoding
15:16:07.634 [http-nio-8080-exec-6] INFO  c.p.c.c.f.HeadersLoggingFilter - Header connection=0:0:0:0:0:0:0:1, IP = connection
15:16:07.634 [http-nio-8080-exec-6] INFO  c.p.c.c.loggingfilter.LoggingFilter - Request: Method=GET, URI=/api/getAllContact, Headers=user-agent=PostmanRuntime/7.43.4; accept=*/*; postman-token=05946b38-5c28-4879-a888-162c4e586869; host=localhost:8080; accept-encoding=gzip, deflate, br; connection=keep-alive; , Request ID: 9808b407-2abb-4804-befb-1e109b05efac, Request IP  =0:0:0:0:0:0:0:1
15:16:07.653 [http-nio-8080-exec-6] INFO  c.p.c.c.loggingfilter.LoggingFilter - Response: Status=200, URI=/api/getAllContact, Duration (Response Time)=19ms, Headers=[Content-Type, Transfer-Encoding, Date, Keep-Alive, Connection], Payload = org.apache.catalina.connector.ResponseFacade@2dcd265b
15:16:08.666 [http-nio-8080-exec-7] INFO  c.p.c.c.f.HeadersLoggingFilter - Header user-agent=0:0:0:0:0:0:0:1, IP = user-agent
15:16:08.666 [http-nio-8080-exec-7] INFO  c.p.c.c.f.HeadersLoggingFilter - Header accept=0:0:0:0:0:0:0:1, IP = accept
15:16:08.666 [http-nio-8080-exec-7] INFO  c.p.c.c.f.HeadersLoggingFilter - Header postman-token=0:0:0:0:0:0:0:1, IP = postman-token
15:16:08.667 [http-nio-8080-exec-7] INFO  c.p.c.c.f.HeadersLoggingFilter - Header host=0:0:0:0:0:0:0:1, IP = host
15:16:08.667 [http-nio-8080-exec-7] INFO  c.p.c.c.f.HeadersLoggingFilter - Header accept-encoding=0:0:0:0:0:0:0:1, IP = accept-encoding
15:16:08.667 [http-nio-8080-exec-7] INFO  c.p.c.c.f.HeadersLoggingFilter - Header connection=0:0:0:0:0:0:0:1, IP = connection
15:16:08.667 [http-nio-8080-exec-7] INFO  c.p.c.c.loggingfilter.LoggingFilter - Request: Method=GET, URI=/api/getAllContact, Headers=user-agent=PostmanRuntime/7.43.4; accept=*/*; postman-token=d4251d0e-a1e0-47e1-bdeb-1aeb4b503764; host=localhost:8080; accept-encoding=gzip, deflate, br; connection=keep-alive; , Request ID: cb45b58b-e0d2-4644-ab6f-c4c0a009b6c4, Request IP  =0:0:0:0:0:0:0:1
15:16:08.690 [http-nio-8080-exec-7] INFO  c.p.c.c.loggingfilter.LoggingFilter - Response: Status=200, URI=/api/getAllContact, Duration (Response Time)=23ms, Headers=[Content-Type, Transfer-Encoding, Date, Keep-Alive, Connection], Payload = org.apache.catalina.connector.ResponseFacade@652986d
15:16:09.667 [http-nio-8080-exec-8] INFO  c.p.c.c.f.HeadersLoggingFilter - Header user-agent=0:0:0:0:0:0:0:1, IP = user-agent
15:16:09.668 [http-nio-8080-exec-8] INFO  c.p.c.c.f.HeadersLoggingFilter - Header accept=0:0:0:0:0:0:0:1, IP = accept
15:16:09.668 [http-nio-8080-exec-8] INFO  c.p.c.c.f.HeadersLoggingFilter - Header postman-token=0:0:0:0:0:0:0:1, IP = postman-token
15:16:09.668 [http-nio-8080-exec-8] INFO  c.p.c.c.f.HeadersLoggingFilter - Header host=0:0:0:0:0:0:0:1, IP = host
15:16:09.668 [http-nio-8080-exec-8] INFO  c.p.c.c.f.HeadersLoggingFilter - Header accept-encoding=0:0:0:0:0:0:0:1, IP = accept-encoding
15:16:09.668 [http-nio-8080-exec-8] INFO  c.p.c.c.f.HeadersLoggingFilter - Header connection=0:0:0:0:0:0:0:1, IP = connection
15:16:09.668 [http-nio-8080-exec-8] INFO  c.p.c.c.loggingfilter.LoggingFilter - Request: Method=GET, URI=/api/getAllContact, Headers=user-agent=PostmanRuntime/7.43.4; accept=*/*; postman-token=c3778666-2449-4348-bacb-11835910c208; host=localhost:8080; accept-encoding=gzip, deflate, br; connection=keep-alive; , Request ID: 52ddb6d7-f7fc-44fe-a75a-f0de4ad8012a, Request IP  =0:0:0:0:0:0:0:1
15:16:09.692 [http-nio-8080-exec-8] INFO  c.p.c.c.loggingfilter.LoggingFilter - Response: Status=200, URI=/api/getAllContact, Duration (Response Time)=24ms, Headers=[Content-Type, Transfer-Encoding, Date, Keep-Alive, Connection], Payload = org.apache.catalina.connector.ResponseFacade@397b28ed
15:16:10.705 [http-nio-8080-exec-9] INFO  c.p.c.c.f.HeadersLoggingFilter - Header user-agent=0:0:0:0:0:0:0:1, IP = user-agent
15:16:10.705 [http-nio-8080-exec-9] INFO  c.p.c.c.f.HeadersLoggingFilter - Header accept=0:0:0:0:0:0:0:1, IP = accept
15:16:10.706 [http-nio-8080-exec-9] INFO  c.p.c.c.f.HeadersLoggingFilter - Header postman-token=0:0:0:0:0:0:0:1, IP = postman-token
15:16:10.706 [http-nio-8080-exec-9] INFO  c.p.c.c.f.HeadersLoggingFilter - Header host=0:0:0:0:0:0:0:1, IP = host
15:16:10.706 [http-nio-8080-exec-9] INFO  c.p.c.c.f.HeadersLoggingFilter - Header accept-encoding=0:0:0:0:0:0:0:1, IP = accept-encoding
15:16:10.706 [http-nio-8080-exec-9] INFO  c.p.c.c.f.HeadersLoggingFilter - Header connection=0:0:0:0:0:0:0:1, IP = connection
15:16:10.706 [http-nio-8080-exec-9] INFO  c.p.c.c.loggingfilter.LoggingFilter - Request: Method=GET, URI=/api/getAllContact, Headers=user-agent=PostmanRuntime/7.43.4; accept=*/*; postman-token=a19bb6ba-56fe-428c-8844-6b84272e8ee1; host=localhost:8080; accept-encoding=gzip, deflate, br; connection=keep-alive; , Request ID: 144f984e-d444-4699-98a2-3c03764dde28, Request IP  =0:0:0:0:0:0:0:1
15:16:10.733 [http-nio-8080-exec-9] INFO  c.p.c.c.loggingfilter.LoggingFilter - Response: Status=200, URI=/api/getAllContact, Duration (Response Time)=27ms, Headers=[Content-Type, Transfer-Encoding, Date, Keep-Alive, Connection], Payload = org.apache.catalina.connector.ResponseFacade@6b32cea4
15:16:11.638 [http-nio-8080-exec-10] INFO  c.p.c.c.f.HeadersLoggingFilter - Header user-agent=0:0:0:0:0:0:0:1, IP = user-agent
15:16:11.639 [http-nio-8080-exec-10] INFO  c.p.c.c.f.HeadersLoggingFilter - Header accept=0:0:0:0:0:0:0:1, IP = accept
15:16:11.639 [http-nio-8080-exec-10] INFO  c.p.c.c.f.HeadersLoggingFilter - Header postman-token=0:0:0:0:0:0:0:1, IP = postman-token
15:16:11.639 [http-nio-8080-exec-10] INFO  c.p.c.c.f.HeadersLoggingFilter - Header host=0:0:0:0:0:0:0:1, IP = host
15:16:11.639 [http-nio-8080-exec-10] INFO  c.p.c.c.f.HeadersLoggingFilter - Header accept-encoding=0:0:0:0:0:0:0:1, IP = accept-encoding
15:16:11.639 [http-nio-8080-exec-10] INFO  c.p.c.c.f.HeadersLoggingFilter - Header connection=0:0:0:0:0:0:0:1, IP = connection
15:16:11.639 [http-nio-8080-exec-10] INFO  c.p.c.c.loggingfilter.LoggingFilter - Request: Method=GET, URI=/api/getAllContact, Headers=user-agent=PostmanRuntime/7.43.4; accept=*/*; postman-token=daad6f2c-78a7-4562-9c43-7cfd8024b2d6; host=localhost:8080; accept-encoding=gzip, deflate, br; connection=keep-alive; , Request ID: 84b7c893-78c4-4ceb-aa8d-e137e6140e52, Request IP  =0:0:0:0:0:0:0:1
15:16:11.657 [http-nio-8080-exec-10] INFO  c.p.c.c.loggingfilter.LoggingFilter - Response: Status=429, URI=/api/getAllContact, Duration (Response Time)=18ms, Headers=[Content-Type, Transfer-Encoding, Date, Keep-Alive, Connection], Payload = org.apache.catalina.connector.ResponseFacade@6d8790a2
15:34:13.952 [http-nio-8080-exec-3] INFO  c.p.c.c.f.HeadersLoggingFilter - Header user-agent=0:0:0:0:0:0:0:1, IP = user-agent
15:34:13.953 [http-nio-8080-exec-3] INFO  c.p.c.c.f.HeadersLoggingFilter - Header accept=0:0:0:0:0:0:0:1, IP = accept
15:34:13.953 [http-nio-8080-exec-3] INFO  c.p.c.c.f.HeadersLoggingFilter - Header postman-token=0:0:0:0:0:0:0:1, IP = postman-token
15:34:13.953 [http-nio-8080-exec-3] INFO  c.p.c.c.f.HeadersLoggingFilter - Header host=0:0:0:0:0:0:0:1, IP = host
15:34:13.953 [http-nio-8080-exec-3] INFO  c.p.c.c.f.HeadersLoggingFilter - Header accept-encoding=0:0:0:0:0:0:0:1, IP = accept-encoding
15:34:13.953 [http-nio-8080-exec-3] INFO  c.p.c.c.f.HeadersLoggingFilter - Header connection=0:0:0:0:0:0:0:1, IP = connection
15:34:13.953 [http-nio-8080-exec-3] INFO  c.p.c.c.loggingfilter.LoggingFilter - Request: Method=GET, URI=/api/getAllContact, Headers=user-agent=PostmanRuntime/7.43.4; accept=*/*; postman-token=9809a5f1-7ad1-4804-97e6-955d5dadd4db; host=localhost:8080; accept-encoding=gzip, deflate, br; connection=keep-alive; , Request ID: 00234a1a-b646-4722-a44f-2fddab5a886a, Request IP  =0:0:0:0:0:0:0:1
15:34:13.991 [http-nio-8080-exec-3] INFO  c.p.c.c.loggingfilter.LoggingFilter - Response: Status=200, URI=/api/getAllContact, Duration (Response Time)=38ms, Headers=[Content-Type, Transfer-Encoding, Date, Keep-Alive, Connection], Payload = org.apache.catalina.connector.ResponseFacade@6487523b
15:34:16.503 [http-nio-8080-exec-4] INFO  c.p.c.c.f.HeadersLoggingFilter - Header user-agent=0:0:0:0:0:0:0:1, IP = user-agent
15:34:16.504 [http-nio-8080-exec-4] INFO  c.p.c.c.f.HeadersLoggingFilter - Header accept=0:0:0:0:0:0:0:1, IP = accept
15:34:16.504 [http-nio-8080-exec-4] INFO  c.p.c.c.f.HeadersLoggingFilter - Header postman-token=0:0:0:0:0:0:0:1, IP = postman-token
15:34:16.504 [http-nio-8080-exec-4] INFO  c.p.c.c.f.HeadersLoggingFilter - Header host=0:0:0:0:0:0:0:1, IP = host
15:34:16.504 [http-nio-8080-exec-4] INFO  c.p.c.c.f.HeadersLoggingFilter - Header accept-encoding=0:0:0:0:0:0:0:1, IP = accept-encoding
15:34:16.505 [http-nio-8080-exec-4] INFO  c.p.c.c.f.HeadersLoggingFilter - Header connection=0:0:0:0:0:0:0:1, IP = connection
15:34:16.505 [http-nio-8080-exec-4] INFO  c.p.c.c.loggingfilter.LoggingFilter - Request: Method=GET, URI=/api/getAllContact, Headers=user-agent=PostmanRuntime/7.43.4; accept=*/*; postman-token=2d40b7ce-c16f-47e9-98ef-3e40e6b7f0be; host=localhost:8080; accept-encoding=gzip, deflate, br; connection=keep-alive; , Request ID: bc23391c-894e-41a1-b0cd-f572c878dca8, Request IP  =0:0:0:0:0:0:0:1
15:34:16.536 [http-nio-8080-exec-4] INFO  c.p.c.c.loggingfilter.LoggingFilter - Response: Status=200, URI=/api/getAllContact, Duration (Response Time)=31ms, Headers=[Content-Type, Transfer-Encoding, Date, Keep-Alive, Connection], Payload = org.apache.catalina.connector.ResponseFacade@1929ee87
15:34:17.532 [http-nio-8080-exec-5] INFO  c.p.c.c.f.HeadersLoggingFilter - Header user-agent=0:0:0:0:0:0:0:1, IP = user-agent
15:34:17.532 [http-nio-8080-exec-5] INFO  c.p.c.c.f.HeadersLoggingFilter - Header accept=0:0:0:0:0:0:0:1, IP = accept
15:34:17.532 [http-nio-8080-exec-5] INFO  c.p.c.c.f.HeadersLoggingFilter - Header postman-token=0:0:0:0:0:0:0:1, IP = postman-token
15:34:17.532 [http-nio-8080-exec-5] INFO  c.p.c.c.f.HeadersLoggingFilter - Header host=0:0:0:0:0:0:0:1, IP = host
15:34:17.532 [http-nio-8080-exec-5] INFO  c.p.c.c.f.HeadersLoggingFilter - Header accept-encoding=0:0:0:0:0:0:0:1, IP = accept-encoding
15:34:17.532 [http-nio-8080-exec-5] INFO  c.p.c.c.f.HeadersLoggingFilter - Header connection=0:0:0:0:0:0:0:1, IP = connection
15:34:17.533 [http-nio-8080-exec-5] INFO  c.p.c.c.loggingfilter.LoggingFilter - Request: Method=GET, URI=/api/getAllContact, Headers=user-agent=PostmanRuntime/7.43.4; accept=*/*; postman-token=23358a53-f53b-43a7-abbe-d3751d21c392; host=localhost:8080; accept-encoding=gzip, deflate, br; connection=keep-alive; , Request ID: 3b7ea036-e86f-46d8-9300-7abd29ce4016, Request IP  =0:0:0:0:0:0:0:1
15:34:17.553 [http-nio-8080-exec-5] INFO  c.p.c.c.loggingfilter.LoggingFilter - Response: Status=200, URI=/api/getAllContact, Duration (Response Time)=20ms, Headers=[Content-Type, Transfer-Encoding, Date, Keep-Alive, Connection], Payload = org.apache.catalina.connector.ResponseFacade@79b99474
15:34:18.020 [http-nio-8080-exec-6] INFO  c.p.c.c.f.HeadersLoggingFilter - Header user-agent=0:0:0:0:0:0:0:1, IP = user-agent
15:34:18.021 [http-nio-8080-exec-6] INFO  c.p.c.c.f.HeadersLoggingFilter - Header accept=0:0:0:0:0:0:0:1, IP = accept
15:34:18.021 [http-nio-8080-exec-6] INFO  c.p.c.c.f.HeadersLoggingFilter - Header postman-token=0:0:0:0:0:0:0:1, IP = postman-token
15:34:18.021 [http-nio-8080-exec-6] INFO  c.p.c.c.f.HeadersLoggingFilter - Header host=0:0:0:0:0:0:0:1, IP = host
15:34:18.021 [http-nio-8080-exec-6] INFO  c.p.c.c.f.HeadersLoggingFilter - Header accept-encoding=0:0:0:0:0:0:0:1, IP = accept-encoding
15:34:18.021 [http-nio-8080-exec-6] INFO  c.p.c.c.f.HeadersLoggingFilter - Header connection=0:0:0:0:0:0:0:1, IP = connection
15:34:18.021 [http-nio-8080-exec-6] INFO  c.p.c.c.loggingfilter.LoggingFilter - Request: Method=GET, URI=/api/getAllContact, Headers=user-agent=PostmanRuntime/7.43.4; accept=*/*; postman-token=5396e5f6-ca55-4675-8c55-88a4443970ba; host=localhost:8080; accept-encoding=gzip, deflate, br; connection=keep-alive; , Request ID: fce99cba-b3c7-4c28-9bf2-d9797fb7397c, Request IP  =0:0:0:0:0:0:0:1
15:34:18.044 [http-nio-8080-exec-6] INFO  c.p.c.c.loggingfilter.LoggingFilter - Response: Status=200, URI=/api/getAllContact, Duration (Response Time)=23ms, Headers=[Content-Type, Transfer-Encoding, Date, Keep-Alive, Connection], Payload = org.apache.catalina.connector.ResponseFacade@13359572
15:34:20.568 [http-nio-8080-exec-7] INFO  c.p.c.c.f.HeadersLoggingFilter - Header user-agent=0:0:0:0:0:0:0:1, IP = user-agent
15:34:20.568 [http-nio-8080-exec-7] INFO  c.p.c.c.f.HeadersLoggingFilter - Header accept=0:0:0:0:0:0:0:1, IP = accept
15:34:20.569 [http-nio-8080-exec-7] INFO  c.p.c.c.f.HeadersLoggingFilter - Header postman-token=0:0:0:0:0:0:0:1, IP = postman-token
15:34:20.569 [http-nio-8080-exec-7] INFO  c.p.c.c.f.HeadersLoggingFilter - Header host=0:0:0:0:0:0:0:1, IP = host
15:34:20.569 [http-nio-8080-exec-7] INFO  c.p.c.c.f.HeadersLoggingFilter - Header accept-encoding=0:0:0:0:0:0:0:1, IP = accept-encoding
15:34:20.569 [http-nio-8080-exec-7] INFO  c.p.c.c.f.HeadersLoggingFilter - Header connection=0:0:0:0:0:0:0:1, IP = connection
15:34:20.569 [http-nio-8080-exec-7] INFO  c.p.c.c.loggingfilter.LoggingFilter - Request: Method=GET, URI=/api/getAllContact, Headers=user-agent=PostmanRuntime/7.43.4; accept=*/*; postman-token=eb4873b3-44ef-4f40-a882-9709b065b9dc; host=localhost:8080; accept-encoding=gzip, deflate, br; connection=keep-alive; , Request ID: a36169ce-6718-42cf-a85b-762ee9e0f9d4, Request IP  =0:0:0:0:0:0:0:1
15:34:20.597 [http-nio-8080-exec-7] INFO  c.p.c.c.loggingfilter.LoggingFilter - Response: Status=200, URI=/api/getAllContact, Duration (Response Time)=28ms, Headers=[Content-Type, Transfer-Encoding, Date, Keep-Alive, Connection], Payload = org.apache.catalina.connector.ResponseFacade@1808c16c
15:34:21.537 [http-nio-8080-exec-8] INFO  c.p.c.c.f.HeadersLoggingFilter - Header user-agent=0:0:0:0:0:0:0:1, IP = user-agent
15:34:21.538 [http-nio-8080-exec-8] INFO  c.p.c.c.f.HeadersLoggingFilter - Header accept=0:0:0:0:0:0:0:1, IP = accept
15:34:21.538 [http-nio-8080-exec-8] INFO  c.p.c.c.f.HeadersLoggingFilter - Header postman-token=0:0:0:0:0:0:0:1, IP = postman-token
15:34:21.538 [http-nio-8080-exec-8] INFO  c.p.c.c.f.HeadersLoggingFilter - Header host=0:0:0:0:0:0:0:1, IP = host
15:34:21.538 [http-nio-8080-exec-8] INFO  c.p.c.c.f.HeadersLoggingFilter - Header accept-encoding=0:0:0:0:0:0:0:1, IP = accept-encoding
15:34:21.538 [http-nio-8080-exec-8] INFO  c.p.c.c.f.HeadersLoggingFilter - Header connection=0:0:0:0:0:0:0:1, IP = connection
15:34:21.538 [http-nio-8080-exec-8] INFO  c.p.c.c.loggingfilter.LoggingFilter - Request: Method=GET, URI=/api/getAllContact, Headers=user-agent=PostmanRuntime/7.43.4; accept=*/*; postman-token=fd23086c-4c88-4a52-bf68-7b99a03b7b0a; host=localhost:8080; accept-encoding=gzip, deflate, br; connection=keep-alive; , Request ID: 5c8a7761-eada-43cb-9f1e-8fc02dff4491, Request IP  =0:0:0:0:0:0:0:1
15:34:21.541 [http-nio-8080-exec-8] INFO  c.p.c.c.loggingfilter.LoggingFilter - Response: Status=429, URI=/api/getAllContact, Duration (Response Time)=3ms, Headers=[Content-Type, Transfer-Encoding, Date, Keep-Alive, Connection], Payload = org.apache.catalina.connector.ResponseFacade@18cc9b8d
15:34:29.980 [http-nio-8080-exec-9] INFO  c.p.c.c.f.HeadersLoggingFilter - Header user-agent=0:0:0:0:0:0:0:1, IP = user-agent
15:34:29.980 [http-nio-8080-exec-9] INFO  c.p.c.c.f.HeadersLoggingFilter - Header accept=0:0:0:0:0:0:0:1, IP = accept
15:34:29.980 [http-nio-8080-exec-9] INFO  c.p.c.c.f.HeadersLoggingFilter - Header postman-token=0:0:0:0:0:0:0:1, IP = postman-token
15:34:29.980 [http-nio-8080-exec-9] INFO  c.p.c.c.f.HeadersLoggingFilter - Header host=0:0:0:0:0:0:0:1, IP = host
15:34:29.980 [http-nio-8080-exec-9] INFO  c.p.c.c.f.HeadersLoggingFilter - Header accept-encoding=0:0:0:0:0:0:0:1, IP = accept-encoding
15:34:29.980 [http-nio-8080-exec-9] INFO  c.p.c.c.f.HeadersLoggingFilter - Header connection=0:0:0:0:0:0:0:1, IP = connection
15:34:29.980 [http-nio-8080-exec-9] INFO  c.p.c.c.loggingfilter.LoggingFilter - Request: Method=GET, URI=/api/getAllContact, Headers=user-agent=PostmanRuntime/7.43.4; accept=*/*; postman-token=9f4eb48f-e980-42fa-9ce2-8f9935d13a85; host=localhost:8080; accept-encoding=gzip, deflate, br; connection=keep-alive; , Request ID: 24303aa3-6c30-4249-9e9d-ebe3ca7db64d, Request IP  =0:0:0:0:0:0:0:1
15:34:29.985 [http-nio-8080-exec-9] INFO  c.p.c.c.loggingfilter.LoggingFilter - Response: Status=429, URI=/api/getAllContact, Duration (Response Time)=4ms, Headers=[Content-Type, Transfer-Encoding, Date, Keep-Alive, Connection], Payload = org.apache.catalina.connector.ResponseFacade@1463d7e1
15:34:31.556 [http-nio-8080-exec-10] INFO  c.p.c.c.f.HeadersLoggingFilter - Header user-agent=0:0:0:0:0:0:0:1, IP = user-agent
15:34:31.556 [http-nio-8080-exec-10] INFO  c.p.c.c.f.HeadersLoggingFilter - Header accept=0:0:0:0:0:0:0:1, IP = accept
15:34:31.556 [http-nio-8080-exec-10] INFO  c.p.c.c.f.HeadersLoggingFilter - Header postman-token=0:0:0:0:0:0:0:1, IP = postman-token
15:34:31.556 [http-nio-8080-exec-10] INFO  c.p.c.c.f.HeadersLoggingFilter - Header host=0:0:0:0:0:0:0:1, IP = host
15:34:31.556 [http-nio-8080-exec-10] INFO  c.p.c.c.f.HeadersLoggingFilter - Header accept-encoding=0:0:0:0:0:0:0:1, IP = accept-encoding
15:34:31.556 [http-nio-8080-exec-10] INFO  c.p.c.c.f.HeadersLoggingFilter - Header connection=0:0:0:0:0:0:0:1, IP = connection
15:34:31.556 [http-nio-8080-exec-10] INFO  c.p.c.c.loggingfilter.LoggingFilter - Request: Method=GET, URI=/api/getAllContact, Headers=user-agent=PostmanRuntime/7.43.4; accept=*/*; postman-token=8af39ef9-4ba9-4516-84cb-52e4c567f5f1; host=localhost:8080; accept-encoding=gzip, deflate, br; connection=keep-alive; , Request ID: 9409704f-6aea-4c87-8060-1d2128587cb0, Request IP  =0:0:0:0:0:0:0:1
15:34:31.559 [http-nio-8080-exec-10] INFO  c.p.c.c.loggingfilter.LoggingFilter - Response: Status=429, URI=/api/getAllContact, Duration (Response Time)=3ms, Headers=[Content-Type, Transfer-Encoding, Date, Keep-Alive, Connection], Payload = org.apache.catalina.connector.ResponseFacade@2afa2e1d
15:34:32.734 [http-nio-8080-exec-1] INFO  c.p.c.c.f.HeadersLoggingFilter - Header user-agent=0:0:0:0:0:0:0:1, IP = user-agent
15:34:32.735 [http-nio-8080-exec-1] INFO  c.p.c.c.f.HeadersLoggingFilter - Header accept=0:0:0:0:0:0:0:1, IP = accept
15:34:32.735 [http-nio-8080-exec-1] INFO  c.p.c.c.f.HeadersLoggingFilter - Header postman-token=0:0:0:0:0:0:0:1, IP = postman-token
15:34:32.735 [http-nio-8080-exec-1] INFO  c.p.c.c.f.HeadersLoggingFilter - Header host=0:0:0:0:0:0:0:1, IP = host
15:34:32.735 [http-nio-8080-exec-1] INFO  c.p.c.c.f.HeadersLoggingFilter - Header accept-encoding=0:0:0:0:0:0:0:1, IP = accept-encoding
15:34:32.735 [http-nio-8080-exec-1] INFO  c.p.c.c.f.HeadersLoggingFilter - Header connection=0:0:0:0:0:0:0:1, IP = connection
15:34:32.736 [http-nio-8080-exec-1] INFO  c.p.c.c.loggingfilter.LoggingFilter - Request: Method=GET, URI=/api/getAllContact, Headers=user-agent=PostmanRuntime/7.43.4; accept=*/*; postman-token=1439b44b-084f-4f9c-a491-44a36ef42a02; host=localhost:8080; accept-encoding=gzip, deflate, br; connection=keep-alive; , Request ID: b0eff73b-82a2-4075-907c-647508bb41df, Request IP  =0:0:0:0:0:0:0:1
15:34:32.745 [http-nio-8080-exec-1] INFO  c.p.c.c.loggingfilter.LoggingFilter - Response: Status=429, URI=/api/getAllContact, Duration (Response Time)=9ms, Headers=[Content-Type, Transfer-Encoding, Date, Keep-Alive, Connection], Payload = org.apache.catalina.connector.ResponseFacade@40cf8335
16:10:32.431 [http-nio-8080-exec-3] INFO  c.p.c.c.f.HeadersLoggingFilter - Header user-agent=0:0:0:0:0:0:0:1, IP = user-agent
16:10:32.433 [http-nio-8080-exec-3] INFO  c.p.c.c.f.HeadersLoggingFilter - Header accept=0:0:0:0:0:0:0:1, IP = accept
16:10:32.433 [http-nio-8080-exec-3] INFO  c.p.c.c.f.HeadersLoggingFilter - Header postman-token=0:0:0:0:0:0:0:1, IP = postman-token
16:10:32.433 [http-nio-8080-exec-3] INFO  c.p.c.c.f.HeadersLoggingFilter - Header host=0:0:0:0:0:0:0:1, IP = host
16:10:32.433 [http-nio-8080-exec-3] INFO  c.p.c.c.f.HeadersLoggingFilter - Header accept-encoding=0:0:0:0:0:0:0:1, IP = accept-encoding
16:10:32.433 [http-nio-8080-exec-3] INFO  c.p.c.c.f.HeadersLoggingFilter - Header connection=0:0:0:0:0:0:0:1, IP = connection
16:10:32.433 [http-nio-8080-exec-3] INFO  c.p.c.c.loggingfilter.LoggingFilter - Request: Method=GET, URI=/api/getAllContact, Headers=user-agent=PostmanRuntime/7.43.4; accept=*/*; postman-token=5b2d535b-7269-4b0c-9c63-df93e90de12d; host=localhost:8080; accept-encoding=gzip, deflate, br; connection=keep-alive; , Request ID: e91bda36-5f7e-469e-a07c-0e1adc34b488, Request IP  =0:0:0:0:0:0:0:1
16:10:32.468 [http-nio-8080-exec-3] INFO  c.p.c.c.loggingfilter.LoggingFilter - Response: Status=200, URI=/api/getAllContact, Duration (Response Time)=35ms, Headers=[Content-Type, Transfer-Encoding, Date, Keep-Alive, Connection], Payload = org.apache.catalina.connector.ResponseFacade@4e097f32
16:10:41.151 [hz.ShutdownThread] INFO  com.hazelcast.instance.impl.Node - [10.251.34.15]:5701 [dev] [4.1] Running shutdown hook... Current state: ACTIVE
16:10:41.381 [SpringApplicationShutdownHook] INFO  o.s.o.j.LocalContainerEntityManagerFactoryBean - Closing JPA EntityManagerFactory for persistence unit 'default'
16:10:41.386 [SpringApplicationShutdownHook] INFO  com.zaxxer.hikari.HikariDataSource - HikariPool-1 - Shutdown initiated...
16:10:41.392 [SpringApplicationShutdownHook] INFO  com.zaxxer.hikari.HikariDataSource - HikariPool-1 - Shutdown completed.
