11:31:37.999 [background-preinit] INFO  o.h.validator.internal.util.Version - HV000001: Hibernate Validator 8.0.1.Final
11:31:38.076 [main] INFO  c.p.c.ContactsdemoApplication - Starting ContactsdemoApplication using Java 17.0.12 with PID 28612 (C:\Ayse Ceren - crud projects\contactsdemo\build\classes\java\main started by 16381136672 in C:\Ayse Ceren - crud projects\contactsdemo)
11:31:38.078 [main] INFO  c.p.c.ContactsdemoApplication - No active profile set, falling back to 1 default profile: "default"
11:31:39.791 [main] INFO  o.s.d.r.c.RepositoryConfigurationDelegate - Bootstrapping Spring Data JPA repositories in DEFAULT mode.
11:31:39.899 [main] INFO  o.s.d.r.c.RepositoryConfigurationDelegate - Finished Spring Data repository scanning in 97 ms. Found 2 JPA repository interfaces.
11:31:41.028 [main] INFO  o.s.b.w.e.tomcat.TomcatWebServer - Tomcat initialized with port 8080 (http)
11:31:41.040 [main] INFO  o.a.coyote.http11.Http11NioProtocol - Initializing ProtocolHandler ["http-nio-8080"]
11:31:41.042 [main] INFO  o.a.catalina.core.StandardService - Starting service [Tomcat]
11:31:41.042 [main] INFO  o.a.catalina.core.StandardEngine - Starting Servlet engine: [Apache Tomcat/10.1.25]
11:31:41.138 [main] INFO  o.a.c.c.C.[Tomcat].[localhost].[/] - Initializing Spring embedded WebApplicationContext
11:31:41.138 [main] INFO  o.s.b.w.s.c.ServletWebServerApplicationContext - Root WebApplicationContext: initialization completed in 2987 ms
11:31:41.537 [main] INFO  com.zaxxer.hikari.HikariDataSource - HikariPool-1 - Starting...
11:31:41.698 [main] INFO  com.zaxxer.hikari.pool.HikariPool - HikariPool-1 - Added connection org.postgresql.jdbc.PgConnection@360a3106
11:31:41.701 [main] INFO  com.zaxxer.hikari.HikariDataSource - HikariPool-1 - Start completed.
11:31:42.458 [main] INFO  liquibase.changelog - Reading from public.databasechangelog
11:31:42.533 [main] INFO  liquibase.changelog - Reading from public.databasechangelog
11:31:42.542 [main] INFO  liquibase.util - UPDATE SUMMARY
11:31:42.542 [main] INFO  liquibase.util - Run:                          0
11:31:42.543 [main] INFO  liquibase.util - Previously run:               2
11:31:42.543 [main] INFO  liquibase.util - Filtered out:                 0
11:31:42.543 [main] INFO  liquibase.util - -------------------------------
11:31:42.543 [main] INFO  liquibase.util - Total change sets:            2
11:31:42.543 [main] INFO  liquibase.util - Update summary generated
11:31:42.576 [main] INFO  liquibase.lockservice - Successfully released change log lock
11:31:42.579 [main] INFO  liquibase.command - Command execution complete
11:31:42.710 [main] INFO  o.h.jpa.internal.util.LogHelper - HHH000204: Processing PersistenceUnitInfo [name: default]
11:31:42.770 [main] INFO  org.hibernate.Version - HHH000412: Hibernate ORM core version 6.4.9.Final
11:31:42.810 [main] INFO  o.h.c.i.RegionFactoryInitiator - HHH000026: Second-level cache disabled
11:31:43.062 [main] INFO  o.s.o.j.p.SpringPersistenceUnitInfo - No LoadTimeWeaver setup: ignoring JPA class transformer
11:31:43.116 [main] WARN  org.hibernate.orm.deprecation - HHH90000025: PostgreSQLDialect does not need to be specified explicitly using 'hibernate.dialect' (remove the property setting and it will be selected by default)
11:31:44.180 [main] INFO  o.s.o.j.LocalContainerEntityManagerFactoryBean - Initialized JPA EntityManagerFactory for persistence unit 'default'
11:31:44.547 [main] INFO  o.s.d.j.r.query.QueryEnhancerFactory - Hibernate is in classpath; If applicable, HQL parser will be used.
11:31:45.104 [main] WARN  c.h.i.impl.HazelcastInstanceFactory - Hazelcast is starting in a Java modular environment (Java 9 and newer) but without proper access to required Java packages. Use additional Java arguments to provide Hazelcast access to Java internal API. The internal API access is used to get the best performance results. Arguments to be used:
 --add-modules java.se --add-exports java.base/jdk.internal.ref=ALL-UNNAMED --add-opens java.base/java.lang=ALL-UNNAMED --add-opens java.base/java.nio=ALL-UNNAMED --add-opens java.base/sun.nio.ch=ALL-UNNAMED --add-opens java.management/sun.management=ALL-UNNAMED --add-opens jdk.management/com.sun.management.internal=ALL-UNNAMED
11:31:45.106 [main] INFO  c.h.i.config.AbstractConfigLocator - Loading 'hazelcast-default.xml' from the classpath.
11:31:45.395 [main] INFO  c.hazelcast.instance.AddressPicker - [LOCAL] [dev] [4.1] Prefer IPv4 stack is true, prefer IPv6 addresses is false
11:31:45.419 [main] INFO  c.hazelcast.instance.AddressPicker - [LOCAL] [dev] [4.1] Picked [10.251.34.15]:5701, using socket ServerSocket[addr=/0:0:0:0:0:0:0:0,localport=5701], bind any local is true
11:31:45.436 [main] INFO  com.hazelcast.system - [10.251.34.15]:5701 [dev] [4.1] Hazelcast 4.0.1 (20200409 - e086b9c) starting at [10.251.34.15]:5701
11:31:45.436 [main] INFO  com.hazelcast.system - [10.251.34.15]:5701 [dev] [4.1] Copyright (c) 2008-2020, Hazelcast, Inc. All Rights Reserved.
11:31:45.620 [main] INFO  c.h.s.i.o.impl.BackpressureRegulator - [10.251.34.15]:5701 [dev] [4.1] Backpressure is disabled
11:31:45.862 [main] INFO  com.hazelcast.instance.impl.Node - [10.251.34.15]:5701 [dev] [4.1] Creating MulticastJoiner
11:31:45.869 [main] WARN  com.hazelcast.cp.CPSubsystem - [10.251.34.15]:5701 [dev] [4.1] CP Subsystem is not enabled. CP data structures will operate in UNSAFE mode! Please note that UNSAFE mode will not provide strong consistency guarantees.
11:31:46.082 [main] INFO  c.h.s.i.o.impl.OperationExecutorImpl - [10.251.34.15]:5701 [dev] [4.1] Starting 16 partition threads and 9 generic threads (1 dedicated for priority tasks)
11:31:46.098 [main] INFO  c.h.internal.diagnostics.Diagnostics - [10.251.34.15]:5701 [dev] [4.1] Diagnostics disabled. To enable add -Dhazelcast.diagnostics.enabled=true to the JVM arguments.
11:31:46.104 [main] INFO  com.hazelcast.core.LifecycleService - [10.251.34.15]:5701 [dev] [4.1] [10.251.34.15]:5701 is STARTING
11:31:48.725 [main] INFO  c.h.internal.cluster.ClusterService - [10.251.34.15]:5701 [dev] [4.1] 

Members {size:1, ver:1} [
	Member [10.251.34.15]:5701 - fdc1ba71-fd01-42aa-9797-9e7455945f02 this
]

11:31:48.740 [main] INFO  com.hazelcast.core.LifecycleService - [10.251.34.15]:5701 [dev] [4.1] [10.251.34.15]:5701 is STARTED
11:31:49.261 [main] INFO  c.h.c.i.spi.ClientInvocationService - training-instance [dev] [4.1] [4.0.1] Running with 2 response threads, dynamic=true
11:31:49.299 [main] INFO  com.hazelcast.core.LifecycleService - training-instance [dev] [4.1] [4.0.1] HazelcastClient 4.0.1 (20200409 - e086b9c) is STARTING
11:31:49.302 [main] INFO  com.hazelcast.core.LifecycleService - training-instance [dev] [4.1] [4.0.1] HazelcastClient 4.0.1 (20200409 - e086b9c) is STARTED
11:31:49.335 [main] INFO  c.h.c.i.c.ClientConnectionManager - training-instance [dev] [4.1] [4.0.1] Trying to connect to cluster: dev
11:31:49.338 [main] INFO  c.h.c.i.c.ClientConnectionManager - training-instance [dev] [4.1] [4.0.1] Trying to connect to [127.0.0.1]:5701
11:31:49.359 [hz.vigilant_heyrovsky.priority-generic-operation.thread-0] INFO  c.h.c.i.p.t.AuthenticationMessageTask - [10.251.34.15]:5701 [dev] [4.1] Received auth from Connection[id=1, /127.0.0.1:5701->/127.0.0.1:60031, qualifier=null, endpoint=[127.0.0.1]:60031, alive=true, connectionType=JVM], successfully authenticated, clientUuid: a5c4661c-a2fc-4bfc-91be-1a7ad87c820c, client version: 4.0.1
11:31:49.362 [main] INFO  com.hazelcast.core.LifecycleService - training-instance [dev] [4.1] [4.0.1] HazelcastClient 4.0.1 (20200409 - e086b9c) is CLIENT_CONNECTED
11:31:49.363 [main] INFO  c.h.c.i.c.ClientConnectionManager - training-instance [dev] [4.1] [4.0.1] Authenticated with server [10.251.34.15]:5701:fdc1ba71-fd01-42aa-9797-9e7455945f02, server version: 4.0.1, local address: /127.0.0.1:60031
11:31:49.366 [main] INFO  c.h.internal.diagnostics.Diagnostics - training-instance [dev] [4.1] [4.0.1] Diagnostics disabled. To enable add -Dhazelcast.diagnostics.enabled=true to the JVM arguments.
11:31:49.372 [training-instance.event-7] INFO  c.h.c.impl.spi.ClientClusterService - training-instance [dev] [4.1] [4.0.1] 

Members [1] {
	Member [10.251.34.15]:5701 - fdc1ba71-fd01-42aa-9797-9e7455945f02
}

11:31:49.401 [main] INFO  c.h.c.i.s.ClientStatisticsService - Client statistics is enabled with period 5 seconds.
11:31:49.673 [main] WARN  o.s.b.a.o.j.JpaBaseConfiguration$JpaWebConfiguration - spring.jpa.open-in-view is enabled by default. Therefore, database queries may be performed during view rendering. Explicitly configure spring.jpa.open-in-view to disable this warning
11:31:51.313 [main] INFO  o.s.b.a.e.web.EndpointLinksResolver - Exposing 1 endpoint(s) beneath base path '/actuator'
11:31:51.395 [main] INFO  o.a.coyote.http11.Http11NioProtocol - Starting ProtocolHandler ["http-nio-8080"]
11:31:51.431 [main] INFO  o.s.b.w.e.tomcat.TomcatWebServer - Tomcat started on port 8080 (http) with context path ''
11:31:51.447 [main] INFO  c.p.c.ContactsdemoApplication - Started ContactsdemoApplication in 13.921 seconds (process running for 15.453)
11:31:51.695 [RMI TCP Connection(2)-10.251.34.15] INFO  o.a.c.c.C.[Tomcat].[localhost].[/] - Initializing Spring DispatcherServlet 'dispatcherServlet'
11:31:51.696 [RMI TCP Connection(2)-10.251.34.15] INFO  o.s.web.servlet.DispatcherServlet - Initializing Servlet 'dispatcherServlet'
11:31:51.698 [RMI TCP Connection(2)-10.251.34.15] INFO  o.s.web.servlet.DispatcherServlet - Completed initialization in 2 ms
11:31:58.963 [http-nio-8080-exec-1] INFO  c.p.c.c.f.HeadersLoggingFilter - Header user-agent=0:0:0:0:0:0:0:1, IP = user-agent
11:31:58.963 [http-nio-8080-exec-1] INFO  c.p.c.c.f.HeadersLoggingFilter - Header accept=0:0:0:0:0:0:0:1, IP = accept
11:31:58.963 [http-nio-8080-exec-1] INFO  c.p.c.c.f.HeadersLoggingFilter - Header postman-token=0:0:0:0:0:0:0:1, IP = postman-token
11:31:58.963 [http-nio-8080-exec-1] INFO  c.p.c.c.f.HeadersLoggingFilter - Header host=0:0:0:0:0:0:0:1, IP = host
11:31:58.963 [http-nio-8080-exec-1] INFO  c.p.c.c.f.HeadersLoggingFilter - Header accept-encoding=0:0:0:0:0:0:0:1, IP = accept-encoding
11:31:58.964 [http-nio-8080-exec-1] INFO  c.p.c.c.f.HeadersLoggingFilter - Header connection=0:0:0:0:0:0:0:1, IP = connection
11:31:58.964 [http-nio-8080-exec-1] INFO  c.p.c.c.loggingfilter.LoggingFilter - Request: Method=GET, URI=/api/getAllContact, Headers=user-agent=PostmanRuntime/7.43.4; accept=*/*; postman-token=ee0cc503-caec-4b0c-9ff1-ef89f2a4a7e5; host=localhost:8080; accept-encoding=gzip, deflate, br; connection=keep-alive; , Request ID: c24ea6a2-cc1e-4fd9-b08e-77e06930d5c7, Request IP  =0:0:0:0:0:0:0:1
11:31:59.018 [http-nio-8080-exec-1] INFO  c.h.i.p.impl.PartitionStateManager - [10.251.34.15]:5701 [dev] [4.1] Initializing cluster partition table arrangement...
11:31:59.264 [http-nio-8080-exec-1] INFO  c.p.c.c.loggingfilter.LoggingFilter - Response: Status=200, URI=/api/getAllContact, Duration (Response Time)=300ms, Headers=[Content-Type, Transfer-Encoding, Date, Keep-Alive, Connection], Payload = org.apache.catalina.connector.ResponseFacade@3e3c4113
11:32:03.081 [http-nio-8080-exec-3] INFO  c.p.c.c.f.HeadersLoggingFilter - Header user-agent=0:0:0:0:0:0:0:1, IP = user-agent
11:32:03.081 [http-nio-8080-exec-3] INFO  c.p.c.c.f.HeadersLoggingFilter - Header accept=0:0:0:0:0:0:0:1, IP = accept
11:32:03.081 [http-nio-8080-exec-3] INFO  c.p.c.c.f.HeadersLoggingFilter - Header postman-token=0:0:0:0:0:0:0:1, IP = postman-token
11:32:03.081 [http-nio-8080-exec-3] INFO  c.p.c.c.f.HeadersLoggingFilter - Header host=0:0:0:0:0:0:0:1, IP = host
11:32:03.081 [http-nio-8080-exec-3] INFO  c.p.c.c.f.HeadersLoggingFilter - Header accept-encoding=0:0:0:0:0:0:0:1, IP = accept-encoding
11:32:03.081 [http-nio-8080-exec-3] INFO  c.p.c.c.f.HeadersLoggingFilter - Header connection=0:0:0:0:0:0:0:1, IP = connection
11:32:03.081 [http-nio-8080-exec-3] INFO  c.p.c.c.loggingfilter.LoggingFilter - Request: Method=GET, URI=/api/getAllContact, Headers=user-agent=PostmanRuntime/7.43.4; accept=*/*; postman-token=11a9712c-9c5e-433f-a456-080a2f9dc2ad; host=localhost:8080; accept-encoding=gzip, deflate, br; connection=keep-alive; , Request ID: 130263f2-08c3-4aff-96ca-441e4786346a, Request IP  =0:0:0:0:0:0:0:1
11:32:03.108 [http-nio-8080-exec-3] INFO  c.p.c.c.loggingfilter.LoggingFilter - Response: Status=200, URI=/api/getAllContact, Duration (Response Time)=26ms, Headers=[Content-Type, Transfer-Encoding, Date, Keep-Alive, Connection], Payload = org.apache.catalina.connector.ResponseFacade@320fb254
11:32:04.130 [http-nio-8080-exec-4] INFO  c.p.c.c.f.HeadersLoggingFilter - Header user-agent=0:0:0:0:0:0:0:1, IP = user-agent
11:32:04.130 [http-nio-8080-exec-4] INFO  c.p.c.c.f.HeadersLoggingFilter - Header accept=0:0:0:0:0:0:0:1, IP = accept
11:32:04.130 [http-nio-8080-exec-4] INFO  c.p.c.c.f.HeadersLoggingFilter - Header postman-token=0:0:0:0:0:0:0:1, IP = postman-token
11:32:04.130 [http-nio-8080-exec-4] INFO  c.p.c.c.f.HeadersLoggingFilter - Header host=0:0:0:0:0:0:0:1, IP = host
11:32:04.130 [http-nio-8080-exec-4] INFO  c.p.c.c.f.HeadersLoggingFilter - Header accept-encoding=0:0:0:0:0:0:0:1, IP = accept-encoding
11:32:04.130 [http-nio-8080-exec-4] INFO  c.p.c.c.f.HeadersLoggingFilter - Header connection=0:0:0:0:0:0:0:1, IP = connection
11:32:04.130 [http-nio-8080-exec-4] INFO  c.p.c.c.loggingfilter.LoggingFilter - Request: Method=GET, URI=/api/getAllContact, Headers=user-agent=PostmanRuntime/7.43.4; accept=*/*; postman-token=50926150-0c06-43bb-8205-31d69c7105b0; host=localhost:8080; accept-encoding=gzip, deflate, br; connection=keep-alive; , Request ID: e42224a6-a553-47ce-9a53-d5e10d7382fa, Request IP  =0:0:0:0:0:0:0:1
11:32:04.150 [http-nio-8080-exec-4] INFO  c.p.c.c.loggingfilter.LoggingFilter - Response: Status=200, URI=/api/getAllContact, Duration (Response Time)=19ms, Headers=[Content-Type, Transfer-Encoding, Date, Keep-Alive, Connection], Payload = org.apache.catalina.connector.ResponseFacade@37fe8183
11:32:05.229 [http-nio-8080-exec-5] INFO  c.p.c.c.f.HeadersLoggingFilter - Header user-agent=0:0:0:0:0:0:0:1, IP = user-agent
11:32:05.229 [http-nio-8080-exec-5] INFO  c.p.c.c.f.HeadersLoggingFilter - Header accept=0:0:0:0:0:0:0:1, IP = accept
11:32:05.229 [http-nio-8080-exec-5] INFO  c.p.c.c.f.HeadersLoggingFilter - Header postman-token=0:0:0:0:0:0:0:1, IP = postman-token
11:32:05.229 [http-nio-8080-exec-5] INFO  c.p.c.c.f.HeadersLoggingFilter - Header host=0:0:0:0:0:0:0:1, IP = host
11:32:05.229 [http-nio-8080-exec-5] INFO  c.p.c.c.f.HeadersLoggingFilter - Header accept-encoding=0:0:0:0:0:0:0:1, IP = accept-encoding
11:32:05.229 [http-nio-8080-exec-5] INFO  c.p.c.c.f.HeadersLoggingFilter - Header connection=0:0:0:0:0:0:0:1, IP = connection
11:32:05.229 [http-nio-8080-exec-5] INFO  c.p.c.c.loggingfilter.LoggingFilter - Request: Method=GET, URI=/api/getAllContact, Headers=user-agent=PostmanRuntime/7.43.4; accept=*/*; postman-token=52b3f59d-cb86-468a-8070-e20e8775c591; host=localhost:8080; accept-encoding=gzip, deflate, br; connection=keep-alive; , Request ID: 76263979-0383-49e8-850b-0d726bd701df, Request IP  =0:0:0:0:0:0:0:1
11:32:05.252 [http-nio-8080-exec-5] INFO  c.p.c.c.loggingfilter.LoggingFilter - Response: Status=200, URI=/api/getAllContact, Duration (Response Time)=23ms, Headers=[Content-Type, Transfer-Encoding, Date, Keep-Alive, Connection], Payload = org.apache.catalina.connector.ResponseFacade@44d478c8
11:32:06.155 [http-nio-8080-exec-6] INFO  c.p.c.c.f.HeadersLoggingFilter - Header user-agent=0:0:0:0:0:0:0:1, IP = user-agent
11:32:06.156 [http-nio-8080-exec-6] INFO  c.p.c.c.f.HeadersLoggingFilter - Header accept=0:0:0:0:0:0:0:1, IP = accept
11:32:06.156 [http-nio-8080-exec-6] INFO  c.p.c.c.f.HeadersLoggingFilter - Header postman-token=0:0:0:0:0:0:0:1, IP = postman-token
11:32:06.156 [http-nio-8080-exec-6] INFO  c.p.c.c.f.HeadersLoggingFilter - Header host=0:0:0:0:0:0:0:1, IP = host
11:32:06.156 [http-nio-8080-exec-6] INFO  c.p.c.c.f.HeadersLoggingFilter - Header accept-encoding=0:0:0:0:0:0:0:1, IP = accept-encoding
11:32:06.156 [http-nio-8080-exec-6] INFO  c.p.c.c.f.HeadersLoggingFilter - Header connection=0:0:0:0:0:0:0:1, IP = connection
11:32:06.156 [http-nio-8080-exec-6] INFO  c.p.c.c.loggingfilter.LoggingFilter - Request: Method=GET, URI=/api/getAllContact, Headers=user-agent=PostmanRuntime/7.43.4; accept=*/*; postman-token=16c849b8-164a-42b3-a442-f57b796661f1; host=localhost:8080; accept-encoding=gzip, deflate, br; connection=keep-alive; , Request ID: bbd4eabe-7f2b-42bb-b35e-cc90330e6d06, Request IP  =0:0:0:0:0:0:0:1
11:32:06.184 [http-nio-8080-exec-6] INFO  c.p.c.c.loggingfilter.LoggingFilter - Response: Status=200, URI=/api/getAllContact, Duration (Response Time)=28ms, Headers=[Content-Type, Transfer-Encoding, Date, Keep-Alive, Connection], Payload = org.apache.catalina.connector.ResponseFacade@192269c0
11:32:07.100 [http-nio-8080-exec-7] INFO  c.p.c.c.f.HeadersLoggingFilter - Header user-agent=0:0:0:0:0:0:0:1, IP = user-agent
11:32:07.101 [http-nio-8080-exec-7] INFO  c.p.c.c.f.HeadersLoggingFilter - Header accept=0:0:0:0:0:0:0:1, IP = accept
11:32:07.101 [http-nio-8080-exec-7] INFO  c.p.c.c.f.HeadersLoggingFilter - Header postman-token=0:0:0:0:0:0:0:1, IP = postman-token
11:32:07.101 [http-nio-8080-exec-7] INFO  c.p.c.c.f.HeadersLoggingFilter - Header host=0:0:0:0:0:0:0:1, IP = host
11:32:07.101 [http-nio-8080-exec-7] INFO  c.p.c.c.f.HeadersLoggingFilter - Header accept-encoding=0:0:0:0:0:0:0:1, IP = accept-encoding
11:32:07.101 [http-nio-8080-exec-7] INFO  c.p.c.c.f.HeadersLoggingFilter - Header connection=0:0:0:0:0:0:0:1, IP = connection
11:32:07.101 [http-nio-8080-exec-7] INFO  c.p.c.c.loggingfilter.LoggingFilter - Request: Method=GET, URI=/api/getAllContact, Headers=user-agent=PostmanRuntime/7.43.4; accept=*/*; postman-token=23b52e3a-812d-4021-8b84-a756ebdac74b; host=localhost:8080; accept-encoding=gzip, deflate, br; connection=keep-alive; , Request ID: ffae32ed-2982-418f-b09a-041fb0168485, Request IP  =0:0:0:0:0:0:0:1
11:32:07.109 [http-nio-8080-exec-7] INFO  c.p.c.c.loggingfilter.LoggingFilter - Response: Status=429, URI=/api/getAllContact, Duration (Response Time)=8ms, Headers=[Content-Type, Transfer-Encoding, Date, Keep-Alive, Connection], Payload = org.apache.catalina.connector.ResponseFacade@6dfaf13a
11:32:29.311 [http-nio-8080-exec-8] INFO  c.p.c.c.f.HeadersLoggingFilter - Header user-agent=0:0:0:0:0:0:0:1, IP = user-agent
11:32:29.311 [http-nio-8080-exec-8] INFO  c.p.c.c.f.HeadersLoggingFilter - Header accept=0:0:0:0:0:0:0:1, IP = accept
11:32:29.312 [http-nio-8080-exec-8] INFO  c.p.c.c.f.HeadersLoggingFilter - Header postman-token=0:0:0:0:0:0:0:1, IP = postman-token
11:32:29.312 [http-nio-8080-exec-8] INFO  c.p.c.c.f.HeadersLoggingFilter - Header host=0:0:0:0:0:0:0:1, IP = host
11:32:29.312 [http-nio-8080-exec-8] INFO  c.p.c.c.f.HeadersLoggingFilter - Header accept-encoding=0:0:0:0:0:0:0:1, IP = accept-encoding
11:32:29.312 [http-nio-8080-exec-8] INFO  c.p.c.c.f.HeadersLoggingFilter - Header connection=0:0:0:0:0:0:0:1, IP = connection
11:32:29.312 [http-nio-8080-exec-8] INFO  c.p.c.c.loggingfilter.LoggingFilter - Request: Method=GET, URI=/api/getAllContact, Headers=user-agent=PostmanRuntime/7.43.4; accept=*/*; postman-token=52f94150-a35f-47f9-a2cc-dda36dab9855; host=localhost:8080; accept-encoding=gzip, deflate, br; connection=keep-alive; , Request ID: 4f6efe5d-1e32-45a4-b4b6-780d064c5daf, Request IP  =0:0:0:0:0:0:0:1
11:32:29.314 [http-nio-8080-exec-8] INFO  c.p.c.c.loggingfilter.LoggingFilter - Response: Status=429, URI=/api/getAllContact, Duration (Response Time)=2ms, Headers=[Content-Type, Transfer-Encoding, Date, Keep-Alive, Connection], Payload = org.apache.catalina.connector.ResponseFacade@1f0b0461
11:32:34.586 [http-nio-8080-exec-9] INFO  c.p.c.c.f.HeadersLoggingFilter - Header user-agent=0:0:0:0:0:0:0:1, IP = user-agent
11:32:34.586 [http-nio-8080-exec-9] INFO  c.p.c.c.f.HeadersLoggingFilter - Header accept=0:0:0:0:0:0:0:1, IP = accept
11:32:34.586 [http-nio-8080-exec-9] INFO  c.p.c.c.f.HeadersLoggingFilter - Header postman-token=0:0:0:0:0:0:0:1, IP = postman-token
11:32:34.586 [http-nio-8080-exec-9] INFO  c.p.c.c.f.HeadersLoggingFilter - Header host=0:0:0:0:0:0:0:1, IP = host
11:32:34.586 [http-nio-8080-exec-9] INFO  c.p.c.c.f.HeadersLoggingFilter - Header accept-encoding=0:0:0:0:0:0:0:1, IP = accept-encoding
11:32:34.586 [http-nio-8080-exec-9] INFO  c.p.c.c.f.HeadersLoggingFilter - Header connection=0:0:0:0:0:0:0:1, IP = connection
11:32:34.587 [http-nio-8080-exec-9] INFO  c.p.c.c.loggingfilter.LoggingFilter - Request: Method=GET, URI=/api/getAllContact, Headers=user-agent=PostmanRuntime/7.43.4; accept=*/*; postman-token=f390affb-495e-4ea0-8961-cd52dda8d1ac; host=localhost:8080; accept-encoding=gzip, deflate, br; connection=keep-alive; , Request ID: d75ced98-b982-4996-b5b9-876b36cfaa90, Request IP  =0:0:0:0:0:0:0:1
11:32:34.591 [http-nio-8080-exec-9] INFO  c.p.c.c.loggingfilter.LoggingFilter - Response: Status=429, URI=/api/getAllContact, Duration (Response Time)=4ms, Headers=[Content-Type, Transfer-Encoding, Date, Keep-Alive, Connection], Payload = org.apache.catalina.connector.ResponseFacade@28bb297b
11:32:40.601 [http-nio-8080-exec-10] INFO  c.p.c.c.f.HeadersLoggingFilter - Header user-agent=0:0:0:0:0:0:0:1, IP = user-agent
11:32:40.601 [http-nio-8080-exec-10] INFO  c.p.c.c.f.HeadersLoggingFilter - Header accept=0:0:0:0:0:0:0:1, IP = accept
11:32:40.601 [http-nio-8080-exec-10] INFO  c.p.c.c.f.HeadersLoggingFilter - Header postman-token=0:0:0:0:0:0:0:1, IP = postman-token
11:32:40.601 [http-nio-8080-exec-10] INFO  c.p.c.c.f.HeadersLoggingFilter - Header host=0:0:0:0:0:0:0:1, IP = host
11:32:40.601 [http-nio-8080-exec-10] INFO  c.p.c.c.f.HeadersLoggingFilter - Header accept-encoding=0:0:0:0:0:0:0:1, IP = accept-encoding
11:32:40.601 [http-nio-8080-exec-10] INFO  c.p.c.c.f.HeadersLoggingFilter - Header connection=0:0:0:0:0:0:0:1, IP = connection
11:32:40.601 [http-nio-8080-exec-10] INFO  c.p.c.c.loggingfilter.LoggingFilter - Request: Method=GET, URI=/api/getAllContact, Headers=user-agent=PostmanRuntime/7.43.4; accept=*/*; postman-token=c87a14d9-7c9f-4d18-ac6e-5f5910c08751; host=localhost:8080; accept-encoding=gzip, deflate, br; connection=keep-alive; , Request ID: c4e512eb-448b-4a24-b666-044ecd896a2c, Request IP  =0:0:0:0:0:0:0:1
11:32:40.603 [http-nio-8080-exec-10] INFO  c.p.c.c.loggingfilter.LoggingFilter - Response: Status=429, URI=/api/getAllContact, Duration (Response Time)=2ms, Headers=[Content-Type, Transfer-Encoding, Date, Keep-Alive, Connection], Payload = org.apache.catalina.connector.ResponseFacade@4a223fc
11:33:26.943 [http-nio-8080-exec-2] INFO  c.p.c.c.f.HeadersLoggingFilter - Header user-agent=0:0:0:0:0:0:0:1, IP = user-agent
11:33:26.943 [http-nio-8080-exec-2] INFO  c.p.c.c.f.HeadersLoggingFilter - Header accept=0:0:0:0:0:0:0:1, IP = accept
11:33:26.943 [http-nio-8080-exec-2] INFO  c.p.c.c.f.HeadersLoggingFilter - Header postman-token=0:0:0:0:0:0:0:1, IP = postman-token
11:33:26.943 [http-nio-8080-exec-2] INFO  c.p.c.c.f.HeadersLoggingFilter - Header host=0:0:0:0:0:0:0:1, IP = host
11:33:26.943 [http-nio-8080-exec-2] INFO  c.p.c.c.f.HeadersLoggingFilter - Header accept-encoding=0:0:0:0:0:0:0:1, IP = accept-encoding
11:33:26.943 [http-nio-8080-exec-2] INFO  c.p.c.c.f.HeadersLoggingFilter - Header connection=0:0:0:0:0:0:0:1, IP = connection
11:33:26.943 [http-nio-8080-exec-2] INFO  c.p.c.c.loggingfilter.LoggingFilter - Request: Method=GET, URI=/api/getAllContact, Headers=user-agent=PostmanRuntime/7.43.4; accept=*/*; postman-token=b1064ac7-2dee-49df-9cdc-43639f67cd43; host=localhost:8080; accept-encoding=gzip, deflate, br; connection=keep-alive; , Request ID: a5bf2d89-3c3d-4848-a20c-d3e1bf6697da, Request IP  =0:0:0:0:0:0:0:1
11:33:26.964 [http-nio-8080-exec-2] INFO  c.p.c.c.loggingfilter.LoggingFilter - Response: Status=200, URI=/api/getAllContact, Duration (Response Time)=21ms, Headers=[Content-Type, Transfer-Encoding, Date, Keep-Alive, Connection], Payload = org.apache.catalina.connector.ResponseFacade@d5e480b
11:33:31.232 [http-nio-8080-exec-1] INFO  c.p.c.c.f.HeadersLoggingFilter - Header user-agent=0:0:0:0:0:0:0:1, IP = user-agent
11:33:31.232 [http-nio-8080-exec-1] INFO  c.p.c.c.f.HeadersLoggingFilter - Header accept=0:0:0:0:0:0:0:1, IP = accept
11:33:31.232 [http-nio-8080-exec-1] INFO  c.p.c.c.f.HeadersLoggingFilter - Header postman-token=0:0:0:0:0:0:0:1, IP = postman-token
11:33:31.232 [http-nio-8080-exec-1] INFO  c.p.c.c.f.HeadersLoggingFilter - Header host=0:0:0:0:0:0:0:1, IP = host
11:33:31.232 [http-nio-8080-exec-1] INFO  c.p.c.c.f.HeadersLoggingFilter - Header accept-encoding=0:0:0:0:0:0:0:1, IP = accept-encoding
11:33:31.232 [http-nio-8080-exec-1] INFO  c.p.c.c.f.HeadersLoggingFilter - Header connection=0:0:0:0:0:0:0:1, IP = connection
11:33:31.232 [http-nio-8080-exec-1] INFO  c.p.c.c.loggingfilter.LoggingFilter - Request: Method=GET, URI=/api/getAllContact, Headers=user-agent=PostmanRuntime/7.43.4; accept=*/*; postman-token=511e2202-4248-4094-9d7d-18461cc77e1e; host=localhost:8080; accept-encoding=gzip, deflate, br; connection=keep-alive; , Request ID: 867d79b0-2e00-44f0-9f5a-25b4e2677925, Request IP  =0:0:0:0:0:0:0:1
11:33:31.250 [http-nio-8080-exec-1] INFO  c.p.c.c.loggingfilter.LoggingFilter - Response: Status=200, URI=/api/getAllContact, Duration (Response Time)=18ms, Headers=[Content-Type, Transfer-Encoding, Date, Keep-Alive, Connection], Payload = org.apache.catalina.connector.ResponseFacade@d021b8a
11:33:31.784 [http-nio-8080-exec-3] INFO  c.p.c.c.f.HeadersLoggingFilter - Header user-agent=0:0:0:0:0:0:0:1, IP = user-agent
11:33:31.785 [http-nio-8080-exec-3] INFO  c.p.c.c.f.HeadersLoggingFilter - Header accept=0:0:0:0:0:0:0:1, IP = accept
11:33:31.785 [http-nio-8080-exec-3] INFO  c.p.c.c.f.HeadersLoggingFilter - Header postman-token=0:0:0:0:0:0:0:1, IP = postman-token
11:33:31.785 [http-nio-8080-exec-3] INFO  c.p.c.c.f.HeadersLoggingFilter - Header host=0:0:0:0:0:0:0:1, IP = host
11:33:31.785 [http-nio-8080-exec-3] INFO  c.p.c.c.f.HeadersLoggingFilter - Header accept-encoding=0:0:0:0:0:0:0:1, IP = accept-encoding
11:33:31.785 [http-nio-8080-exec-3] INFO  c.p.c.c.f.HeadersLoggingFilter - Header connection=0:0:0:0:0:0:0:1, IP = connection
11:33:31.785 [http-nio-8080-exec-3] INFO  c.p.c.c.loggingfilter.LoggingFilter - Request: Method=GET, URI=/api/getAllContact, Headers=user-agent=PostmanRuntime/7.43.4; accept=*/*; postman-token=c6ae75de-17cd-4461-8fff-6e835d8c19b5; host=localhost:8080; accept-encoding=gzip, deflate, br; connection=keep-alive; , Request ID: 7f5116b7-5fd9-4876-a2fb-fa0a966a2522, Request IP  =0:0:0:0:0:0:0:1
11:33:31.807 [http-nio-8080-exec-3] INFO  c.p.c.c.loggingfilter.LoggingFilter - Response: Status=200, URI=/api/getAllContact, Duration (Response Time)=22ms, Headers=[Content-Type, Transfer-Encoding, Date, Keep-Alive, Connection], Payload = org.apache.catalina.connector.ResponseFacade@44d40470
11:33:32.280 [http-nio-8080-exec-4] INFO  c.p.c.c.f.HeadersLoggingFilter - Header user-agent=0:0:0:0:0:0:0:1, IP = user-agent
11:33:32.280 [http-nio-8080-exec-4] INFO  c.p.c.c.f.HeadersLoggingFilter - Header accept=0:0:0:0:0:0:0:1, IP = accept
11:33:32.281 [http-nio-8080-exec-4] INFO  c.p.c.c.f.HeadersLoggingFilter - Header postman-token=0:0:0:0:0:0:0:1, IP = postman-token
11:33:32.281 [http-nio-8080-exec-4] INFO  c.p.c.c.f.HeadersLoggingFilter - Header host=0:0:0:0:0:0:0:1, IP = host
11:33:32.281 [http-nio-8080-exec-4] INFO  c.p.c.c.f.HeadersLoggingFilter - Header accept-encoding=0:0:0:0:0:0:0:1, IP = accept-encoding
11:33:32.281 [http-nio-8080-exec-4] INFO  c.p.c.c.f.HeadersLoggingFilter - Header connection=0:0:0:0:0:0:0:1, IP = connection
11:33:32.281 [http-nio-8080-exec-4] INFO  c.p.c.c.loggingfilter.LoggingFilter - Request: Method=GET, URI=/api/getAllContact, Headers=user-agent=PostmanRuntime/7.43.4; accept=*/*; postman-token=1f716395-5875-44d6-8f74-5f66907776b9; host=localhost:8080; accept-encoding=gzip, deflate, br; connection=keep-alive; , Request ID: d231499b-7006-4750-a042-4a64a8588f7d, Request IP  =0:0:0:0:0:0:0:1
11:33:32.298 [http-nio-8080-exec-4] INFO  c.p.c.c.loggingfilter.LoggingFilter - Response: Status=200, URI=/api/getAllContact, Duration (Response Time)=17ms, Headers=[Content-Type, Transfer-Encoding, Date, Keep-Alive, Connection], Payload = org.apache.catalina.connector.ResponseFacade@1c54d637
11:33:33.209 [http-nio-8080-exec-5] INFO  c.p.c.c.f.HeadersLoggingFilter - Header user-agent=0:0:0:0:0:0:0:1, IP = user-agent
11:33:33.209 [http-nio-8080-exec-5] INFO  c.p.c.c.f.HeadersLoggingFilter - Header accept=0:0:0:0:0:0:0:1, IP = accept
11:33:33.209 [http-nio-8080-exec-5] INFO  c.p.c.c.f.HeadersLoggingFilter - Header postman-token=0:0:0:0:0:0:0:1, IP = postman-token
11:33:33.209 [http-nio-8080-exec-5] INFO  c.p.c.c.f.HeadersLoggingFilter - Header host=0:0:0:0:0:0:0:1, IP = host
11:33:33.209 [http-nio-8080-exec-5] INFO  c.p.c.c.f.HeadersLoggingFilter - Header accept-encoding=0:0:0:0:0:0:0:1, IP = accept-encoding
11:33:33.209 [http-nio-8080-exec-5] INFO  c.p.c.c.f.HeadersLoggingFilter - Header connection=0:0:0:0:0:0:0:1, IP = connection
11:33:33.209 [http-nio-8080-exec-5] INFO  c.p.c.c.loggingfilter.LoggingFilter - Request: Method=GET, URI=/api/getAllContact, Headers=user-agent=PostmanRuntime/7.43.4; accept=*/*; postman-token=5c87fd6b-6054-4450-99b5-9cfb611b36ca; host=localhost:8080; accept-encoding=gzip, deflate, br; connection=keep-alive; , Request ID: 0c5a63f2-35ab-4ddd-aa10-6b452a19994c, Request IP  =0:0:0:0:0:0:0:1
11:33:33.228 [http-nio-8080-exec-5] INFO  c.p.c.c.loggingfilter.LoggingFilter - Response: Status=200, URI=/api/getAllContact, Duration (Response Time)=19ms, Headers=[Content-Type, Transfer-Encoding, Date, Keep-Alive, Connection], Payload = org.apache.catalina.connector.ResponseFacade@2e62a65d
11:33:34.100 [http-nio-8080-exec-6] INFO  c.p.c.c.f.HeadersLoggingFilter - Header user-agent=0:0:0:0:0:0:0:1, IP = user-agent
11:33:34.100 [http-nio-8080-exec-6] INFO  c.p.c.c.f.HeadersLoggingFilter - Header accept=0:0:0:0:0:0:0:1, IP = accept
11:33:34.101 [http-nio-8080-exec-6] INFO  c.p.c.c.f.HeadersLoggingFilter - Header postman-token=0:0:0:0:0:0:0:1, IP = postman-token
11:33:34.101 [http-nio-8080-exec-6] INFO  c.p.c.c.f.HeadersLoggingFilter - Header host=0:0:0:0:0:0:0:1, IP = host
11:33:34.101 [http-nio-8080-exec-6] INFO  c.p.c.c.f.HeadersLoggingFilter - Header accept-encoding=0:0:0:0:0:0:0:1, IP = accept-encoding
11:33:34.101 [http-nio-8080-exec-6] INFO  c.p.c.c.f.HeadersLoggingFilter - Header connection=0:0:0:0:0:0:0:1, IP = connection
11:33:34.101 [http-nio-8080-exec-6] INFO  c.p.c.c.loggingfilter.LoggingFilter - Request: Method=GET, URI=/api/getAllContact, Headers=user-agent=PostmanRuntime/7.43.4; accept=*/*; postman-token=af493135-af24-4a61-8a9d-76a4c0640305; host=localhost:8080; accept-encoding=gzip, deflate, br; connection=keep-alive; , Request ID: 04f04497-8114-4a69-a245-2e5ae863e1ad, Request IP  =0:0:0:0:0:0:0:1
11:33:34.103 [http-nio-8080-exec-6] INFO  c.p.c.c.loggingfilter.LoggingFilter - Response: Status=429, URI=/api/getAllContact, Duration (Response Time)=2ms, Headers=[Content-Type, Transfer-Encoding, Date, Keep-Alive, Connection], Payload = org.apache.catalina.connector.ResponseFacade@2e2932a1
11:33:35.012 [http-nio-8080-exec-7] INFO  c.p.c.c.f.HeadersLoggingFilter - Header user-agent=0:0:0:0:0:0:0:1, IP = user-agent
11:33:35.012 [http-nio-8080-exec-7] INFO  c.p.c.c.f.HeadersLoggingFilter - Header accept=0:0:0:0:0:0:0:1, IP = accept
11:33:35.012 [http-nio-8080-exec-7] INFO  c.p.c.c.f.HeadersLoggingFilter - Header postman-token=0:0:0:0:0:0:0:1, IP = postman-token
11:33:35.012 [http-nio-8080-exec-7] INFO  c.p.c.c.f.HeadersLoggingFilter - Header host=0:0:0:0:0:0:0:1, IP = host
11:33:35.012 [http-nio-8080-exec-7] INFO  c.p.c.c.f.HeadersLoggingFilter - Header accept-encoding=0:0:0:0:0:0:0:1, IP = accept-encoding
11:33:35.012 [http-nio-8080-exec-7] INFO  c.p.c.c.f.HeadersLoggingFilter - Header connection=0:0:0:0:0:0:0:1, IP = connection
11:33:35.012 [http-nio-8080-exec-7] INFO  c.p.c.c.loggingfilter.LoggingFilter - Request: Method=GET, URI=/api/getAllContact, Headers=user-agent=PostmanRuntime/7.43.4; accept=*/*; postman-token=1af29cb2-7fee-49d0-bb1e-04d7e8cd3c43; host=localhost:8080; accept-encoding=gzip, deflate, br; connection=keep-alive; , Request ID: 360cfb2c-60c0-4ee0-9128-12f53f7b3f83, Request IP  =0:0:0:0:0:0:0:1
11:33:35.017 [http-nio-8080-exec-7] INFO  c.p.c.c.loggingfilter.LoggingFilter - Response: Status=429, URI=/api/getAllContact, Duration (Response Time)=5ms, Headers=[Content-Type, Transfer-Encoding, Date, Keep-Alive, Connection], Payload = org.apache.catalina.connector.ResponseFacade@70fe99c4
16:53:54.145 [hz.ShutdownThread] INFO  com.hazelcast.instance.impl.Node - [10.251.34.15]:5701 [dev] [4.1] Running shutdown hook... Current state: ACTIVE
16:53:54.388 [SpringApplicationShutdownHook] INFO  o.s.o.j.LocalContainerEntityManagerFactoryBean - Closing JPA EntityManagerFactory for persistence unit 'default'
16:53:54.403 [SpringApplicationShutdownHook] INFO  com.zaxxer.hikari.HikariDataSource - HikariPool-1 - Shutdown initiated...
16:53:54.408 [SpringApplicationShutdownHook] INFO  com.zaxxer.hikari.HikariDataSource - HikariPool-1 - Shutdown completed.
