15:00:36.560 [background-preinit] INFO  o.h.validator.internal.util.Version - HV000001: Hibernate Validator 8.0.1.Final
15:00:36.650 [main] INFO  c.p.c.ContactsdemoApplication - Starting ContactsdemoApplication using Java 17.0.12 with PID 17048 (C:\Ayse Ceren - crud projects\contactsdemo\build\classes\java\main started by 16381136672 in C:\Ayse Ceren - crud projects\contactsdemo)
15:00:36.651 [main] INFO  c.p.c.ContactsdemoApplication - No active profile set, falling back to 1 default profile: "default"
15:00:38.191 [main] INFO  o.s.d.r.c.RepositoryConfigurationDelegate - Bootstrapping Spring Data JPA repositories in DEFAULT mode.
15:00:38.277 [main] INFO  o.s.d.r.c.RepositoryConfigurationDelegate - Finished Spring Data repository scanning in 72 ms. Found 2 JPA repository interfaces.
15:00:39.262 [main] INFO  o.s.b.w.e.tomcat.TomcatWebServer - Tomcat initialized with port 8080 (http)
15:00:39.278 [main] INFO  o.a.coyote.http11.Http11NioProtocol - Initializing ProtocolHandler ["http-nio-8080"]
15:00:39.281 [main] INFO  o.a.catalina.core.StandardService - Starting service [Tomcat]
15:00:39.281 [main] INFO  o.a.catalina.core.StandardEngine - Starting Servlet engine: [Apache Tomcat/10.1.25]
15:00:39.380 [main] INFO  o.a.c.c.C.[Tomcat].[localhost].[/] - Initializing Spring embedded WebApplicationContext
15:00:39.380 [main] INFO  o.s.b.w.s.c.ServletWebServerApplicationContext - Root WebApplicationContext: initialization completed in 2646 ms
15:00:39.708 [main] INFO  o.h.jpa.internal.util.LogHelper - HHH000204: Processing PersistenceUnitInfo [name: default]
15:00:39.831 [main] INFO  org.hibernate.Version - HHH000412: Hibernate ORM core version 6.4.9.Final
15:00:39.884 [main] INFO  o.h.c.i.RegionFactoryInitiator - HHH000026: Second-level cache disabled
15:00:40.275 [main] INFO  o.s.o.j.p.SpringPersistenceUnitInfo - No LoadTimeWeaver setup: ignoring JPA class transformer
15:00:40.325 [main] INFO  com.zaxxer.hikari.HikariDataSource - HikariPool-1 - Starting...
15:00:41.390 [main] ERROR com.zaxxer.hikari.pool.HikariPool - HikariPool-1 - Exception during pool initialization.
org.postgresql.util.PSQLException: Connection to localhost:5432 refused. Check that the hostname and port are correct and that the postmaster is accepting TCP/IP connections.
	at org.postgresql.core.v3.ConnectionFactoryImpl.openConnectionImpl(ConnectionFactoryImpl.java:342)
	at org.postgresql.core.ConnectionFactory.openConnection(ConnectionFactory.java:54)
	at org.postgresql.jdbc.PgConnection.<init>(PgConnection.java:263)
	at org.postgresql.Driver.makeConnection(Driver.java:443)
	at org.postgresql.Driver.connect(Driver.java:297)
	at com.zaxxer.hikari.util.DriverDataSource.getConnection(DriverDataSource.java:138)
	at com.zaxxer.hikari.pool.PoolBase.newConnection(PoolBase.java:359)
	at com.zaxxer.hikari.pool.PoolBase.newPoolEntry(PoolBase.java:201)
	at com.zaxxer.hikari.pool.HikariPool.createPoolEntry(HikariPool.java:470)
	at com.zaxxer.hikari.pool.HikariPool.checkFailFast(HikariPool.java:561)
	at com.zaxxer.hikari.pool.HikariPool.<init>(HikariPool.java:100)
	at com.zaxxer.hikari.HikariDataSource.getConnection(HikariDataSource.java:112)
	at org.hibernate.engine.jdbc.connections.internal.DatasourceConnectionProviderImpl.getConnection(DatasourceConnectionProviderImpl.java:122)
	at org.hibernate.engine.jdbc.env.internal.JdbcEnvironmentInitiator$ConnectionProviderJdbcConnectionAccess.obtainConnection(JdbcEnvironmentInitiator.java:428)
	at org.hibernate.resource.transaction.backend.jdbc.internal.JdbcIsolationDelegate.delegateWork(JdbcIsolationDelegate.java:61)
	at org.hibernate.engine.jdbc.env.internal.JdbcEnvironmentInitiator.getJdbcEnvironmentUsingJdbcMetadata(JdbcEnvironmentInitiator.java:276)
	at org.hibernate.engine.jdbc.env.internal.JdbcEnvironmentInitiator.initiateService(JdbcEnvironmentInitiator.java:107)
	at org.hibernate.engine.jdbc.env.internal.JdbcEnvironmentInitiator.initiateService(JdbcEnvironmentInitiator.java:68)
	at org.hibernate.boot.registry.internal.StandardServiceRegistryImpl.initiateService(StandardServiceRegistryImpl.java:130)
	at org.hibernate.service.internal.AbstractServiceRegistryImpl.createService(AbstractServiceRegistryImpl.java:263)
	at org.hibernate.service.internal.AbstractServiceRegistryImpl.initializeService(AbstractServiceRegistryImpl.java:238)
	at org.hibernate.service.internal.AbstractServiceRegistryImpl.getService(AbstractServiceRegistryImpl.java:215)
	at org.hibernate.boot.model.relational.Database.<init>(Database.java:45)
	at org.hibernate.boot.internal.InFlightMetadataCollectorImpl.getDatabase(InFlightMetadataCollectorImpl.java:223)
	at org.hibernate.boot.internal.InFlightMetadataCollectorImpl.<init>(InFlightMetadataCollectorImpl.java:191)
	at org.hibernate.boot.model.process.spi.MetadataBuildingProcess.complete(MetadataBuildingProcess.java:170)
	at org.hibernate.jpa.boot.internal.EntityManagerFactoryBuilderImpl.metadata(EntityManagerFactoryBuilderImpl.java:1432)
	at org.hibernate.jpa.boot.internal.EntityManagerFactoryBuilderImpl.build(EntityManagerFactoryBuilderImpl.java:1503)
	at org.springframework.orm.jpa.vendor.SpringHibernateJpaPersistenceProvider.createContainerEntityManagerFactory(SpringHibernateJpaPersistenceProvider.java:75)
	at org.springframework.orm.jpa.LocalContainerEntityManagerFactoryBean.createNativeEntityManagerFactory(LocalContainerEntityManagerFactoryBean.java:390)
	at org.springframework.orm.jpa.AbstractEntityManagerFactoryBean.buildNativeEntityManagerFactory(AbstractEntityManagerFactoryBean.java:409)
	at org.springframework.orm.jpa.AbstractEntityManagerFactoryBean.afterPropertiesSet(AbstractEntityManagerFactoryBean.java:396)
	at org.springframework.orm.jpa.LocalContainerEntityManagerFactoryBean.afterPropertiesSet(LocalContainerEntityManagerFactoryBean.java:366)
	at org.springframework.beans.factory.support.AbstractAutowireCapableBeanFactory.invokeInitMethods(AbstractAutowireCapableBeanFactory.java:1835)
	at org.springframework.beans.factory.support.AbstractAutowireCapableBeanFactory.initializeBean(AbstractAutowireCapableBeanFactory.java:1784)
	at org.springframework.beans.factory.support.AbstractAutowireCapableBeanFactory.doCreateBean(AbstractAutowireCapableBeanFactory.java:600)
	at org.springframework.beans.factory.support.AbstractAutowireCapableBeanFactory.createBean(AbstractAutowireCapableBeanFactory.java:522)
	at org.springframework.beans.factory.support.AbstractBeanFactory.lambda$doGetBean$0(AbstractBeanFactory.java:337)
	at org.springframework.beans.factory.support.DefaultSingletonBeanRegistry.getSingleton(DefaultSingletonBeanRegistry.java:234)
	at org.springframework.beans.factory.support.AbstractBeanFactory.doGetBean(AbstractBeanFactory.java:335)
	at org.springframework.beans.factory.support.AbstractBeanFactory.getBean(AbstractBeanFactory.java:205)
	at org.springframework.context.support.AbstractApplicationContext.finishBeanFactoryInitialization(AbstractApplicationContext.java:952)
	at org.springframework.context.support.AbstractApplicationContext.refresh(AbstractApplicationContext.java:624)
	at org.springframework.boot.web.servlet.context.ServletWebServerApplicationContext.refresh(ServletWebServerApplicationContext.java:146)
	at org.springframework.boot.SpringApplication.refresh(SpringApplication.java:754)
	at org.springframework.boot.SpringApplication.refreshContext(SpringApplication.java:456)
	at org.springframework.boot.SpringApplication.run(SpringApplication.java:335)
	at org.springframework.boot.SpringApplication.run(SpringApplication.java:1363)
	at org.springframework.boot.SpringApplication.run(SpringApplication.java:1352)
	at com.project.contactsdemo.ContactsdemoApplication.main(ContactsdemoApplication.java:10)
Caused by: java.net.ConnectException: Connection refused: no further information
	at java.base/sun.nio.ch.Net.pollConnect(Native Method)
	at java.base/sun.nio.ch.Net.pollConnectNow(Net.java:672)
	at java.base/sun.nio.ch.NioSocketImpl.timedFinishConnect(NioSocketImpl.java:547)
	at java.base/sun.nio.ch.NioSocketImpl.connect(NioSocketImpl.java:602)
	at java.base/java.net.SocksSocketImpl.connect(SocksSocketImpl.java:327)
	at java.base/java.net.Socket.connect(Socket.java:633)
	at org.postgresql.core.PGStream.createSocket(PGStream.java:243)
	at org.postgresql.core.PGStream.<init>(PGStream.java:98)
	at org.postgresql.core.v3.ConnectionFactoryImpl.tryConnect(ConnectionFactoryImpl.java:132)
	at org.postgresql.core.v3.ConnectionFactoryImpl.openConnectionImpl(ConnectionFactoryImpl.java:258)
	... 49 common frames omitted
15:00:41.393 [main] WARN  o.h.e.j.e.i.JdbcEnvironmentInitiator - HHH000342: Could not obtain connection to query metadata
java.lang.NullPointerException: Cannot invoke "org.hibernate.engine.jdbc.spi.SqlExceptionHelper.convert(java.sql.SQLException, String)" because the return value of "org.hibernate.resource.transaction.backend.jdbc.internal.JdbcIsolationDelegate.sqlExceptionHelper()" is null
	at org.hibernate.resource.transaction.backend.jdbc.internal.JdbcIsolationDelegate.delegateWork(JdbcIsolationDelegate.java:116)
	at org.hibernate.engine.jdbc.env.internal.JdbcEnvironmentInitiator.getJdbcEnvironmentUsingJdbcMetadata(JdbcEnvironmentInitiator.java:276)
	at org.hibernate.engine.jdbc.env.internal.JdbcEnvironmentInitiator.initiateService(JdbcEnvironmentInitiator.java:107)
	at org.hibernate.engine.jdbc.env.internal.JdbcEnvironmentInitiator.initiateService(JdbcEnvironmentInitiator.java:68)
	at org.hibernate.boot.registry.internal.StandardServiceRegistryImpl.initiateService(StandardServiceRegistryImpl.java:130)
	at org.hibernate.service.internal.AbstractServiceRegistryImpl.createService(AbstractServiceRegistryImpl.java:263)
	at org.hibernate.service.internal.AbstractServiceRegistryImpl.initializeService(AbstractServiceRegistryImpl.java:238)
	at org.hibernate.service.internal.AbstractServiceRegistryImpl.getService(AbstractServiceRegistryImpl.java:215)
	at org.hibernate.boot.model.relational.Database.<init>(Database.java:45)
	at org.hibernate.boot.internal.InFlightMetadataCollectorImpl.getDatabase(InFlightMetadataCollectorImpl.java:223)
	at org.hibernate.boot.internal.InFlightMetadataCollectorImpl.<init>(InFlightMetadataCollectorImpl.java:191)
	at org.hibernate.boot.model.process.spi.MetadataBuildingProcess.complete(MetadataBuildingProcess.java:170)
	at org.hibernate.jpa.boot.internal.EntityManagerFactoryBuilderImpl.metadata(EntityManagerFactoryBuilderImpl.java:1432)
	at org.hibernate.jpa.boot.internal.EntityManagerFactoryBuilderImpl.build(EntityManagerFactoryBuilderImpl.java:1503)
	at org.springframework.orm.jpa.vendor.SpringHibernateJpaPersistenceProvider.createContainerEntityManagerFactory(SpringHibernateJpaPersistenceProvider.java:75)
	at org.springframework.orm.jpa.LocalContainerEntityManagerFactoryBean.createNativeEntityManagerFactory(LocalContainerEntityManagerFactoryBean.java:390)
	at org.springframework.orm.jpa.AbstractEntityManagerFactoryBean.buildNativeEntityManagerFactory(AbstractEntityManagerFactoryBean.java:409)
	at org.springframework.orm.jpa.AbstractEntityManagerFactoryBean.afterPropertiesSet(AbstractEntityManagerFactoryBean.java:396)
	at org.springframework.orm.jpa.LocalContainerEntityManagerFactoryBean.afterPropertiesSet(LocalContainerEntityManagerFactoryBean.java:366)
	at org.springframework.beans.factory.support.AbstractAutowireCapableBeanFactory.invokeInitMethods(AbstractAutowireCapableBeanFactory.java:1835)
	at org.springframework.beans.factory.support.AbstractAutowireCapableBeanFactory.initializeBean(AbstractAutowireCapableBeanFactory.java:1784)
	at org.springframework.beans.factory.support.AbstractAutowireCapableBeanFactory.doCreateBean(AbstractAutowireCapableBeanFactory.java:600)
	at org.springframework.beans.factory.support.AbstractAutowireCapableBeanFactory.createBean(AbstractAutowireCapableBeanFactory.java:522)
	at org.springframework.beans.factory.support.AbstractBeanFactory.lambda$doGetBean$0(AbstractBeanFactory.java:337)
	at org.springframework.beans.factory.support.DefaultSingletonBeanRegistry.getSingleton(DefaultSingletonBeanRegistry.java:234)
	at org.springframework.beans.factory.support.AbstractBeanFactory.doGetBean(AbstractBeanFactory.java:335)
	at org.springframework.beans.factory.support.AbstractBeanFactory.getBean(AbstractBeanFactory.java:205)
	at org.springframework.context.support.AbstractApplicationContext.finishBeanFactoryInitialization(AbstractApplicationContext.java:952)
	at org.springframework.context.support.AbstractApplicationContext.refresh(AbstractApplicationContext.java:624)
	at org.springframework.boot.web.servlet.context.ServletWebServerApplicationContext.refresh(ServletWebServerApplicationContext.java:146)
	at org.springframework.boot.SpringApplication.refresh(SpringApplication.java:754)
	at org.springframework.boot.SpringApplication.refreshContext(SpringApplication.java:456)
	at org.springframework.boot.SpringApplication.run(SpringApplication.java:335)
	at org.springframework.boot.SpringApplication.run(SpringApplication.java:1363)
	at org.springframework.boot.SpringApplication.run(SpringApplication.java:1352)
	at com.project.contactsdemo.ContactsdemoApplication.main(ContactsdemoApplication.java:10)
15:00:41.424 [main] WARN  org.hibernate.orm.deprecation - HHH90000025: PostgreSQLDialect does not need to be specified explicitly using 'hibernate.dialect' (remove the property setting and it will be selected by default)
15:00:42.696 [main] INFO  com.zaxxer.hikari.HikariDataSource - HikariPool-1 - Starting...
15:00:43.703 [main] ERROR com.zaxxer.hikari.pool.HikariPool - HikariPool-1 - Exception during pool initialization.
org.postgresql.util.PSQLException: Connection to localhost:5432 refused. Check that the hostname and port are correct and that the postmaster is accepting TCP/IP connections.
	at org.postgresql.core.v3.ConnectionFactoryImpl.openConnectionImpl(ConnectionFactoryImpl.java:342)
	at org.postgresql.core.ConnectionFactory.openConnection(ConnectionFactory.java:54)
	at org.postgresql.jdbc.PgConnection.<init>(PgConnection.java:263)
	at org.postgresql.Driver.makeConnection(Driver.java:443)
	at org.postgresql.Driver.connect(Driver.java:297)
	at com.zaxxer.hikari.util.DriverDataSource.getConnection(DriverDataSource.java:138)
	at com.zaxxer.hikari.pool.PoolBase.newConnection(PoolBase.java:359)
	at com.zaxxer.hikari.pool.PoolBase.newPoolEntry(PoolBase.java:201)
	at com.zaxxer.hikari.pool.HikariPool.createPoolEntry(HikariPool.java:470)
	at com.zaxxer.hikari.pool.HikariPool.checkFailFast(HikariPool.java:561)
	at com.zaxxer.hikari.pool.HikariPool.<init>(HikariPool.java:100)
	at com.zaxxer.hikari.HikariDataSource.getConnection(HikariDataSource.java:112)
	at org.hibernate.engine.jdbc.connections.internal.DatasourceConnectionProviderImpl.getConnection(DatasourceConnectionProviderImpl.java:122)
	at org.hibernate.engine.jdbc.env.internal.JdbcEnvironmentInitiator$ConnectionProviderJdbcConnectionAccess.obtainConnection(JdbcEnvironmentInitiator.java:428)
	at org.hibernate.resource.transaction.backend.jdbc.internal.DdlTransactionIsolatorNonJtaImpl.getIsolatedConnection(DdlTransactionIsolatorNonJtaImpl.java:46)
	at org.hibernate.resource.transaction.backend.jdbc.internal.DdlTransactionIsolatorNonJtaImpl.getIsolatedConnection(DdlTransactionIsolatorNonJtaImpl.java:39)
	at org.hibernate.tool.schema.internal.exec.ImprovedExtractionContextImpl.getJdbcConnection(ImprovedExtractionContextImpl.java:63)
	at org.hibernate.tool.schema.extract.spi.ExtractionContext.getQueryResults(ExtractionContext.java:43)
	at org.hibernate.tool.schema.extract.internal.SequenceInformationExtractorLegacyImpl.extractMetadata(SequenceInformationExtractorLegacyImpl.java:39)
	at org.hibernate.tool.schema.extract.internal.DatabaseInformationImpl.initializeSequences(DatabaseInformationImpl.java:66)
	at org.hibernate.tool.schema.extract.internal.DatabaseInformationImpl.<init>(DatabaseInformationImpl.java:60)
	at org.hibernate.tool.schema.internal.Helper.buildDatabaseInformation(Helper.java:185)
	at org.hibernate.tool.schema.internal.AbstractSchemaMigrator.doMigration(AbstractSchemaMigrator.java:98)
	at org.hibernate.tool.schema.spi.SchemaManagementToolCoordinator.performDatabaseAction(SchemaManagementToolCoordinator.java:280)
	at org.hibernate.tool.schema.spi.SchemaManagementToolCoordinator.lambda$process$5(SchemaManagementToolCoordinator.java:144)
	at java.base/java.util.HashMap.forEach(HashMap.java:1421)
	at org.hibernate.tool.schema.spi.SchemaManagementToolCoordinator.process(SchemaManagementToolCoordinator.java:141)
	at org.hibernate.boot.internal.SessionFactoryObserverForSchemaExport.sessionFactoryCreated(SessionFactoryObserverForSchemaExport.java:37)
	at org.hibernate.internal.SessionFactoryObserverChain.sessionFactoryCreated(SessionFactoryObserverChain.java:35)
	at org.hibernate.internal.SessionFactoryImpl.<init>(SessionFactoryImpl.java:315)
	at org.hibernate.boot.internal.SessionFactoryBuilderImpl.build(SessionFactoryBuilderImpl.java:450)
	at org.hibernate.jpa.boot.internal.EntityManagerFactoryBuilderImpl.build(EntityManagerFactoryBuilderImpl.java:1507)
	at org.springframework.orm.jpa.vendor.SpringHibernateJpaPersistenceProvider.createContainerEntityManagerFactory(SpringHibernateJpaPersistenceProvider.java:75)
	at org.springframework.orm.jpa.LocalContainerEntityManagerFactoryBean.createNativeEntityManagerFactory(LocalContainerEntityManagerFactoryBean.java:390)
	at org.springframework.orm.jpa.AbstractEntityManagerFactoryBean.buildNativeEntityManagerFactory(AbstractEntityManagerFactoryBean.java:409)
	at org.springframework.orm.jpa.AbstractEntityManagerFactoryBean.afterPropertiesSet(AbstractEntityManagerFactoryBean.java:396)
	at org.springframework.orm.jpa.LocalContainerEntityManagerFactoryBean.afterPropertiesSet(LocalContainerEntityManagerFactoryBean.java:366)
	at org.springframework.beans.factory.support.AbstractAutowireCapableBeanFactory.invokeInitMethods(AbstractAutowireCapableBeanFactory.java:1835)
	at org.springframework.beans.factory.support.AbstractAutowireCapableBeanFactory.initializeBean(AbstractAutowireCapableBeanFactory.java:1784)
	at org.springframework.beans.factory.support.AbstractAutowireCapableBeanFactory.doCreateBean(AbstractAutowireCapableBeanFactory.java:600)
	at org.springframework.beans.factory.support.AbstractAutowireCapableBeanFactory.createBean(AbstractAutowireCapableBeanFactory.java:522)
	at org.springframework.beans.factory.support.AbstractBeanFactory.lambda$doGetBean$0(AbstractBeanFactory.java:337)
	at org.springframework.beans.factory.support.DefaultSingletonBeanRegistry.getSingleton(DefaultSingletonBeanRegistry.java:234)
	at org.springframework.beans.factory.support.AbstractBeanFactory.doGetBean(AbstractBeanFactory.java:335)
	at org.springframework.beans.factory.support.AbstractBeanFactory.getBean(AbstractBeanFactory.java:205)
	at org.springframework.context.support.AbstractApplicationContext.finishBeanFactoryInitialization(AbstractApplicationContext.java:952)
	at org.springframework.context.support.AbstractApplicationContext.refresh(AbstractApplicationContext.java:624)
	at org.springframework.boot.web.servlet.context.ServletWebServerApplicationContext.refresh(ServletWebServerApplicationContext.java:146)
	at org.springframework.boot.SpringApplication.refresh(SpringApplication.java:754)
	at org.springframework.boot.SpringApplication.refreshContext(SpringApplication.java:456)
	at org.springframework.boot.SpringApplication.run(SpringApplication.java:335)
	at org.springframework.boot.SpringApplication.run(SpringApplication.java:1363)
	at org.springframework.boot.SpringApplication.run(SpringApplication.java:1352)
	at com.project.contactsdemo.ContactsdemoApplication.main(ContactsdemoApplication.java:10)
Caused by: java.net.ConnectException: Connection refused: no further information
	at java.base/sun.nio.ch.Net.pollConnect(Native Method)
	at java.base/sun.nio.ch.Net.pollConnectNow(Net.java:672)
	at java.base/sun.nio.ch.NioSocketImpl.timedFinishConnect(NioSocketImpl.java:547)
	at java.base/sun.nio.ch.NioSocketImpl.connect(NioSocketImpl.java:602)
	at java.base/java.net.SocksSocketImpl.connect(SocksSocketImpl.java:327)
	at java.base/java.net.Socket.connect(Socket.java:633)
	at org.postgresql.core.PGStream.createSocket(PGStream.java:243)
	at org.postgresql.core.PGStream.<init>(PGStream.java:98)
	at org.postgresql.core.v3.ConnectionFactoryImpl.tryConnect(ConnectionFactoryImpl.java:132)
	at org.postgresql.core.v3.ConnectionFactoryImpl.openConnectionImpl(ConnectionFactoryImpl.java:258)
	... 53 common frames omitted
15:00:43.704 [main] WARN  o.h.e.jdbc.spi.SqlExceptionHelper - SQL Error: 0, SQLState: 08001
15:00:43.704 [main] ERROR o.h.e.jdbc.spi.SqlExceptionHelper - Connection to localhost:5432 refused. Check that the hostname and port are correct and that the postmaster is accepting TCP/IP connections.
15:00:43.712 [main] ERROR o.s.o.j.LocalContainerEntityManagerFactoryBean - Failed to initialize JPA EntityManagerFactory: [PersistenceUnit: default] Unable to build Hibernate SessionFactory; nested exception is org.hibernate.exception.JDBCConnectionException: Unable to open JDBC Connection for DDL execution [Connection to localhost:5432 refused. Check that the hostname and port are correct and that the postmaster is accepting TCP/IP connections.] [n/a]
15:00:43.712 [main] WARN  o.s.b.w.s.c.AnnotationConfigServletWebServerApplicationContext - Exception encountered during context initialization - cancelling refresh attempt: org.springframework.beans.factory.BeanCreationException: Error creating bean with name 'entityManagerFactory' defined in class path resource [org/springframework/boot/autoconfigure/orm/jpa/HibernateJpaConfiguration.class]: [PersistenceUnit: default] Unable to build Hibernate SessionFactory; nested exception is org.hibernate.exception.JDBCConnectionException: Unable to open JDBC Connection for DDL execution [Connection to localhost:5432 refused. Check that the hostname and port are correct and that the postmaster is accepting TCP/IP connections.] [n/a]
15:00:43.713 [main] INFO  o.a.catalina.core.StandardService - Stopping service [Tomcat]
15:00:43.729 [main] INFO  o.s.b.a.l.ConditionEvaluationReportLogger - 

Error starting ApplicationContext. To display the condition evaluation report re-run your application with 'debug' enabled.
15:00:43.749 [main] ERROR o.s.boot.SpringApplication - Application run failed
org.springframework.beans.factory.BeanCreationException: Error creating bean with name 'entityManagerFactory' defined in class path resource [org/springframework/boot/autoconfigure/orm/jpa/HibernateJpaConfiguration.class]: [PersistenceUnit: default] Unable to build Hibernate SessionFactory; nested exception is org.hibernate.exception.JDBCConnectionException: Unable to open JDBC Connection for DDL execution [Connection to localhost:5432 refused. Check that the hostname and port are correct and that the postmaster is accepting TCP/IP connections.] [n/a]
	at org.springframework.beans.factory.support.AbstractAutowireCapableBeanFactory.initializeBean(AbstractAutowireCapableBeanFactory.java:1788)
	at org.springframework.beans.factory.support.AbstractAutowireCapableBeanFactory.doCreateBean(AbstractAutowireCapableBeanFactory.java:600)
	at org.springframework.beans.factory.support.AbstractAutowireCapableBeanFactory.createBean(AbstractAutowireCapableBeanFactory.java:522)
	at org.springframework.beans.factory.support.AbstractBeanFactory.lambda$doGetBean$0(AbstractBeanFactory.java:337)
	at org.springframework.beans.factory.support.DefaultSingletonBeanRegistry.getSingleton(DefaultSingletonBeanRegistry.java:234)
	at org.springframework.beans.factory.support.AbstractBeanFactory.doGetBean(AbstractBeanFactory.java:335)
	at org.springframework.beans.factory.support.AbstractBeanFactory.getBean(AbstractBeanFactory.java:205)
	at org.springframework.context.support.AbstractApplicationContext.finishBeanFactoryInitialization(AbstractApplicationContext.java:952)
	at org.springframework.context.support.AbstractApplicationContext.refresh(AbstractApplicationContext.java:624)
	at org.springframework.boot.web.servlet.context.ServletWebServerApplicationContext.refresh(ServletWebServerApplicationContext.java:146)
	at org.springframework.boot.SpringApplication.refresh(SpringApplication.java:754)
	at org.springframework.boot.SpringApplication.refreshContext(SpringApplication.java:456)
	at org.springframework.boot.SpringApplication.run(SpringApplication.java:335)
	at org.springframework.boot.SpringApplication.run(SpringApplication.java:1363)
	at org.springframework.boot.SpringApplication.run(SpringApplication.java:1352)
	at com.project.contactsdemo.ContactsdemoApplication.main(ContactsdemoApplication.java:10)
Caused by: jakarta.persistence.PersistenceException: [PersistenceUnit: default] Unable to build Hibernate SessionFactory; nested exception is org.hibernate.exception.JDBCConnectionException: Unable to open JDBC Connection for DDL execution [Connection to localhost:5432 refused. Check that the hostname and port are correct and that the postmaster is accepting TCP/IP connections.] [n/a]
	at org.springframework.orm.jpa.AbstractEntityManagerFactoryBean.buildNativeEntityManagerFactory(AbstractEntityManagerFactoryBean.java:421)
	at org.springframework.orm.jpa.AbstractEntityManagerFactoryBean.afterPropertiesSet(AbstractEntityManagerFactoryBean.java:396)
	at org.springframework.orm.jpa.LocalContainerEntityManagerFactoryBean.afterPropertiesSet(LocalContainerEntityManagerFactoryBean.java:366)
	at org.springframework.beans.factory.support.AbstractAutowireCapableBeanFactory.invokeInitMethods(AbstractAutowireCapableBeanFactory.java:1835)
	at org.springframework.beans.factory.support.AbstractAutowireCapableBeanFactory.initializeBean(AbstractAutowireCapableBeanFactory.java:1784)
	... 15 common frames omitted
Caused by: org.hibernate.exception.JDBCConnectionException: Unable to open JDBC Connection for DDL execution [Connection to localhost:5432 refused. Check that the hostname and port are correct and that the postmaster is accepting TCP/IP connections.] [n/a]
	at org.hibernate.exception.internal.SQLStateConversionDelegate.convert(SQLStateConversionDelegate.java:100)
	at org.hibernate.exception.internal.StandardSQLExceptionConverter.convert(StandardSQLExceptionConverter.java:58)
	at org.hibernate.engine.jdbc.spi.SqlExceptionHelper.convert(SqlExceptionHelper.java:108)
	at org.hibernate.engine.jdbc.spi.SqlExceptionHelper.convert(SqlExceptionHelper.java:94)
	at org.hibernate.resource.transaction.backend.jdbc.internal.DdlTransactionIsolatorNonJtaImpl.getIsolatedConnection(DdlTransactionIsolatorNonJtaImpl.java:74)
	at org.hibernate.resource.transaction.backend.jdbc.internal.DdlTransactionIsolatorNonJtaImpl.getIsolatedConnection(DdlTransactionIsolatorNonJtaImpl.java:39)
	at org.hibernate.tool.schema.internal.exec.ImprovedExtractionContextImpl.getJdbcConnection(ImprovedExtractionContextImpl.java:63)
	at org.hibernate.tool.schema.extract.spi.ExtractionContext.getQueryResults(ExtractionContext.java:43)
	at org.hibernate.tool.schema.extract.internal.SequenceInformationExtractorLegacyImpl.extractMetadata(SequenceInformationExtractorLegacyImpl.java:39)
	at org.hibernate.tool.schema.extract.internal.DatabaseInformationImpl.initializeSequences(DatabaseInformationImpl.java:66)
	at org.hibernate.tool.schema.extract.internal.DatabaseInformationImpl.<init>(DatabaseInformationImpl.java:60)
	at org.hibernate.tool.schema.internal.Helper.buildDatabaseInformation(Helper.java:185)
	at org.hibernate.tool.schema.internal.AbstractSchemaMigrator.doMigration(AbstractSchemaMigrator.java:98)
	at org.hibernate.tool.schema.spi.SchemaManagementToolCoordinator.performDatabaseAction(SchemaManagementToolCoordinator.java:280)
	at org.hibernate.tool.schema.spi.SchemaManagementToolCoordinator.lambda$process$5(SchemaManagementToolCoordinator.java:144)
	at java.base/java.util.HashMap.forEach(HashMap.java:1421)
	at org.hibernate.tool.schema.spi.SchemaManagementToolCoordinator.process(SchemaManagementToolCoordinator.java:141)
	at org.hibernate.boot.internal.SessionFactoryObserverForSchemaExport.sessionFactoryCreated(SessionFactoryObserverForSchemaExport.java:37)
	at org.hibernate.internal.SessionFactoryObserverChain.sessionFactoryCreated(SessionFactoryObserverChain.java:35)
	at org.hibernate.internal.SessionFactoryImpl.<init>(SessionFactoryImpl.java:315)
	at org.hibernate.boot.internal.SessionFactoryBuilderImpl.build(SessionFactoryBuilderImpl.java:450)
	at org.hibernate.jpa.boot.internal.EntityManagerFactoryBuilderImpl.build(EntityManagerFactoryBuilderImpl.java:1507)
	at org.springframework.orm.jpa.vendor.SpringHibernateJpaPersistenceProvider.createContainerEntityManagerFactory(SpringHibernateJpaPersistenceProvider.java:75)
	at org.springframework.orm.jpa.LocalContainerEntityManagerFactoryBean.createNativeEntityManagerFactory(LocalContainerEntityManagerFactoryBean.java:390)
	at org.springframework.orm.jpa.AbstractEntityManagerFactoryBean.buildNativeEntityManagerFactory(AbstractEntityManagerFactoryBean.java:409)
	... 19 common frames omitted
Caused by: org.postgresql.util.PSQLException: Connection to localhost:5432 refused. Check that the hostname and port are correct and that the postmaster is accepting TCP/IP connections.
	at org.postgresql.core.v3.ConnectionFactoryImpl.openConnectionImpl(ConnectionFactoryImpl.java:342)
	at org.postgresql.core.ConnectionFactory.openConnection(ConnectionFactory.java:54)
	at org.postgresql.jdbc.PgConnection.<init>(PgConnection.java:263)
	at org.postgresql.Driver.makeConnection(Driver.java:443)
	at org.postgresql.Driver.connect(Driver.java:297)
	at com.zaxxer.hikari.util.DriverDataSource.getConnection(DriverDataSource.java:138)
	at com.zaxxer.hikari.pool.PoolBase.newConnection(PoolBase.java:359)
	at com.zaxxer.hikari.pool.PoolBase.newPoolEntry(PoolBase.java:201)
	at com.zaxxer.hikari.pool.HikariPool.createPoolEntry(HikariPool.java:470)
	at com.zaxxer.hikari.pool.HikariPool.checkFailFast(HikariPool.java:561)
	at com.zaxxer.hikari.pool.HikariPool.<init>(HikariPool.java:100)
	at com.zaxxer.hikari.HikariDataSource.getConnection(HikariDataSource.java:112)
	at org.hibernate.engine.jdbc.connections.internal.DatasourceConnectionProviderImpl.getConnection(DatasourceConnectionProviderImpl.java:122)
	at org.hibernate.engine.jdbc.env.internal.JdbcEnvironmentInitiator$ConnectionProviderJdbcConnectionAccess.obtainConnection(JdbcEnvironmentInitiator.java:428)
	at org.hibernate.resource.transaction.backend.jdbc.internal.DdlTransactionIsolatorNonJtaImpl.getIsolatedConnection(DdlTransactionIsolatorNonJtaImpl.java:46)
	... 39 common frames omitted
Caused by: java.net.ConnectException: Connection refused: no further information
	at java.base/sun.nio.ch.Net.pollConnect(Native Method)
	at java.base/sun.nio.ch.Net.pollConnectNow(Net.java:672)
	at java.base/sun.nio.ch.NioSocketImpl.timedFinishConnect(NioSocketImpl.java:547)
	at java.base/sun.nio.ch.NioSocketImpl.connect(NioSocketImpl.java:602)
	at java.base/java.net.SocksSocketImpl.connect(SocksSocketImpl.java:327)
	at java.base/java.net.Socket.connect(Socket.java:633)
	at org.postgresql.core.PGStream.createSocket(PGStream.java:243)
	at org.postgresql.core.PGStream.<init>(PGStream.java:98)
	at org.postgresql.core.v3.ConnectionFactoryImpl.tryConnect(ConnectionFactoryImpl.java:132)
	at org.postgresql.core.v3.ConnectionFactoryImpl.openConnectionImpl(ConnectionFactoryImpl.java:258)
	... 53 common frames omitted
15:02:00.820 [background-preinit] INFO  o.h.validator.internal.util.Version - HV000001: Hibernate Validator 8.0.1.Final
15:02:00.868 [main] INFO  c.p.c.ContactsdemoApplication - Starting ContactsdemoApplication using Java 17.0.12 with PID 29816 (C:\Ayse Ceren - crud projects\contactsdemo\build\classes\java\main started by 16381136672 in C:\Ayse Ceren - crud projects\contactsdemo)
15:02:00.868 [main] INFO  c.p.c.ContactsdemoApplication - No active profile set, falling back to 1 default profile: "default"
15:02:01.950 [main] INFO  o.s.d.r.c.RepositoryConfigurationDelegate - Bootstrapping Spring Data JPA repositories in DEFAULT mode.
15:02:02.013 [main] INFO  o.s.d.r.c.RepositoryConfigurationDelegate - Finished Spring Data repository scanning in 56 ms. Found 2 JPA repository interfaces.
15:02:02.681 [main] INFO  o.s.b.w.e.tomcat.TomcatWebServer - Tomcat initialized with port 8080 (http)
15:02:02.689 [main] INFO  o.a.coyote.http11.Http11NioProtocol - Initializing ProtocolHandler ["http-nio-8080"]
15:02:02.690 [main] INFO  o.a.catalina.core.StandardService - Starting service [Tomcat]
15:02:02.690 [main] INFO  o.a.catalina.core.StandardEngine - Starting Servlet engine: [Apache Tomcat/10.1.25]
15:02:02.759 [main] INFO  o.a.c.c.C.[Tomcat].[localhost].[/] - Initializing Spring embedded WebApplicationContext
15:02:02.759 [main] INFO  o.s.b.w.s.c.ServletWebServerApplicationContext - Root WebApplicationContext: initialization completed in 1840 ms
15:02:02.993 [main] INFO  o.h.jpa.internal.util.LogHelper - HHH000204: Processing PersistenceUnitInfo [name: default]
15:02:03.056 [main] INFO  org.hibernate.Version - HHH000412: Hibernate ORM core version 6.4.9.Final
15:02:03.086 [main] INFO  o.h.c.i.RegionFactoryInitiator - HHH000026: Second-level cache disabled
15:02:03.286 [main] INFO  o.s.o.j.p.SpringPersistenceUnitInfo - No LoadTimeWeaver setup: ignoring JPA class transformer
15:02:03.311 [main] INFO  com.zaxxer.hikari.HikariDataSource - HikariPool-1 - Starting...
15:02:03.511 [main] INFO  com.zaxxer.hikari.pool.HikariPool - HikariPool-1 - Added connection org.postgresql.jdbc.PgConnection@3df04fa1
15:02:03.513 [main] INFO  com.zaxxer.hikari.HikariDataSource - HikariPool-1 - Start completed.
15:02:03.583 [main] WARN  org.hibernate.orm.deprecation - HHH90000025: PostgreSQLDialect does not need to be specified explicitly using 'hibernate.dialect' (remove the property setting and it will be selected by default)
15:02:04.624 [main] INFO  o.s.o.j.LocalContainerEntityManagerFactoryBean - Initialized JPA EntityManagerFactory for persistence unit 'default'
15:02:04.781 [main] WARN  c.h.i.impl.HazelcastInstanceFactory - Hazelcast is starting in a Java modular environment (Java 9 and newer) but without proper access to required Java packages. Use additional Java arguments to provide Hazelcast access to Java internal API. The internal API access is used to get the best performance results. Arguments to be used:
 --add-modules java.se --add-exports java.base/jdk.internal.ref=ALL-UNNAMED --add-opens java.base/java.lang=ALL-UNNAMED --add-opens java.base/java.nio=ALL-UNNAMED --add-opens java.base/sun.nio.ch=ALL-UNNAMED --add-opens java.management/sun.management=ALL-UNNAMED --add-opens jdk.management/com.sun.management.internal=ALL-UNNAMED
15:02:04.785 [main] INFO  c.h.i.config.AbstractConfigLocator - Loading 'hazelcast-default.xml' from the classpath.
15:02:05.291 [main] INFO  c.hazelcast.instance.AddressPicker - [LOCAL] [dev] [4.1] Prefer IPv4 stack is true, prefer IPv6 addresses is false
15:02:05.317 [main] INFO  c.hazelcast.instance.AddressPicker - [LOCAL] [dev] [4.1] Picked [10.251.34.15]:5701, using socket ServerSocket[addr=/0:0:0:0:0:0:0:0,localport=5701], bind any local is true
15:02:05.342 [main] INFO  com.hazelcast.system - [10.251.34.15]:5701 [dev] [4.1] Hazelcast 4.0.1 (20200409 - e086b9c) starting at [10.251.34.15]:5701
15:02:05.343 [main] INFO  com.hazelcast.system - [10.251.34.15]:5701 [dev] [4.1] Copyright (c) 2008-2020, Hazelcast, Inc. All Rights Reserved.
15:02:05.549 [main] INFO  c.h.s.i.o.impl.BackpressureRegulator - [10.251.34.15]:5701 [dev] [4.1] Backpressure is disabled
15:02:05.845 [main] INFO  com.hazelcast.instance.impl.Node - [10.251.34.15]:5701 [dev] [4.1] Creating MulticastJoiner
15:02:05.849 [main] WARN  com.hazelcast.cp.CPSubsystem - [10.251.34.15]:5701 [dev] [4.1] CP Subsystem is not enabled. CP data structures will operate in UNSAFE mode! Please note that UNSAFE mode will not provide strong consistency guarantees.
15:02:06.118 [main] INFO  c.h.s.i.o.impl.OperationExecutorImpl - [10.251.34.15]:5701 [dev] [4.1] Starting 16 partition threads and 9 generic threads (1 dedicated for priority tasks)
15:02:06.131 [main] INFO  c.h.internal.diagnostics.Diagnostics - [10.251.34.15]:5701 [dev] [4.1] Diagnostics disabled. To enable add -Dhazelcast.diagnostics.enabled=true to the JVM arguments.
15:02:06.138 [main] INFO  com.hazelcast.core.LifecycleService - [10.251.34.15]:5701 [dev] [4.1] [10.251.34.15]:5701 is STARTING
15:02:08.833 [main] INFO  c.h.internal.cluster.ClusterService - [10.251.34.15]:5701 [dev] [4.1] 

Members {size:1, ver:1} [
	Member [10.251.34.15]:5701 - a5fc890c-e4ef-4616-857f-aca1f7983f93 this
]

15:02:08.845 [main] INFO  com.hazelcast.core.LifecycleService - [10.251.34.15]:5701 [dev] [4.1] [10.251.34.15]:5701 is STARTED
15:02:08.900 [main] INFO  c.h.c.i.spi.ClientInvocationService - training-instance [dev] [4.1] [4.0.1] Running with 2 response threads, dynamic=true
15:02:08.931 [main] INFO  com.hazelcast.core.LifecycleService - training-instance [dev] [4.1] [4.0.1] HazelcastClient 4.0.1 (20200409 - e086b9c) is STARTING
15:02:08.932 [main] INFO  com.hazelcast.core.LifecycleService - training-instance [dev] [4.1] [4.0.1] HazelcastClient 4.0.1 (20200409 - e086b9c) is STARTED
15:02:08.959 [main] INFO  c.h.c.i.c.ClientConnectionManager - training-instance [dev] [4.1] [4.0.1] Trying to connect to cluster: dev
15:02:08.961 [main] INFO  c.h.c.i.c.ClientConnectionManager - training-instance [dev] [4.1] [4.0.1] Trying to connect to [127.0.0.1]:5701
15:02:08.981 [hz.cocky_antonelli.priority-generic-operation.thread-0] INFO  c.h.c.i.p.t.AuthenticationMessageTask - [10.251.34.15]:5701 [dev] [4.1] Received auth from Connection[id=1, /127.0.0.1:5701->/127.0.0.1:62299, qualifier=null, endpoint=[127.0.0.1]:62299, alive=true, connectionType=JVM], successfully authenticated, clientUuid: 01463531-bdcf-4e43-8451-cee16115b76a, client version: 4.0.1
15:02:08.983 [main] INFO  com.hazelcast.core.LifecycleService - training-instance [dev] [4.1] [4.0.1] HazelcastClient 4.0.1 (20200409 - e086b9c) is CLIENT_CONNECTED
15:02:08.983 [main] INFO  c.h.c.i.c.ClientConnectionManager - training-instance [dev] [4.1] [4.0.1] Authenticated with server [10.251.34.15]:5701:a5fc890c-e4ef-4616-857f-aca1f7983f93, server version: 4.0.1, local address: /127.0.0.1:62299
15:02:08.986 [main] INFO  c.h.internal.diagnostics.Diagnostics - training-instance [dev] [4.1] [4.0.1] Diagnostics disabled. To enable add -Dhazelcast.diagnostics.enabled=true to the JVM arguments.
15:02:08.990 [training-instance.event-6] INFO  c.h.c.impl.spi.ClientClusterService - training-instance [dev] [4.1] [4.0.1] 

Members [1] {
	Member [10.251.34.15]:5701 - a5fc890c-e4ef-4616-857f-aca1f7983f93
}

15:02:09.018 [main] INFO  c.h.c.i.s.ClientStatisticsService - Client statistics is enabled with period 5 seconds.
15:02:09.194 [main] WARN  o.s.b.a.o.j.JpaBaseConfiguration$JpaWebConfiguration - spring.jpa.open-in-view is enabled by default. Therefore, database queries may be performed during view rendering. Explicitly configure spring.jpa.open-in-view to disable this warning
15:02:10.138 [main] INFO  o.s.d.j.r.query.QueryEnhancerFactory - Hibernate is in classpath; If applicable, HQL parser will be used.
15:02:10.616 [main] INFO  o.s.b.a.e.web.EndpointLinksResolver - Exposing 1 endpoint(s) beneath base path '/actuator'
15:02:10.649 [main] INFO  o.a.coyote.http11.Http11NioProtocol - Starting ProtocolHandler ["http-nio-8080"]
15:02:10.671 [main] INFO  o.s.b.w.e.tomcat.TomcatWebServer - Tomcat started on port 8080 (http) with context path ''
15:02:10.685 [main] INFO  c.p.c.ContactsdemoApplication - Started ContactsdemoApplication in 10.266 seconds (process running for 11.294)
15:02:11.366 [RMI TCP Connection(4)-10.251.34.15] INFO  o.a.c.c.C.[Tomcat].[localhost].[/] - Initializing Spring DispatcherServlet 'dispatcherServlet'
15:02:11.366 [RMI TCP Connection(4)-10.251.34.15] INFO  o.s.web.servlet.DispatcherServlet - Initializing Servlet 'dispatcherServlet'
15:02:11.367 [RMI TCP Connection(4)-10.251.34.15] INFO  o.s.web.servlet.DispatcherServlet - Completed initialization in 1 ms
15:02:50.298 [http-nio-8080-exec-1] INFO  c.p.c.f.HeadersLoggingFilter - Header host=0:0:0:0:0:0:0:1, IP = host
15:02:50.299 [http-nio-8080-exec-1] INFO  c.p.c.f.HeadersLoggingFilter - Header connection=0:0:0:0:0:0:0:1, IP = connection
15:02:50.299 [http-nio-8080-exec-1] INFO  c.p.c.f.HeadersLoggingFilter - Header sec-ch-ua=0:0:0:0:0:0:0:1, IP = sec-ch-ua
15:02:50.299 [http-nio-8080-exec-1] INFO  c.p.c.f.HeadersLoggingFilter - Header sec-ch-ua-mobile=0:0:0:0:0:0:0:1, IP = sec-ch-ua-mobile
15:02:50.299 [http-nio-8080-exec-1] INFO  c.p.c.f.HeadersLoggingFilter - Header sec-ch-ua-platform=0:0:0:0:0:0:0:1, IP = sec-ch-ua-platform
15:02:50.299 [http-nio-8080-exec-1] INFO  c.p.c.f.HeadersLoggingFilter - Header upgrade-insecure-requests=0:0:0:0:0:0:0:1, IP = upgrade-insecure-requests
15:02:50.299 [http-nio-8080-exec-1] INFO  c.p.c.f.HeadersLoggingFilter - Header user-agent=0:0:0:0:0:0:0:1, IP = user-agent
15:02:50.299 [http-nio-8080-exec-1] INFO  c.p.c.f.HeadersLoggingFilter - Header accept=0:0:0:0:0:0:0:1, IP = accept
15:02:50.299 [http-nio-8080-exec-1] INFO  c.p.c.f.HeadersLoggingFilter - Header sec-fetch-site=0:0:0:0:0:0:0:1, IP = sec-fetch-site
15:02:50.299 [http-nio-8080-exec-1] INFO  c.p.c.f.HeadersLoggingFilter - Header sec-fetch-mode=0:0:0:0:0:0:0:1, IP = sec-fetch-mode
15:02:50.299 [http-nio-8080-exec-1] INFO  c.p.c.f.HeadersLoggingFilter - Header sec-fetch-user=0:0:0:0:0:0:0:1, IP = sec-fetch-user
15:02:50.299 [http-nio-8080-exec-1] INFO  c.p.c.f.HeadersLoggingFilter - Header sec-fetch-dest=0:0:0:0:0:0:0:1, IP = sec-fetch-dest
15:02:50.299 [http-nio-8080-exec-1] INFO  c.p.c.f.HeadersLoggingFilter - Header accept-encoding=0:0:0:0:0:0:0:1, IP = accept-encoding
15:02:50.299 [http-nio-8080-exec-1] INFO  c.p.c.f.HeadersLoggingFilter - Header accept-language=0:0:0:0:0:0:0:1, IP = accept-language
15:02:50.299 [http-nio-8080-exec-1] INFO  c.p.c.f.HeadersLoggingFilter - Header if-modified-since=0:0:0:0:0:0:0:1, IP = if-modified-since
15:02:50.300 [http-nio-8080-exec-1] INFO  c.p.c.loggingfilter.LoggingFilter - Request: Method=GET, URI=/swagger-ui/index.html, Headers=host=localhost:8080; connection=keep-alive; sec-ch-ua="Chromium";v="134", "Not:A-Brand";v="24", "Google Chrome";v="134"; sec-ch-ua-mobile=?0; sec-ch-ua-platform="Windows"; upgrade-insecure-requests=1; user-agent=Mozilla/5.0 (Windows NT 10.0; Win64; x64) AppleWebKit/537.36 (KHTML, like Gecko) Chrome/134.0.0.0 Safari/537.36; accept=text/html,application/xhtml+xml,application/xml;q=0.9,image/avif,image/webp,image/apng,*/*;q=0.8,application/signed-exchange;v=b3;q=0.7; sec-fetch-site=none; sec-fetch-mode=navigate; sec-fetch-user=?1; sec-fetch-dest=document; accept-encoding=gzip, deflate, br, zstd; accept-language=en-GB,en;q=0.9,tr-TR;q=0.8,tr;q=0.7,ar-JO;q=0.6,ar;q=0.5,de-DE;q=0.4,de;q=0.3,en-US;q=0.2; if-modified-since=Tue, 25 Feb 2025 08:50:55 GMT; , Request ID: 548b39d1-7853-460f-8252-691cbfb6b500, Request IP  =0:0:0:0:0:0:0:1
15:02:50.325 [http-nio-8080-exec-1] INFO  c.p.c.loggingfilter.LoggingFilter - Response: Status=304, URI=/swagger-ui/index.html, Duration (Response Time)=25ms, Headers=[Vary, Vary, Vary, Last-Modified], Payload = org.apache.catalina.connector.ResponseFacade@338531d0
15:02:50.361 [http-nio-8080-exec-2] INFO  c.p.c.f.HeadersLoggingFilter - Header host=0:0:0:0:0:0:0:1, IP = host
15:02:50.362 [http-nio-8080-exec-2] INFO  c.p.c.f.HeadersLoggingFilter - Header connection=0:0:0:0:0:0:0:1, IP = connection
15:02:50.362 [http-nio-8080-exec-2] INFO  c.p.c.f.HeadersLoggingFilter - Header sec-ch-ua-platform=0:0:0:0:0:0:0:1, IP = sec-ch-ua-platform
15:02:50.362 [http-nio-8080-exec-2] INFO  c.p.c.f.HeadersLoggingFilter - Header user-agent=0:0:0:0:0:0:0:1, IP = user-agent
15:02:50.362 [http-nio-8080-exec-2] INFO  c.p.c.f.HeadersLoggingFilter - Header sec-ch-ua=0:0:0:0:0:0:0:1, IP = sec-ch-ua
15:02:50.362 [http-nio-8080-exec-2] INFO  c.p.c.f.HeadersLoggingFilter - Header sec-ch-ua-mobile=0:0:0:0:0:0:0:1, IP = sec-ch-ua-mobile
15:02:50.362 [http-nio-8080-exec-2] INFO  c.p.c.f.HeadersLoggingFilter - Header accept=0:0:0:0:0:0:0:1, IP = accept
15:02:50.362 [http-nio-8080-exec-2] INFO  c.p.c.f.HeadersLoggingFilter - Header sec-fetch-site=0:0:0:0:0:0:0:1, IP = sec-fetch-site
15:02:50.362 [http-nio-8080-exec-2] INFO  c.p.c.f.HeadersLoggingFilter - Header sec-fetch-mode=0:0:0:0:0:0:0:1, IP = sec-fetch-mode
15:02:50.362 [http-nio-8080-exec-2] INFO  c.p.c.f.HeadersLoggingFilter - Header sec-fetch-dest=0:0:0:0:0:0:0:1, IP = sec-fetch-dest
15:02:50.362 [http-nio-8080-exec-2] INFO  c.p.c.f.HeadersLoggingFilter - Header referer=0:0:0:0:0:0:0:1, IP = referer
15:02:50.362 [http-nio-8080-exec-2] INFO  c.p.c.f.HeadersLoggingFilter - Header accept-encoding=0:0:0:0:0:0:0:1, IP = accept-encoding
15:02:50.362 [http-nio-8080-exec-2] INFO  c.p.c.f.HeadersLoggingFilter - Header accept-language=0:0:0:0:0:0:0:1, IP = accept-language
15:02:50.363 [http-nio-8080-exec-2] INFO  c.p.c.loggingfilter.LoggingFilter - Request: Method=GET, URI=/swagger-ui/swagger-ui.css, Headers=host=localhost:8080; connection=keep-alive; sec-ch-ua-platform="Windows"; user-agent=Mozilla/5.0 (Windows NT 10.0; Win64; x64) AppleWebKit/537.36 (KHTML, like Gecko) Chrome/134.0.0.0 Safari/537.36; sec-ch-ua="Chromium";v="134", "Not:A-Brand";v="24", "Google Chrome";v="134"; sec-ch-ua-mobile=?0; accept=text/css,*/*;q=0.1; sec-fetch-site=same-origin; sec-fetch-mode=no-cors; sec-fetch-dest=style; referer=http://localhost:8080/swagger-ui/index.html; accept-encoding=gzip, deflate, br, zstd; accept-language=en-GB,en;q=0.9,tr-TR;q=0.8,tr;q=0.7,ar-JO;q=0.6,ar;q=0.5,de-DE;q=0.4,de;q=0.3,en-US;q=0.2; , Request ID: bda7673d-6200-41f9-a1c9-641b8bd8fe8e, Request IP  =0:0:0:0:0:0:0:1
15:02:50.364 [http-nio-8080-exec-3] INFO  c.p.c.f.HeadersLoggingFilter - Header host=0:0:0:0:0:0:0:1, IP = host
15:02:50.365 [http-nio-8080-exec-3] INFO  c.p.c.f.HeadersLoggingFilter - Header connection=0:0:0:0:0:0:0:1, IP = connection
15:02:50.365 [http-nio-8080-exec-3] INFO  c.p.c.f.HeadersLoggingFilter - Header sec-ch-ua-platform=0:0:0:0:0:0:0:1, IP = sec-ch-ua-platform
15:02:50.365 [http-nio-8080-exec-3] INFO  c.p.c.f.HeadersLoggingFilter - Header user-agent=0:0:0:0:0:0:0:1, IP = user-agent
15:02:50.365 [http-nio-8080-exec-3] INFO  c.p.c.f.HeadersLoggingFilter - Header sec-ch-ua=0:0:0:0:0:0:0:1, IP = sec-ch-ua
15:02:50.365 [http-nio-8080-exec-3] INFO  c.p.c.f.HeadersLoggingFilter - Header sec-ch-ua-mobile=0:0:0:0:0:0:0:1, IP = sec-ch-ua-mobile
15:02:50.365 [http-nio-8080-exec-3] INFO  c.p.c.f.HeadersLoggingFilter - Header accept=0:0:0:0:0:0:0:1, IP = accept
15:02:50.365 [http-nio-8080-exec-3] INFO  c.p.c.f.HeadersLoggingFilter - Header sec-fetch-site=0:0:0:0:0:0:0:1, IP = sec-fetch-site
15:02:50.365 [http-nio-8080-exec-3] INFO  c.p.c.f.HeadersLoggingFilter - Header sec-fetch-mode=0:0:0:0:0:0:0:1, IP = sec-fetch-mode
15:02:50.365 [http-nio-8080-exec-3] INFO  c.p.c.f.HeadersLoggingFilter - Header sec-fetch-dest=0:0:0:0:0:0:0:1, IP = sec-fetch-dest
15:02:50.365 [http-nio-8080-exec-3] INFO  c.p.c.f.HeadersLoggingFilter - Header referer=0:0:0:0:0:0:0:1, IP = referer
15:02:50.365 [http-nio-8080-exec-3] INFO  c.p.c.f.HeadersLoggingFilter - Header accept-encoding=0:0:0:0:0:0:0:1, IP = accept-encoding
15:02:50.365 [http-nio-8080-exec-3] INFO  c.p.c.f.HeadersLoggingFilter - Header accept-language=0:0:0:0:0:0:0:1, IP = accept-language
15:02:50.366 [http-nio-8080-exec-3] INFO  c.p.c.loggingfilter.LoggingFilter - Request: Method=GET, URI=/swagger-ui/index.css, Headers=host=localhost:8080; connection=keep-alive; sec-ch-ua-platform="Windows"; user-agent=Mozilla/5.0 (Windows NT 10.0; Win64; x64) AppleWebKit/537.36 (KHTML, like Gecko) Chrome/134.0.0.0 Safari/537.36; sec-ch-ua="Chromium";v="134", "Not:A-Brand";v="24", "Google Chrome";v="134"; sec-ch-ua-mobile=?0; accept=text/css,*/*;q=0.1; sec-fetch-site=same-origin; sec-fetch-mode=no-cors; sec-fetch-dest=style; referer=http://localhost:8080/swagger-ui/index.html; accept-encoding=gzip, deflate, br, zstd; accept-language=en-GB,en;q=0.9,tr-TR;q=0.8,tr;q=0.7,ar-JO;q=0.6,ar;q=0.5,de-DE;q=0.4,de;q=0.3,en-US;q=0.2; , Request ID: d1ca0ccb-22c0-413f-b982-502b5d14b9d8, Request IP  =0:0:0:0:0:0:0:1
15:02:50.368 [http-nio-8080-exec-6] INFO  c.p.c.f.HeadersLoggingFilter - Header host=0:0:0:0:0:0:0:1, IP = host
15:02:50.368 [http-nio-8080-exec-6] INFO  c.p.c.f.HeadersLoggingFilter - Header connection=0:0:0:0:0:0:0:1, IP = connection
15:02:50.368 [http-nio-8080-exec-6] INFO  c.p.c.f.HeadersLoggingFilter - Header sec-ch-ua-platform=0:0:0:0:0:0:0:1, IP = sec-ch-ua-platform
15:02:50.368 [http-nio-8080-exec-6] INFO  c.p.c.f.HeadersLoggingFilter - Header user-agent=0:0:0:0:0:0:0:1, IP = user-agent
15:02:50.368 [http-nio-8080-exec-4] INFO  c.p.c.f.HeadersLoggingFilter - Header host=0:0:0:0:0:0:0:1, IP = host
15:02:50.368 [http-nio-8080-exec-6] INFO  c.p.c.f.HeadersLoggingFilter - Header sec-ch-ua=0:0:0:0:0:0:0:1, IP = sec-ch-ua
15:02:50.368 [http-nio-8080-exec-5] INFO  c.p.c.f.HeadersLoggingFilter - Header host=0:0:0:0:0:0:0:1, IP = host
15:02:50.368 [http-nio-8080-exec-5] INFO  c.p.c.f.HeadersLoggingFilter - Header connection=0:0:0:0:0:0:0:1, IP = connection
15:02:50.368 [http-nio-8080-exec-4] INFO  c.p.c.f.HeadersLoggingFilter - Header connection=0:0:0:0:0:0:0:1, IP = connection
15:02:50.368 [http-nio-8080-exec-6] INFO  c.p.c.f.HeadersLoggingFilter - Header sec-ch-ua-mobile=0:0:0:0:0:0:0:1, IP = sec-ch-ua-mobile
15:02:50.369 [http-nio-8080-exec-5] INFO  c.p.c.f.HeadersLoggingFilter - Header sec-ch-ua-platform=0:0:0:0:0:0:0:1, IP = sec-ch-ua-platform
15:02:50.369 [http-nio-8080-exec-4] INFO  c.p.c.f.HeadersLoggingFilter - Header sec-ch-ua-platform=0:0:0:0:0:0:0:1, IP = sec-ch-ua-platform
15:02:50.369 [http-nio-8080-exec-6] INFO  c.p.c.f.HeadersLoggingFilter - Header accept=0:0:0:0:0:0:0:1, IP = accept
15:02:50.369 [http-nio-8080-exec-5] INFO  c.p.c.f.HeadersLoggingFilter - Header user-agent=0:0:0:0:0:0:0:1, IP = user-agent
15:02:50.369 [http-nio-8080-exec-4] INFO  c.p.c.f.HeadersLoggingFilter - Header user-agent=0:0:0:0:0:0:0:1, IP = user-agent
15:02:50.369 [http-nio-8080-exec-6] INFO  c.p.c.f.HeadersLoggingFilter - Header sec-fetch-site=0:0:0:0:0:0:0:1, IP = sec-fetch-site
15:02:50.369 [http-nio-8080-exec-4] INFO  c.p.c.f.HeadersLoggingFilter - Header sec-ch-ua=0:0:0:0:0:0:0:1, IP = sec-ch-ua
15:02:50.369 [http-nio-8080-exec-5] INFO  c.p.c.f.HeadersLoggingFilter - Header sec-ch-ua=0:0:0:0:0:0:0:1, IP = sec-ch-ua
15:02:50.369 [http-nio-8080-exec-6] INFO  c.p.c.f.HeadersLoggingFilter - Header sec-fetch-mode=0:0:0:0:0:0:0:1, IP = sec-fetch-mode
15:02:50.369 [http-nio-8080-exec-4] INFO  c.p.c.f.HeadersLoggingFilter - Header sec-ch-ua-mobile=0:0:0:0:0:0:0:1, IP = sec-ch-ua-mobile
15:02:50.369 [http-nio-8080-exec-5] INFO  c.p.c.f.HeadersLoggingFilter - Header sec-ch-ua-mobile=0:0:0:0:0:0:0:1, IP = sec-ch-ua-mobile
15:02:50.369 [http-nio-8080-exec-6] INFO  c.p.c.f.HeadersLoggingFilter - Header sec-fetch-dest=0:0:0:0:0:0:0:1, IP = sec-fetch-dest
15:02:50.369 [http-nio-8080-exec-4] INFO  c.p.c.f.HeadersLoggingFilter - Header accept=0:0:0:0:0:0:0:1, IP = accept
15:02:50.369 [http-nio-8080-exec-6] INFO  c.p.c.f.HeadersLoggingFilter - Header referer=0:0:0:0:0:0:0:1, IP = referer
15:02:50.369 [http-nio-8080-exec-5] INFO  c.p.c.f.HeadersLoggingFilter - Header accept=0:0:0:0:0:0:0:1, IP = accept
15:02:50.369 [http-nio-8080-exec-6] INFO  c.p.c.f.HeadersLoggingFilter - Header accept-encoding=0:0:0:0:0:0:0:1, IP = accept-encoding
15:02:50.369 [http-nio-8080-exec-4] INFO  c.p.c.f.HeadersLoggingFilter - Header sec-fetch-site=0:0:0:0:0:0:0:1, IP = sec-fetch-site
15:02:50.369 [http-nio-8080-exec-5] INFO  c.p.c.f.HeadersLoggingFilter - Header sec-fetch-site=0:0:0:0:0:0:0:1, IP = sec-fetch-site
15:02:50.370 [http-nio-8080-exec-6] INFO  c.p.c.f.HeadersLoggingFilter - Header accept-language=0:0:0:0:0:0:0:1, IP = accept-language
15:02:50.370 [http-nio-8080-exec-4] INFO  c.p.c.f.HeadersLoggingFilter - Header sec-fetch-mode=0:0:0:0:0:0:0:1, IP = sec-fetch-mode
15:02:50.370 [http-nio-8080-exec-5] INFO  c.p.c.f.HeadersLoggingFilter - Header sec-fetch-mode=0:0:0:0:0:0:0:1, IP = sec-fetch-mode
15:02:50.370 [http-nio-8080-exec-4] INFO  c.p.c.f.HeadersLoggingFilter - Header sec-fetch-dest=0:0:0:0:0:0:0:1, IP = sec-fetch-dest
15:02:50.370 [http-nio-8080-exec-5] INFO  c.p.c.f.HeadersLoggingFilter - Header sec-fetch-dest=0:0:0:0:0:0:0:1, IP = sec-fetch-dest
15:02:50.370 [http-nio-8080-exec-4] INFO  c.p.c.f.HeadersLoggingFilter - Header referer=0:0:0:0:0:0:0:1, IP = referer
15:02:50.370 [http-nio-8080-exec-5] INFO  c.p.c.f.HeadersLoggingFilter - Header referer=0:0:0:0:0:0:0:1, IP = referer
15:02:50.370 [http-nio-8080-exec-5] INFO  c.p.c.f.HeadersLoggingFilter - Header accept-encoding=0:0:0:0:0:0:0:1, IP = accept-encoding
15:02:50.370 [http-nio-8080-exec-6] INFO  c.p.c.loggingfilter.LoggingFilter - Request: Method=GET, URI=/swagger-ui/swagger-initializer.js, Headers=host=localhost:8080; connection=keep-alive; sec-ch-ua-platform="Windows"; user-agent=Mozilla/5.0 (Windows NT 10.0; Win64; x64) AppleWebKit/537.36 (KHTML, like Gecko) Chrome/134.0.0.0 Safari/537.36; sec-ch-ua="Chromium";v="134", "Not:A-Brand";v="24", "Google Chrome";v="134"; sec-ch-ua-mobile=?0; accept=*/*; sec-fetch-site=same-origin; sec-fetch-mode=no-cors; sec-fetch-dest=script; referer=http://localhost:8080/swagger-ui/index.html; accept-encoding=gzip, deflate, br, zstd; accept-language=en-GB,en;q=0.9,tr-TR;q=0.8,tr;q=0.7,ar-JO;q=0.6,ar;q=0.5,de-DE;q=0.4,de;q=0.3,en-US;q=0.2; , Request ID: f73075c0-8428-4f17-a7c8-4687b36bfd59, Request IP  =0:0:0:0:0:0:0:1
15:02:50.370 [http-nio-8080-exec-4] INFO  c.p.c.f.HeadersLoggingFilter - Header accept-encoding=0:0:0:0:0:0:0:1, IP = accept-encoding
15:02:50.370 [http-nio-8080-exec-5] INFO  c.p.c.f.HeadersLoggingFilter - Header accept-language=0:0:0:0:0:0:0:1, IP = accept-language
15:02:50.370 [http-nio-8080-exec-4] INFO  c.p.c.f.HeadersLoggingFilter - Header accept-language=0:0:0:0:0:0:0:1, IP = accept-language
15:02:50.370 [http-nio-8080-exec-5] INFO  c.p.c.loggingfilter.LoggingFilter - Request: Method=GET, URI=/swagger-ui/swagger-ui-bundle.js, Headers=host=localhost:8080; connection=keep-alive; sec-ch-ua-platform="Windows"; user-agent=Mozilla/5.0 (Windows NT 10.0; Win64; x64) AppleWebKit/537.36 (KHTML, like Gecko) Chrome/134.0.0.0 Safari/537.36; sec-ch-ua="Chromium";v="134", "Not:A-Brand";v="24", "Google Chrome";v="134"; sec-ch-ua-mobile=?0; accept=*/*; sec-fetch-site=same-origin; sec-fetch-mode=no-cors; sec-fetch-dest=script; referer=http://localhost:8080/swagger-ui/index.html; accept-encoding=gzip, deflate, br, zstd; accept-language=en-GB,en;q=0.9,tr-TR;q=0.8,tr;q=0.7,ar-JO;q=0.6,ar;q=0.5,de-DE;q=0.4,de;q=0.3,en-US;q=0.2; , Request ID: 491afa26-ad04-4d9d-9214-508f8d417cc3, Request IP  =0:0:0:0:0:0:0:1
15:02:50.370 [http-nio-8080-exec-4] INFO  c.p.c.loggingfilter.LoggingFilter - Request: Method=GET, URI=/swagger-ui/swagger-ui-standalone-preset.js, Headers=host=localhost:8080; connection=keep-alive; sec-ch-ua-platform="Windows"; user-agent=Mozilla/5.0 (Windows NT 10.0; Win64; x64) AppleWebKit/537.36 (KHTML, like Gecko) Chrome/134.0.0.0 Safari/537.36; sec-ch-ua="Chromium";v="134", "Not:A-Brand";v="24", "Google Chrome";v="134"; sec-ch-ua-mobile=?0; accept=*/*; sec-fetch-site=same-origin; sec-fetch-mode=no-cors; sec-fetch-dest=script; referer=http://localhost:8080/swagger-ui/index.html; accept-encoding=gzip, deflate, br, zstd; accept-language=en-GB,en;q=0.9,tr-TR;q=0.8,tr;q=0.7,ar-JO;q=0.6,ar;q=0.5,de-DE;q=0.4,de;q=0.3,en-US;q=0.2; , Request ID: 44cfed0c-1b7c-4eb5-8347-e2fae1dbbfd5, Request IP  =0:0:0:0:0:0:0:1
15:02:50.384 [http-nio-8080-exec-3] INFO  c.p.c.loggingfilter.LoggingFilter - Response: Status=200, URI=/swagger-ui/index.css, Duration (Response Time)=18ms, Headers=[Vary, Vary, Vary, Last-Modified, Accept-Ranges, Content-Type, Content-Length, Date, Keep-Alive, Connection], Payload = org.apache.catalina.connector.ResponseFacade@35752122
15:02:50.388 [http-nio-8080-exec-2] INFO  c.p.c.loggingfilter.LoggingFilter - Response: Status=200, URI=/swagger-ui/swagger-ui.css, Duration (Response Time)=25ms, Headers=[Vary, Vary, Vary, Last-Modified, Accept-Ranges, Content-Type, Content-Length, Date, Keep-Alive, Connection], Payload = org.apache.catalina.connector.ResponseFacade@5be2a096
15:02:50.397 [http-nio-8080-exec-4] INFO  c.p.c.loggingfilter.LoggingFilter - Response: Status=200, URI=/swagger-ui/swagger-ui-standalone-preset.js, Duration (Response Time)=27ms, Headers=[Vary, Vary, Vary, Last-Modified, Accept-Ranges, Content-Type, Content-Length, Date, Keep-Alive, Connection], Payload = org.apache.catalina.connector.ResponseFacade@6ec0e5ad
15:02:50.401 [http-nio-8080-exec-6] INFO  c.p.c.loggingfilter.LoggingFilter - Response: Status=200, URI=/swagger-ui/swagger-initializer.js, Duration (Response Time)=31ms, Headers=[Vary, Vary, Vary, Last-Modified, Cache-Control, Accept-Ranges, Content-Type, Content-Length, Date, Keep-Alive, Connection], Payload = org.apache.catalina.connector.ResponseFacade@3b00ba99
15:02:50.419 [http-nio-8080-exec-5] INFO  c.p.c.loggingfilter.LoggingFilter - Response: Status=200, URI=/swagger-ui/swagger-ui-bundle.js, Duration (Response Time)=49ms, Headers=[Vary, Vary, Vary, Last-Modified, Accept-Ranges, Content-Type, Content-Length, Date, Keep-Alive, Connection], Payload = org.apache.catalina.connector.ResponseFacade@7149d567
15:02:50.700 [http-nio-8080-exec-7] INFO  c.p.c.f.HeadersLoggingFilter - Header host=0:0:0:0:0:0:0:1, IP = host
15:02:50.700 [http-nio-8080-exec-7] INFO  c.p.c.f.HeadersLoggingFilter - Header connection=0:0:0:0:0:0:0:1, IP = connection
15:02:50.700 [http-nio-8080-exec-7] INFO  c.p.c.f.HeadersLoggingFilter - Header sec-ch-ua-platform=0:0:0:0:0:0:0:1, IP = sec-ch-ua-platform
15:02:50.700 [http-nio-8080-exec-7] INFO  c.p.c.f.HeadersLoggingFilter - Header user-agent=0:0:0:0:0:0:0:1, IP = user-agent
15:02:50.700 [http-nio-8080-exec-7] INFO  c.p.c.f.HeadersLoggingFilter - Header sec-ch-ua=0:0:0:0:0:0:0:1, IP = sec-ch-ua
15:02:50.700 [http-nio-8080-exec-7] INFO  c.p.c.f.HeadersLoggingFilter - Header sec-ch-ua-mobile=0:0:0:0:0:0:0:1, IP = sec-ch-ua-mobile
15:02:50.700 [http-nio-8080-exec-7] INFO  c.p.c.f.HeadersLoggingFilter - Header accept=0:0:0:0:0:0:0:1, IP = accept
15:02:50.700 [http-nio-8080-exec-7] INFO  c.p.c.f.HeadersLoggingFilter - Header sec-fetch-site=0:0:0:0:0:0:0:1, IP = sec-fetch-site
15:02:50.700 [http-nio-8080-exec-7] INFO  c.p.c.f.HeadersLoggingFilter - Header sec-fetch-mode=0:0:0:0:0:0:0:1, IP = sec-fetch-mode
15:02:50.700 [http-nio-8080-exec-7] INFO  c.p.c.f.HeadersLoggingFilter - Header sec-fetch-dest=0:0:0:0:0:0:0:1, IP = sec-fetch-dest
15:02:50.700 [http-nio-8080-exec-7] INFO  c.p.c.f.HeadersLoggingFilter - Header referer=0:0:0:0:0:0:0:1, IP = referer
15:02:50.700 [http-nio-8080-exec-7] INFO  c.p.c.f.HeadersLoggingFilter - Header accept-encoding=0:0:0:0:0:0:0:1, IP = accept-encoding
15:02:50.700 [http-nio-8080-exec-7] INFO  c.p.c.f.HeadersLoggingFilter - Header accept-language=0:0:0:0:0:0:0:1, IP = accept-language
15:02:50.700 [http-nio-8080-exec-7] INFO  c.p.c.loggingfilter.LoggingFilter - Request: Method=GET, URI=/v3/api-docs/swagger-config, Headers=host=localhost:8080; connection=keep-alive; sec-ch-ua-platform="Windows"; user-agent=Mozilla/5.0 (Windows NT 10.0; Win64; x64) AppleWebKit/537.36 (KHTML, like Gecko) Chrome/134.0.0.0 Safari/537.36; sec-ch-ua="Chromium";v="134", "Not:A-Brand";v="24", "Google Chrome";v="134"; sec-ch-ua-mobile=?0; accept=*/*; sec-fetch-site=same-origin; sec-fetch-mode=cors; sec-fetch-dest=empty; referer=http://localhost:8080/swagger-ui/index.html; accept-encoding=gzip, deflate, br, zstd; accept-language=en-GB,en;q=0.9,tr-TR;q=0.8,tr;q=0.7,ar-JO;q=0.6,ar;q=0.5,de-DE;q=0.4,de;q=0.3,en-US;q=0.2; , Request ID: 46505bad-f2f1-4c37-acf6-8a5cfffd6dd3, Request IP  =0:0:0:0:0:0:0:1
15:02:50.702 [http-nio-8080-exec-9] INFO  c.p.c.f.HeadersLoggingFilter - Header host=0:0:0:0:0:0:0:1, IP = host
15:02:50.702 [http-nio-8080-exec-9] INFO  c.p.c.f.HeadersLoggingFilter - Header connection=0:0:0:0:0:0:0:1, IP = connection
15:02:50.702 [http-nio-8080-exec-9] INFO  c.p.c.f.HeadersLoggingFilter - Header sec-ch-ua-platform=0:0:0:0:0:0:0:1, IP = sec-ch-ua-platform
15:02:50.702 [http-nio-8080-exec-9] INFO  c.p.c.f.HeadersLoggingFilter - Header user-agent=0:0:0:0:0:0:0:1, IP = user-agent
15:02:50.702 [http-nio-8080-exec-9] INFO  c.p.c.f.HeadersLoggingFilter - Header sec-ch-ua=0:0:0:0:0:0:0:1, IP = sec-ch-ua
15:02:50.703 [http-nio-8080-exec-9] INFO  c.p.c.f.HeadersLoggingFilter - Header sec-ch-ua-mobile=0:0:0:0:0:0:0:1, IP = sec-ch-ua-mobile
15:02:50.703 [http-nio-8080-exec-9] INFO  c.p.c.f.HeadersLoggingFilter - Header accept=0:0:0:0:0:0:0:1, IP = accept
15:02:50.703 [http-nio-8080-exec-9] INFO  c.p.c.f.HeadersLoggingFilter - Header sec-fetch-site=0:0:0:0:0:0:0:1, IP = sec-fetch-site
15:02:50.703 [http-nio-8080-exec-9] INFO  c.p.c.f.HeadersLoggingFilter - Header sec-fetch-mode=0:0:0:0:0:0:0:1, IP = sec-fetch-mode
15:02:50.703 [http-nio-8080-exec-9] INFO  c.p.c.f.HeadersLoggingFilter - Header sec-fetch-dest=0:0:0:0:0:0:0:1, IP = sec-fetch-dest
15:02:50.703 [http-nio-8080-exec-9] INFO  c.p.c.f.HeadersLoggingFilter - Header referer=0:0:0:0:0:0:0:1, IP = referer
15:02:50.703 [http-nio-8080-exec-9] INFO  c.p.c.f.HeadersLoggingFilter - Header accept-encoding=0:0:0:0:0:0:0:1, IP = accept-encoding
15:02:50.703 [http-nio-8080-exec-9] INFO  c.p.c.f.HeadersLoggingFilter - Header accept-language=0:0:0:0:0:0:0:1, IP = accept-language
15:02:50.703 [http-nio-8080-exec-9] INFO  c.p.c.loggingfilter.LoggingFilter - Request: Method=GET, URI=/swagger-ui/favicon-32x32.png, Headers=host=localhost:8080; connection=keep-alive; sec-ch-ua-platform="Windows"; user-agent=Mozilla/5.0 (Windows NT 10.0; Win64; x64) AppleWebKit/537.36 (KHTML, like Gecko) Chrome/134.0.0.0 Safari/537.36; sec-ch-ua="Chromium";v="134", "Not:A-Brand";v="24", "Google Chrome";v="134"; sec-ch-ua-mobile=?0; accept=image/avif,image/webp,image/apng,image/svg+xml,image/*,*/*;q=0.8; sec-fetch-site=same-origin; sec-fetch-mode=no-cors; sec-fetch-dest=image; referer=http://localhost:8080/swagger-ui/index.html; accept-encoding=gzip, deflate, br, zstd; accept-language=en-GB,en;q=0.9,tr-TR;q=0.8,tr;q=0.7,ar-JO;q=0.6,ar;q=0.5,de-DE;q=0.4,de;q=0.3,en-US;q=0.2; , Request ID: be826713-12ce-4408-8009-7d519f0e60e3, Request IP  =0:0:0:0:0:0:0:1
15:02:50.706 [http-nio-8080-exec-9] INFO  c.p.c.loggingfilter.LoggingFilter - Response: Status=200, URI=/swagger-ui/favicon-32x32.png, Duration (Response Time)=3ms, Headers=[Vary, Vary, Vary, Last-Modified, Accept-Ranges, Content-Type, Content-Length, Date, Keep-Alive, Connection], Payload = org.apache.catalina.connector.ResponseFacade@1b6376e9
15:02:50.723 [http-nio-8080-exec-7] INFO  c.p.c.loggingfilter.LoggingFilter - Response: Status=200, URI=/v3/api-docs/swagger-config, Duration (Response Time)=20ms, Headers=[Content-Type, Transfer-Encoding, Date, Keep-Alive, Connection], Payload = org.apache.catalina.connector.ResponseFacade@2c19d963
15:02:50.739 [http-nio-8080-exec-10] INFO  c.p.c.f.HeadersLoggingFilter - Header host=0:0:0:0:0:0:0:1, IP = host
15:02:50.739 [http-nio-8080-exec-10] INFO  c.p.c.f.HeadersLoggingFilter - Header connection=0:0:0:0:0:0:0:1, IP = connection
15:02:50.739 [http-nio-8080-exec-10] INFO  c.p.c.f.HeadersLoggingFilter - Header sec-ch-ua-platform=0:0:0:0:0:0:0:1, IP = sec-ch-ua-platform
15:02:50.739 [http-nio-8080-exec-10] INFO  c.p.c.f.HeadersLoggingFilter - Header user-agent=0:0:0:0:0:0:0:1, IP = user-agent
15:02:50.739 [http-nio-8080-exec-10] INFO  c.p.c.f.HeadersLoggingFilter - Header accept=0:0:0:0:0:0:0:1, IP = accept
15:02:50.739 [http-nio-8080-exec-10] INFO  c.p.c.f.HeadersLoggingFilter - Header sec-ch-ua=0:0:0:0:0:0:0:1, IP = sec-ch-ua
15:02:50.739 [http-nio-8080-exec-10] INFO  c.p.c.f.HeadersLoggingFilter - Header sec-ch-ua-mobile=0:0:0:0:0:0:0:1, IP = sec-ch-ua-mobile
15:02:50.739 [http-nio-8080-exec-10] INFO  c.p.c.f.HeadersLoggingFilter - Header sec-fetch-site=0:0:0:0:0:0:0:1, IP = sec-fetch-site
15:02:50.739 [http-nio-8080-exec-10] INFO  c.p.c.f.HeadersLoggingFilter - Header sec-fetch-mode=0:0:0:0:0:0:0:1, IP = sec-fetch-mode
15:02:50.739 [http-nio-8080-exec-10] INFO  c.p.c.f.HeadersLoggingFilter - Header sec-fetch-dest=0:0:0:0:0:0:0:1, IP = sec-fetch-dest
15:02:50.739 [http-nio-8080-exec-10] INFO  c.p.c.f.HeadersLoggingFilter - Header referer=0:0:0:0:0:0:0:1, IP = referer
15:02:50.739 [http-nio-8080-exec-10] INFO  c.p.c.f.HeadersLoggingFilter - Header accept-encoding=0:0:0:0:0:0:0:1, IP = accept-encoding
15:02:50.739 [http-nio-8080-exec-10] INFO  c.p.c.f.HeadersLoggingFilter - Header accept-language=0:0:0:0:0:0:0:1, IP = accept-language
15:02:50.740 [http-nio-8080-exec-10] INFO  c.p.c.loggingfilter.LoggingFilter - Request: Method=GET, URI=/v3/api-docs, Headers=host=localhost:8080; connection=keep-alive; sec-ch-ua-platform="Windows"; user-agent=Mozilla/5.0 (Windows NT 10.0; Win64; x64) AppleWebKit/537.36 (KHTML, like Gecko) Chrome/134.0.0.0 Safari/537.36; accept=application/json,*/*; sec-ch-ua="Chromium";v="134", "Not:A-Brand";v="24", "Google Chrome";v="134"; sec-ch-ua-mobile=?0; sec-fetch-site=same-origin; sec-fetch-mode=cors; sec-fetch-dest=empty; referer=http://localhost:8080/swagger-ui/index.html; accept-encoding=gzip, deflate, br, zstd; accept-language=en-GB,en;q=0.9,tr-TR;q=0.8,tr;q=0.7,ar-JO;q=0.6,ar;q=0.5,de-DE;q=0.4,de;q=0.3,en-US;q=0.2; , Request ID: 17fb1652-5d24-4f89-b54a-860dc8ed3fbe, Request IP  =0:0:0:0:0:0:0:1
15:02:51.123 [http-nio-8080-exec-10] INFO  o.s.api.AbstractOpenApiResource - Init duration for springdoc-openapi is: 367 ms
15:02:51.140 [http-nio-8080-exec-10] INFO  c.p.c.loggingfilter.LoggingFilter - Response: Status=200, URI=/v3/api-docs, Duration (Response Time)=400ms, Headers=[Content-Type, Content-Length, Date, Keep-Alive, Connection], Payload = org.apache.catalina.connector.ResponseFacade@6c79de33
